Copyright 1986-2022 Xilinx, Inc. All Rights Reserved. Copyright 2022-2024 Advanced Micro Devices, Inc. All Rights Reserved.
---------------------------------------------------------------------------------------------------------------------------------------------
| Tool Version : Vivado v.2024.1 (lin64) Build 5076996 Wed May 22 18:36:09 MDT 2024
| Date         : Wed Jul 29 15:31:10 2026
| Host         : minkey-pc running 64-bit Ubuntu 26.04 LTS
| Command      : report_utilization -file webserver_cpu_top_utilization_synth.rpt -pb webserver_cpu_top_utilization_synth.pb
| Design       : webserver_cpu_top
| Device       : xc7a35tfgg484-2
| Speed File   : -2
| Design State : Synthesized
---------------------------------------------------------------------------------------------------------------------------------------------

Utilization Design Information

Table of Contents
-----------------
1. Slice Logic
1.1 Summary of Registers by Type
2. Memory
3. DSP
4. IO and GT Specific
5. Clocking
6. Specific Feature
7. Primitives
8. Black Boxes
9. Instantiated Netlists

1. Slice Logic
--------------

+----------------------------+------+-------+------------+-----------+-------+
|          Site Type         | Used | Fixed | Prohibited | Available | Util% |
+----------------------------+------+-------+------------+-----------+-------+
| Slice LUTs*                | 3757 |     0 |          0 |     20800 | 18.06 |
|   LUT as Logic             | 3733 |     0 |          0 |     20800 | 17.95 |
|   LUT as Memory            |   24 |     0 |          0 |      9600 |  0.25 |
|     LUT as Distributed RAM |   16 |     0 |            |           |       |
|     LUT as Shift Register  |    8 |     0 |            |           |       |
| Slice Registers            | 5326 |     0 |          0 |     41600 | 12.80 |
|   Register as Flip Flop    | 5326 |     0 |          0 |     41600 | 12.80 |
|   Register as Latch        |    0 |     0 |          0 |     41600 |  0.00 |
| F7 Muxes                   |  314 |     0 |          0 |     16300 |  1.93 |
| F8 Muxes                   |   48 |     0 |          0 |      8150 |  0.59 |
+----------------------------+------+-------+------------+-----------+-------+
* Warning! The Final LUT count, after physical optimizations and full implementation, is typically lower. Run opt_design after synthesis, if not already completed, for a more realistic count.
Warning! LUT value is adjusted to account for LUT combining.
Warning! For any ECO changes, please run place_design if there are unplaced instances


1.1 Summary of Registers by Type
--------------------------------

+-------+--------------+-------------+--------------+
| Total | Clock Enable | Synchronous | Asynchronous |
+-------+--------------+-------------+--------------+
| 0     |            _ |           - |            - |
| 0     |            _ |           - |          Set |
| 0     |            _ |           - |        Reset |
| 0     |            _ |         Set |            - |
| 0     |            _ |       Reset |            - |
| 0     |          Yes |           - |            - |
| 21    |          Yes |           - |          Set |
| 2436  |          Yes |           - |        Reset |
| 30    |          Yes |         Set |            - |
| 2839  |          Yes |       Reset |            - |
+-------+--------------+-------------+--------------+


2. Memory
---------

+-------------------+------+-------+------------+-----------+-------+
|     Site Type     | Used | Fixed | Prohibited | Available | Util% |
+-------------------+------+-------+------------+-----------+-------+
| Block RAM Tile    | 10.5 |     0 |          0 |        50 | 21.00 |
|   RAMB36/FIFO*    |   10 |     0 |          0 |        50 | 20.00 |
|     RAMB36E1 only |   10 |       |            |           |       |
|   RAMB18          |    1 |     0 |          0 |       100 |  1.00 |
|     RAMB18E1 only |    1 |       |            |           |       |
+-------------------+------+-------+------------+-----------+-------+
* Note: Each Block RAM Tile only has one FIFO logic available and therefore can accommodate only one FIFO36E1 or one FIFO18E1. However, if a FIFO18E1 occupies a Block RAM Tile, that tile can still accommodate a RAMB18E1


3. DSP
------

+-----------+------+-------+------------+-----------+-------+
| Site Type | Used | Fixed | Prohibited | Available | Util% |
+-----------+------+-------+------------+-----------+-------+
| DSPs      |    0 |     0 |          0 |        90 |  0.00 |
+-----------+------+-------+------------+-----------+-------+


4. IO and GT Specific
---------------------

+-----------------------------+------+-------+------------+-----------+-------+
|          Site Type          | Used | Fixed | Prohibited | Available | Util% |
+-----------------------------+------+-------+------------+-----------+-------+
| Bonded IOB                  |   23 |     0 |          0 |       250 |  9.20 |
| Bonded IPADs                |    0 |     0 |          0 |        14 |  0.00 |
| Bonded OPADs                |    0 |     0 |          0 |         8 |  0.00 |
| PHY_CONTROL                 |    0 |     0 |          0 |         5 |  0.00 |
| PHASER_REF                  |    0 |     0 |          0 |         5 |  0.00 |
| OUT_FIFO                    |    0 |     0 |          0 |        20 |  0.00 |
| IN_FIFO                     |    0 |     0 |          0 |        20 |  0.00 |
| IDELAYCTRL                  |    1 |     0 |          0 |         5 | 20.00 |
| IBUFDS                      |    0 |     0 |          0 |       240 |  0.00 |
| GTPE2_CHANNEL               |    0 |     0 |          0 |         4 |  0.00 |
| PHASER_OUT/PHASER_OUT_PHY   |    0 |     0 |          0 |        20 |  0.00 |
| PHASER_IN/PHASER_IN_PHY     |    0 |     0 |          0 |        20 |  0.00 |
| IDELAYE2/IDELAYE2_FINEDELAY |    5 |     0 |          0 |       250 |  2.00 |
|   IDELAYE2 only             |    5 |     0 |            |           |       |
| IBUFDS_GTE2                 |    0 |     0 |          0 |         2 |  0.00 |
| ILOGIC                      |    5 |     0 |          0 |       250 |  2.00 |
|   IDDR                      |    5 |       |            |           |       |
| OLOGIC                      |    6 |     0 |          0 |       250 |  2.40 |
|   ODDR                      |    6 |       |            |           |       |
+-----------------------------+------+-------+------------+-----------+-------+


5. Clocking
-----------

+------------+------+-------+------------+-----------+-------+
|  Site Type | Used | Fixed | Prohibited | Available | Util% |
+------------+------+-------+------------+-----------+-------+
| BUFGCTRL   |    8 |     0 |          0 |        32 | 25.00 |
| BUFIO      |    0 |     0 |          0 |        20 |  0.00 |
| MMCME2_ADV |    1 |     0 |          0 |         5 | 20.00 |
| PLLE2_ADV  |    0 |     0 |          0 |         5 |  0.00 |
| BUFMRCE    |    0 |     0 |          0 |        10 |  0.00 |
| BUFHCE     |    0 |     0 |          0 |        72 |  0.00 |
| BUFR       |    0 |     0 |          0 |        20 |  0.00 |
+------------+------+-------+------------+-----------+-------+


6. Specific Feature
-------------------

+-------------+------+-------+------------+-----------+-------+
|  Site Type  | Used | Fixed | Prohibited | Available | Util% |
+-------------+------+-------+------------+-----------+-------+
| BSCANE2     |    0 |     0 |          0 |         4 |  0.00 |
| CAPTUREE2   |    0 |     0 |          0 |         1 |  0.00 |
| DNA_PORT    |    0 |     0 |          0 |         1 |  0.00 |
| EFUSE_USR   |    0 |     0 |          0 |         1 |  0.00 |
| FRAME_ECCE2 |    0 |     0 |          0 |         1 |  0.00 |
| ICAPE2      |    0 |     0 |          0 |         2 |  0.00 |
| PCIE_2_1    |    0 |     0 |          0 |         1 |  0.00 |
| STARTUPE2   |    0 |     0 |          0 |         1 |  0.00 |
| XADC        |    0 |     0 |          0 |         1 |  0.00 |
+-------------+------+-------+------------+-----------+-------+


7. Primitives
-------------

+------------+------+---------------------+
|  Ref Name  | Used | Functional Category |
+------------+------+---------------------+
| FDRE       | 2839 |        Flop & Latch |
| FDCE       | 2436 |        Flop & Latch |
| LUT6       | 2037 |                 LUT |
| LUT5       |  593 |                 LUT |
| LUT4       |  580 |                 LUT |
| LUT2       |  498 |                 LUT |
| LUT3       |  374 |                 LUT |
| MUXF7      |  314 |               MuxFx |
| CARRY4     |  203 |          CarryLogic |
| LUT1       |  104 |                 LUT |
| MUXF8      |   48 |               MuxFx |
| FDSE       |   30 |        Flop & Latch |
| RAMD32     |   24 |  Distributed Memory |
| FDPE       |   21 |        Flop & Latch |
| OBUF       |   13 |                  IO |
| RAMB36E1   |   10 |        Block Memory |
| IBUF       |   10 |                  IO |
| SRL16E     |    8 |  Distributed Memory |
| RAMS32     |    8 |  Distributed Memory |
| BUFG       |    8 |               Clock |
| ODDR       |    6 |                  IO |
| IDELAYE2   |    5 |                  IO |
| IDDR       |    5 |                  IO |
| RAMB18E1   |    1 |        Block Memory |
| OBUFT      |    1 |                  IO |
| MMCME2_ADV |    1 |               Clock |
| IDELAYCTRL |    1 |                  IO |
+------------+------+---------------------+


8. Black Boxes
--------------

+----------+------+
| Ref Name | Used |
+----------+------+


9. Instantiated Netlists
------------------------

+----------+------+
| Ref Name | Used |
+----------+------+


