Copyright 1986-2022 Xilinx, Inc. All Rights Reserved. Copyright 2022-2024 Advanced Micro Devices, Inc. All Rights Reserved.
---------------------------------------------------------------------------------------------------------------------------------------------
| Tool Version : Vivado v.2024.1 (lin64) Build 5076996 Wed May 22 18:36:09 MDT 2024
| Date         : Tue Jul 28 09:12:54 2026
| Host         : haitaoz-pc running 64-bit Ubuntu 26.04 LTS
| Command      : report_timing_summary -file /home/haitaoz/work/FPGA_Prj/RiscV_WebSoC/build_xilinx/timing_summary.rpt
| Design       : webserver_cpu_top
| Device       : 7a35t-fgg484
| Speed File   : -2  PRODUCTION 1.23 2018-06-13
| Design State : Routed
---------------------------------------------------------------------------------------------------------------------------------------------

Timing Summary Report

------------------------------------------------------------------------------------------------
| Timer Settings
| --------------
------------------------------------------------------------------------------------------------

  Enable Multi Corner Analysis               :  Yes
  Enable Pessimism Removal                   :  Yes
  Pessimism Removal Resolution               :  Nearest Common Node
  Enable Input Delay Default Clock           :  No
  Enable Preset / Clear Arcs                 :  No
  Disable Flight Delays                      :  No
  Ignore I/O Paths                           :  No
  Timing Early Launch at Borrowing Latches   :  No
  Borrow Time for Max Delay Exceptions       :  Yes
  Merge Timing Exceptions                    :  Yes
  Inter-SLR Compensation                     :  Conservative

  Corner  Analyze    Analyze    
  Name    Max Paths  Min Paths  
  ------  ---------  ---------  
  Slow    Yes        Yes        
  Fast    Yes        Yes        


------------------------------------------------------------------------------------------------
| Report Methodology
| ------------------
------------------------------------------------------------------------------------------------

Rule       Severity          Description                                                                                            Violations  
---------  ----------------  -----------------------------------------------------------------------------------------------------  ----------  
TIMING-17  Critical Warning  Non-clocked sequential cell                                                                            204         
LUTAR-1    Warning           LUT drives async reset alert                                                                           1           
TIMING-9   Warning           Unknown CDC Logic                                                                                      1           
TIMING-10  Warning           Missing property on synchronizer                                                                       1           
TIMING-18  Warning           Missing input or output delay                                                                          10          
TIMING-28  Warning           Auto-derived clock referenced by a timing constraint                                                   10          
TIMING-47  Warning           False path, asynchronous clock group or max delay datapath only constraint between synchronous clocks  3           

Note: This report is based on the most recent report_methodology run and may not be up-to-date. Run report_methodology on the current design for the latest report.



check_timing report

Table of Contents
-----------------
1. checking no_clock (204)
2. checking constant_clock (0)
3. checking pulse_width_clock (0)
4. checking unconstrained_internal_endpoints (452)
5. checking no_input_delay (7)
6. checking no_output_delay (12)
7. checking multiple_clock (0)
8. checking generated_clocks (0)
9. checking loops (0)
10. checking partial_input_delay (0)
11. checking partial_output_delay (0)
12. checking latch_loops (0)

1. checking no_clock (204)
--------------------------
 There are 170 register/latch pins with no clock driven by root clock pin: u_riscv/lcpu_real.u_cpu/gen_uart.u_uart_lcpu_top/u_uart/u_clock_frequency_divider_rx/clk_out_reg/Q (HIGH)

 There are 34 register/latch pins with no clock driven by root clock pin: u_riscv/lcpu_real.u_cpu/gen_uart.u_uart_lcpu_top/u_uart/u_clock_frequency_divider_tx/clk_out_reg/Q (HIGH)


2. checking constant_clock (0)
------------------------------
 There are 0 register/latch pins with constant_clock.


3. checking pulse_width_clock (0)
---------------------------------
 There are 0 register/latch pins which need pulse_width check


4. checking unconstrained_internal_endpoints (452)
--------------------------------------------------
 There are 452 pins that are not constrained for maximum delay. (HIGH)

 There are 0 pins that are not constrained for maximum delay due to constant clock.


5. checking no_input_delay (7)
------------------------------
 There are 7 input ports with no input delay specified. (HIGH)

 There are 0 input ports with no input delay but user has a false path constraint.


6. checking no_output_delay (12)
--------------------------------
 There are 12 ports with no output delay specified. (HIGH)

 There are 0 ports with no output delay but user has a false path constraint

 There are 0 ports with no output delay but with a timing clock defined on it or propagating through it


7. checking multiple_clock (0)
------------------------------
 There are 0 register/latch pins with multiple clocks.


8. checking generated_clocks (0)
--------------------------------
 There are 0 generated clocks that are not connected to a clock source.


9. checking loops (0)
---------------------
 There are 0 combinational loops in the design.


10. checking partial_input_delay (0)
------------------------------------
 There are 0 input ports with partial input delay specified.


11. checking partial_output_delay (0)
-------------------------------------
 There are 0 ports with partial output delay specified.


12. checking latch_loops (0)
----------------------------
 There are 0 combinational latch loops in the design through latch input



------------------------------------------------------------------------------------------------
| Design Timing Summary
| ---------------------
------------------------------------------------------------------------------------------------

    WNS(ns)      TNS(ns)  TNS Failing Endpoints  TNS Total Endpoints      WHS(ns)      THS(ns)  THS Failing Endpoints  THS Total Endpoints     WPWS(ns)     TPWS(ns)  TPWS Failing Endpoints  TPWS Total Endpoints  
    -------      -------  ---------------------  -------------------      -------      -------  ---------------------  -------------------     --------     --------  ----------------------  --------------------  
      1.479        0.000                      0                10175        0.036        0.000                      0                10175        0.264        0.000                       0                  5042  


All user specified timing constraints are met.


------------------------------------------------------------------------------------------------
| Clock Summary
| -------------
------------------------------------------------------------------------------------------------

Clock                Waveform(ns)         Period(ns)      Frequency(MHz)
-----                ------------         ----------      --------------
clk_50m_in           {0.000 10.000}       20.000          50.000          
  clk_125m_tx_unbuf  {2.000 6.000}        8.000           125.000         
  clk_125m_unbuf     {0.000 4.000}        8.000           125.000         
  clk_200m_unbuf     {0.000 2.500}        5.000           200.000         
  clk_50m_cpu_unbuf  {0.000 10.000}       20.000          50.000          
  clk_fb             {0.000 10.000}       20.000          50.000          
rgmii_rxc            {0.000 4.000}        8.000           125.000         


------------------------------------------------------------------------------------------------
| Intra Clock Table
| -----------------
------------------------------------------------------------------------------------------------

Clock                    WNS(ns)      TNS(ns)  TNS Failing Endpoints  TNS Total Endpoints      WHS(ns)      THS(ns)  THS Failing Endpoints  THS Total Endpoints     WPWS(ns)     TPWS(ns)  TPWS Failing Endpoints  TPWS Total Endpoints  
-----                    -------      -------  ---------------------  -------------------      -------      -------  ---------------------  -------------------     --------     --------  ----------------------  --------------------  
clk_50m_in                                                                                                                                                             7.000        0.000                       0                     1  
  clk_125m_tx_unbuf                                                                                                                                                    6.408        0.000                       0                     8  
  clk_125m_unbuf           3.671        0.000                      0                 1515        0.036        0.000                      0                 1515        2.870        0.000                       0                   874  
  clk_200m_unbuf                                                                                                                                                       0.264        0.000                       0                     3  
  clk_50m_cpu_unbuf       10.308        0.000                      0                 8342        0.050        0.000                      0                 8342        9.500        0.000                       0                  3989  
  clk_fb                                                                                                                                                              18.751        0.000                       0                     2  
rgmii_rxc                                                                                                                                                              3.500        0.000                       0                   165  


------------------------------------------------------------------------------------------------
| Inter Clock Table
| -----------------
------------------------------------------------------------------------------------------------

From Clock         To Clock               WNS(ns)      TNS(ns)  TNS Failing Endpoints  TNS Total Endpoints      WHS(ns)      THS(ns)  THS Failing Endpoints  THS Total Endpoints  
----------         --------               -------      -------  ---------------------  -------------------      -------      -------  ---------------------  -------------------  
clk_50m_cpu_unbuf  clk_125m_unbuf           1.479        0.000                      0                   32        0.104        0.000                      0                   32  
clk_125m_unbuf     clk_50m_cpu_unbuf        1.562        0.000                      0                   32        0.107        0.000                      0                   32  


------------------------------------------------------------------------------------------------
| Other Path Groups Table
| -----------------------
------------------------------------------------------------------------------------------------

Path Group         From Clock         To Clock               WNS(ns)      TNS(ns)  TNS Failing Endpoints  TNS Total Endpoints      WHS(ns)      THS(ns)  THS Failing Endpoints  THS Total Endpoints  
----------         ----------         --------               -------      -------  ---------------------  -------------------      -------      -------  ---------------------  -------------------  
**async_default**  clk_50m_cpu_unbuf  clk_50m_cpu_unbuf       13.613        0.000                      0                  304        1.118        0.000                      0                  304  


------------------------------------------------------------------------------------------------
| Timing Details
| --------------
------------------------------------------------------------------------------------------------


---------------------------------------------------------------------------------------------------
From Clock:  clk_50m_in
  To Clock:  clk_50m_in

Setup :           NA  Failing Endpoints,  Worst Slack           NA  ,  Total Violation           NA
Hold  :           NA  Failing Endpoints,  Worst Slack           NA  ,  Total Violation           NA
PW    :            0  Failing Endpoints,  Worst Slack        7.000ns,  Total Violation        0.000ns
---------------------------------------------------------------------------------------------------


Pulse Width Checks
--------------------------------------------------------------------------------------
Clock Name:         clk_50m_in
Waveform(ns):       { 0.000 10.000 }
Period(ns):         20.000
Sources:            { clk_50m_in }

Check Type        Corner  Lib Pin            Reference Pin  Required(ns)  Actual(ns)  Slack(ns)  Location         Pin
Min Period        n/a     MMCME2_ADV/CLKIN1  n/a            1.249         20.000      18.751     MMCME2_ADV_X0Y0  clk_real.u_pll/u_mmcm/CLKIN1
Max Period        n/a     MMCME2_ADV/CLKIN1  n/a            100.000       20.000      80.000     MMCME2_ADV_X0Y0  clk_real.u_pll/u_mmcm/CLKIN1
Low Pulse Width   Slow    MMCME2_ADV/CLKIN1  n/a            3.000         10.000      7.000      MMCME2_ADV_X0Y0  clk_real.u_pll/u_mmcm/CLKIN1
High Pulse Width  Slow    MMCME2_ADV/CLKIN1  n/a            3.000         10.000      7.000      MMCME2_ADV_X0Y0  clk_real.u_pll/u_mmcm/CLKIN1



---------------------------------------------------------------------------------------------------
From Clock:  clk_125m_tx_unbuf
  To Clock:  clk_125m_tx_unbuf

Setup :           NA  Failing Endpoints,  Worst Slack           NA  ,  Total Violation           NA
Hold  :           NA  Failing Endpoints,  Worst Slack           NA  ,  Total Violation           NA
PW    :            0  Failing Endpoints,  Worst Slack        6.408ns,  Total Violation        0.000ns
---------------------------------------------------------------------------------------------------


Pulse Width Checks
--------------------------------------------------------------------------------------
Clock Name:         clk_125m_tx_unbuf
Waveform(ns):       { 2.000 6.000 }
Period(ns):         8.000
Sources:            { clk_real.u_pll/u_mmcm/CLKOUT2 }

Check Type  Corner  Lib Pin             Reference Pin  Required(ns)  Actual(ns)  Slack(ns)  Location         Pin
Min Period  n/a     BUFG/I              n/a            1.592         8.000       6.408      BUFGCTRL_X0Y1    clk_real.u_pll/u_bufg_125_tx/I
Max Period  n/a     MMCME2_ADV/CLKOUT2  n/a            213.360       8.000       205.360    MMCME2_ADV_X0Y0  clk_real.u_pll/u_mmcm/CLKOUT2



---------------------------------------------------------------------------------------------------
From Clock:  clk_125m_unbuf
  To Clock:  clk_125m_unbuf

Setup :            0  Failing Endpoints,  Worst Slack        3.671ns,  Total Violation        0.000ns
Hold  :            0  Failing Endpoints,  Worst Slack        0.036ns,  Total Violation        0.000ns
PW    :            0  Failing Endpoints,  Worst Slack        2.870ns,  Total Violation        0.000ns
---------------------------------------------------------------------------------------------------


Max Delay Paths
--------------------------------------------------------------------------------------
Slack (MET) :             3.671ns  (required time - arrival time)
  Source:                 u_cpu_channel/u_package_fifo_cpu_rd/none_blk_mode.nb_rptr_cdc.u_para_fifo_wclk/read_addr_reg[1]/C
                            (rising edge-triggered cell FDRE clocked by clk_125m_unbuf  {rise@0.000ns fall@4.000ns period=8.000ns})
  Destination:            u_cpu_channel/u_package_fifo_cpu_rd/none_blk_mode.nb_rptr_cdc.nb_rptr_wclk_latch_reg[9]/D
                            (rising edge-triggered cell FDCE clocked by clk_125m_unbuf  {rise@0.000ns fall@4.000ns period=8.000ns})
  Path Group:             clk_125m_unbuf
  Path Type:              Setup (Max at Slow Process Corner)
  Requirement:            8.000ns  (clk_125m_unbuf rise@8.000ns - clk_125m_unbuf rise@0.000ns)
  Data Path Delay:        4.277ns  (logic 1.311ns (30.650%)  route 2.966ns (69.350%))
  Logic Levels:           4  (CARRY4=2 LUT5=1 LUT6=1)
  Clock Path Skew:        -0.029ns (DCD - SCD + CPR)
    Destination Clock Delay (DCD):    5.125ns = ( 13.125 - 8.000 ) 
    Source Clock Delay      (SCD):    5.439ns
    Clock Pessimism Removal (CPR):    0.285ns
  Clock Uncertainty:      0.082ns  ((TSJ^2 + DJ^2)^1/2) / 2 + PE
    Total System Jitter     (TSJ):    0.071ns
    Discrete Jitter          (DJ):    0.148ns
    Phase Error              (PE):    0.000ns

    Location             Delay type                Incr(ns)  Path(ns)    Netlist Resource(s)
  -------------------------------------------------------------------    -------------------
                         (clock clk_125m_unbuf rise edge)
                                                      0.000     0.000 r  
    W19                                               0.000     0.000 r  clk_50m_in (IN)
                         net (fo=0)                   0.000     0.000    clk_50m_in
    W19                  IBUF (Prop_ibuf_I_O)         1.423     1.423 r  clk_50m_in_IBUF_inst/O
                         net (fo=1, routed)           1.065     2.489    clk_real.u_pll/clk_50m_in_IBUF
    MMCME2_ADV_X0Y0      MMCME2_ADV (Prop_mmcme2_adv_CLKIN1_CLKOUT0)
                                                      0.077     2.566 r  clk_real.u_pll/u_mmcm/CLKOUT0
                         net (fo=1, routed)           1.425     3.990    clk_real.u_pll/clk_125m_unbuf
    BUFGCTRL_X0Y4        BUFG (Prop_bufg_I_O)         0.081     4.071 r  clk_real.u_pll/u_bufg_125/O
                         net (fo=872, routed)         1.368     5.439    u_cpu_channel/u_package_fifo_cpu_rd/none_blk_mode.nb_rptr_cdc.u_para_fifo_wclk/clk_125m
    SLICE_X33Y44         FDRE                                         r  u_cpu_channel/u_package_fifo_cpu_rd/none_blk_mode.nb_rptr_cdc.u_para_fifo_wclk/read_addr_reg[1]/C
  -------------------------------------------------------------------    -------------------
    SLICE_X33Y44         FDRE (Prop_fdre_C_Q)         0.379     5.818 r  u_cpu_channel/u_package_fifo_cpu_rd/none_blk_mode.nb_rptr_cdc.u_para_fifo_wclk/read_addr_reg[1]/Q
                         net (fo=48, routed)          2.003     7.821    u_cpu_channel/u_package_fifo_cpu_rd/none_blk_mode.nb_rptr_cdc.u_para_fifo_wclk/read_addr[1]
    SLICE_X36Y36         LUT6 (Prop_lut6_I2_O)        0.105     7.926 r  u_cpu_channel/u_package_fifo_cpu_rd/none_blk_mode.nb_rptr_cdc.u_para_fifo_wclk/none_blk_mode.nb_rptr_cdc.nb_rptr_wclk_latch0_carry__0_i_13/O
                         net (fo=2, routed)           0.963     8.889    u_cpu_channel/u_package_fifo_cpu_rd/none_blk_mode.nb_rptr_cdc.u_para_fifo_wclk/none_blk_mode.nb_rptr_cdc.nb_rptr_wclk_latch0_carry__0_i_13_n_0
    SLICE_X31Y39         LUT5 (Prop_lut5_I0_O)        0.105     8.994 r  u_cpu_channel/u_package_fifo_cpu_rd/none_blk_mode.nb_rptr_cdc.u_para_fifo_wclk/none_blk_mode.nb_rptr_cdc.nb_rptr_wclk_latch0_carry__0_i_7/O
                         net (fo=1, routed)           0.000     8.994    u_cpu_channel/u_package_fifo_cpu_rd/none_blk_mode.nb_rptr_cdc.u_para_fifo_wclk_n_6
    SLICE_X31Y39         CARRY4 (Prop_carry4_S[1]_CO[3])
                                                      0.457     9.451 r  u_cpu_channel/u_package_fifo_cpu_rd/none_blk_mode.nb_rptr_cdc.nb_rptr_wclk_latch0_carry__0/CO[3]
                         net (fo=1, routed)           0.000     9.451    u_cpu_channel/u_package_fifo_cpu_rd/none_blk_mode.nb_rptr_cdc.nb_rptr_wclk_latch0_carry__0_n_0
    SLICE_X31Y40         CARRY4 (Prop_carry4_CI_O[1])
                                                      0.265     9.716 r  u_cpu_channel/u_package_fifo_cpu_rd/none_blk_mode.nb_rptr_cdc.nb_rptr_wclk_latch0_carry__1/O[1]
                         net (fo=1, routed)           0.000     9.716    u_cpu_channel/u_package_fifo_cpu_rd/none_blk_mode.nb_rptr_cdc.nb_rptr_wclk_latch0[9]
    SLICE_X31Y40         FDCE                                         r  u_cpu_channel/u_package_fifo_cpu_rd/none_blk_mode.nb_rptr_cdc.nb_rptr_wclk_latch_reg[9]/D
  -------------------------------------------------------------------    -------------------

                         (clock clk_125m_unbuf rise edge)
                                                      8.000     8.000 r  
    W19                                               0.000     8.000 r  clk_50m_in (IN)
                         net (fo=0)                   0.000     8.000    clk_50m_in
    W19                  IBUF (Prop_ibuf_I_O)         1.357     9.357 r  clk_50m_in_IBUF_inst/O
                         net (fo=1, routed)           1.004    10.361    clk_real.u_pll/clk_50m_in_IBUF
    MMCME2_ADV_X0Y0      MMCME2_ADV (Prop_mmcme2_adv_CLKIN1_CLKOUT0)
                                                      0.073    10.434 r  clk_real.u_pll/u_mmcm/CLKOUT0
                         net (fo=1, routed)           1.357    11.792    clk_real.u_pll/clk_125m_unbuf
    BUFGCTRL_X0Y4        BUFG (Prop_bufg_I_O)         0.077    11.869 r  clk_real.u_pll/u_bufg_125/O
                         net (fo=872, routed)         1.257    13.125    u_cpu_channel/u_package_fifo_cpu_rd/clk_125m
    SLICE_X31Y40         FDCE                                         r  u_cpu_channel/u_package_fifo_cpu_rd/none_blk_mode.nb_rptr_cdc.nb_rptr_wclk_latch_reg[9]/C
                         clock pessimism              0.285    13.410    
                         clock uncertainty           -0.082    13.328    
    SLICE_X31Y40         FDCE (Setup_fdce_C_D)        0.059    13.387    u_cpu_channel/u_package_fifo_cpu_rd/none_blk_mode.nb_rptr_cdc.nb_rptr_wclk_latch_reg[9]
  -------------------------------------------------------------------
                         required time                         13.387    
                         arrival time                          -9.716    
  -------------------------------------------------------------------
                         slack                                  3.671    





Min Delay Paths
--------------------------------------------------------------------------------------
Slack (MET) :             0.036ns  (arrival time - required time)
  Source:                 u_gmii2mac/u_mac_top/u_mac_tx/tx_data_reg[0]/C
                            (rising edge-triggered cell FDCE clocked by clk_125m_unbuf  {rise@0.000ns fall@4.000ns period=8.000ns})
  Destination:            u_gmii2mac/u_eth_presemble/u_fix_delay/delay_using_ram_generation.u_dly_data_buf/gen_inferred_ram.gen_port_a_nonbyte.ram_reg_0_7_0_5/RAMA/I
                            (rising edge-triggered cell RAMD32 clocked by clk_125m_unbuf  {rise@0.000ns fall@4.000ns period=8.000ns})
  Path Group:             clk_125m_unbuf
  Path Type:              Hold (Min at Fast Process Corner)
  Requirement:            0.000ns  (clk_125m_unbuf rise@0.000ns - clk_125m_unbuf rise@0.000ns)
  Data Path Delay:        0.196ns  (logic 0.141ns (71.838%)  route 0.055ns (28.162%))
  Logic Levels:           0  
  Clock Path Skew:        0.013ns (DCD - SCD - CPR)
    Destination Clock Delay (DCD):    2.364ns
    Source Clock Delay      (SCD):    1.819ns
    Clock Pessimism Removal (CPR):    0.533ns

    Location             Delay type                Incr(ns)  Path(ns)    Netlist Resource(s)
  -------------------------------------------------------------------    -------------------
                         (clock clk_125m_unbuf rise edge)
                                                      0.000     0.000 r  
    W19                                               0.000     0.000 r  clk_50m_in (IN)
                         net (fo=0)                   0.000     0.000    clk_50m_in
    W19                  IBUF (Prop_ibuf_I_O)         0.260     0.260 r  clk_50m_in_IBUF_inst/O
                         net (fo=1, routed)           0.440     0.700    clk_real.u_pll/clk_50m_in_IBUF
    MMCME2_ADV_X0Y0      MMCME2_ADV (Prop_mmcme2_adv_CLKIN1_CLKOUT0)
                                                      0.050     0.750 r  clk_real.u_pll/u_mmcm/CLKOUT0
                         net (fo=1, routed)           0.489     1.239    clk_real.u_pll/clk_125m_unbuf
    BUFGCTRL_X0Y4        BUFG (Prop_bufg_I_O)         0.026     1.265 r  clk_real.u_pll/u_bufg_125/O
                         net (fo=872, routed)         0.554     1.819    u_gmii2mac/u_mac_top/u_mac_tx/clk_125m
    SLICE_X31Y29         FDCE                                         r  u_gmii2mac/u_mac_top/u_mac_tx/tx_data_reg[0]/C
  -------------------------------------------------------------------    -------------------
    SLICE_X31Y29         FDCE (Prop_fdce_C_Q)         0.141     1.960 r  u_gmii2mac/u_mac_top/u_mac_tx/tx_data_reg[0]/Q
                         net (fo=1, routed)           0.055     2.015    u_gmii2mac/u_eth_presemble/u_fix_delay/delay_using_ram_generation.u_dly_data_buf/gen_inferred_ram.gen_port_a_nonbyte.ram_reg_0_7_0_5/DIA0
    SLICE_X30Y29         RAMD32                                       r  u_gmii2mac/u_eth_presemble/u_fix_delay/delay_using_ram_generation.u_dly_data_buf/gen_inferred_ram.gen_port_a_nonbyte.ram_reg_0_7_0_5/RAMA/I
  -------------------------------------------------------------------    -------------------

                         (clock clk_125m_unbuf rise edge)
                                                      0.000     0.000 r  
    W19                                               0.000     0.000 r  clk_50m_in (IN)
                         net (fo=0)                   0.000     0.000    clk_50m_in
    W19                  IBUF (Prop_ibuf_I_O)         0.448     0.448 r  clk_50m_in_IBUF_inst/O
                         net (fo=1, routed)           0.480     0.928    clk_real.u_pll/clk_50m_in_IBUF
    MMCME2_ADV_X0Y0      MMCME2_ADV (Prop_mmcme2_adv_CLKIN1_CLKOUT0)
                                                      0.053     0.981 r  clk_real.u_pll/u_mmcm/CLKOUT0
                         net (fo=1, routed)           0.534     1.515    clk_real.u_pll/clk_125m_unbuf
    BUFGCTRL_X0Y4        BUFG (Prop_bufg_I_O)         0.029     1.544 r  clk_real.u_pll/u_bufg_125/O
                         net (fo=872, routed)         0.821     2.364    u_gmii2mac/u_eth_presemble/u_fix_delay/delay_using_ram_generation.u_dly_data_buf/gen_inferred_ram.gen_port_a_nonbyte.ram_reg_0_7_0_5/WCLK
    SLICE_X30Y29         RAMD32                                       r  u_gmii2mac/u_eth_presemble/u_fix_delay/delay_using_ram_generation.u_dly_data_buf/gen_inferred_ram.gen_port_a_nonbyte.ram_reg_0_7_0_5/RAMA/CLK
                         clock pessimism             -0.533     1.832    
    SLICE_X30Y29         RAMD32 (Hold_ramd32_CLK_I)
                                                      0.147     1.979    u_gmii2mac/u_eth_presemble/u_fix_delay/delay_using_ram_generation.u_dly_data_buf/gen_inferred_ram.gen_port_a_nonbyte.ram_reg_0_7_0_5/RAMA
  -------------------------------------------------------------------
                         required time                         -1.979    
                         arrival time                           2.015    
  -------------------------------------------------------------------
                         slack                                  0.036    





Pulse Width Checks
--------------------------------------------------------------------------------------
Clock Name:         clk_125m_unbuf
Waveform(ns):       { 0.000 4.000 }
Period(ns):         8.000
Sources:            { clk_real.u_pll/u_mmcm/CLKOUT0 }

Check Type        Corner  Lib Pin             Reference Pin  Required(ns)  Actual(ns)  Slack(ns)  Location         Pin
Min Period        n/a     RAMB36E1/CLKARDCLK  n/a            2.170         8.000       5.830      RAMB36_X1Y6      u_cpu_channel/u_package_fifo_cpu_rd/none_blk_mode.data_ram_dual.u_data_ram/gen_inferred_ram.gen_port_a_aligned.ram_reg/CLKARDCLK
Max Period        n/a     MMCME2_ADV/CLKOUT0  n/a            213.360       8.000       205.360    MMCME2_ADV_X0Y0  clk_real.u_pll/u_mmcm/CLKOUT0
Low Pulse Width   Slow    RAMD32/CLK          n/a            1.130         4.000       2.870      SLICE_X30Y29     u_gmii2mac/u_eth_presemble/u_fix_delay/delay_using_ram_generation.u_dly_data_buf/gen_inferred_ram.gen_port_a_nonbyte.ram_reg_0_7_0_5/RAMA/CLK
High Pulse Width  Slow    RAMD32/CLK          n/a            1.130         4.000       2.870      SLICE_X30Y29     u_gmii2mac/u_eth_presemble/u_fix_delay/delay_using_ram_generation.u_dly_data_buf/gen_inferred_ram.gen_port_a_nonbyte.ram_reg_0_7_0_5/RAMA/CLK



---------------------------------------------------------------------------------------------------
From Clock:  clk_200m_unbuf
  To Clock:  clk_200m_unbuf

Setup :           NA  Failing Endpoints,  Worst Slack           NA  ,  Total Violation           NA
Hold  :           NA  Failing Endpoints,  Worst Slack           NA  ,  Total Violation           NA
PW    :            0  Failing Endpoints,  Worst Slack        0.264ns,  Total Violation        0.000ns
---------------------------------------------------------------------------------------------------


Pulse Width Checks
--------------------------------------------------------------------------------------
Clock Name:         clk_200m_unbuf
Waveform(ns):       { 0.000 2.500 }
Period(ns):         5.000
Sources:            { clk_real.u_pll/u_mmcm/CLKOUT1 }

Check Type  Corner  Lib Pin            Reference Pin  Required(ns)  Actual(ns)  Slack(ns)  Location         Pin
Min Period  n/a     IDELAYCTRL/REFCLK  n/a            2.438         5.000       2.562      IDELAYCTRL_X0Y0  u_bridge/u_rx/u_idelayctrl/REFCLK
Max Period  n/a     IDELAYCTRL/REFCLK  n/a            5.264         5.000       0.264      IDELAYCTRL_X0Y0  u_bridge/u_rx/u_idelayctrl/REFCLK



---------------------------------------------------------------------------------------------------
From Clock:  clk_50m_cpu_unbuf
  To Clock:  clk_50m_cpu_unbuf

Setup :            0  Failing Endpoints,  Worst Slack       10.308ns,  Total Violation        0.000ns
Hold  :            0  Failing Endpoints,  Worst Slack        0.050ns,  Total Violation        0.000ns
PW    :            0  Failing Endpoints,  Worst Slack        9.500ns,  Total Violation        0.000ns
---------------------------------------------------------------------------------------------------


Max Delay Paths
--------------------------------------------------------------------------------------
Slack (MET) :             10.308ns  (required time - arrival time)
  Source:                 u_riscv/riscv_cpu_generation.u_riscv_cpu/u_RiscV32_LocalBus/u_picorv32/latched_store_reg/C
                            (rising edge-triggered cell FDSE clocked by clk_50m_cpu_unbuf  {rise@0.000ns fall@10.000ns period=20.000ns})
  Destination:            u_riscv/riscv_cpu_generation.u_riscv_cpu/u_RiscV32_LocalBus/u_picorv32/mem_rdata_q_reg[24]/CE
                            (rising edge-triggered cell FDRE clocked by clk_50m_cpu_unbuf  {rise@0.000ns fall@10.000ns period=20.000ns})
  Path Group:             clk_50m_cpu_unbuf
  Path Type:              Setup (Max at Slow Process Corner)
  Requirement:            20.000ns  (clk_50m_cpu_unbuf rise@20.000ns - clk_50m_cpu_unbuf rise@0.000ns)
  Data Path Delay:        9.332ns  (logic 2.408ns (25.803%)  route 6.924ns (74.197%))
  Logic Levels:           9  (LUT2=1 LUT3=2 LUT4=1 LUT5=3 LUT6=2)
  Clock Path Skew:        -0.098ns (DCD - SCD + CPR)
    Destination Clock Delay (DCD):    5.126ns = ( 25.126 - 20.000 ) 
    Source Clock Delay      (SCD):    5.427ns
    Clock Pessimism Removal (CPR):    0.203ns
  Clock Uncertainty:      0.094ns  ((TSJ^2 + DJ^2)^1/2) / 2 + PE
    Total System Jitter     (TSJ):    0.071ns
    Discrete Jitter          (DJ):    0.175ns
    Phase Error              (PE):    0.000ns

    Location             Delay type                Incr(ns)  Path(ns)    Netlist Resource(s)
  -------------------------------------------------------------------    -------------------
                         (clock clk_50m_cpu_unbuf rise edge)
                                                      0.000     0.000 r  
    W19                                               0.000     0.000 r  clk_50m_in (IN)
                         net (fo=0)                   0.000     0.000    clk_50m_in
    W19                  IBUF (Prop_ibuf_I_O)         1.423     1.423 r  clk_50m_in_IBUF_inst/O
                         net (fo=1, routed)           1.065     2.489    clk_real.u_pll/clk_50m_in_IBUF
    MMCME2_ADV_X0Y0      MMCME2_ADV (Prop_mmcme2_adv_CLKIN1_CLKOUT3)
                                                      0.077     2.566 r  clk_real.u_pll/u_mmcm/CLKOUT3
                         net (fo=1, routed)           1.425     3.990    clk_real.u_pll/clk_50m_cpu_unbuf
    BUFGCTRL_X0Y3        BUFG (Prop_bufg_I_O)         0.081     4.071 r  clk_real.u_pll/u_bufg_50_cpu/O
                         net (fo=3987, routed)        1.355     5.427    u_riscv/riscv_cpu_generation.u_riscv_cpu/u_RiscV32_LocalBus/u_picorv32/clk_50m
    SLICE_X40Y50         FDSE                                         r  u_riscv/riscv_cpu_generation.u_riscv_cpu/u_RiscV32_LocalBus/u_picorv32/latched_store_reg/C
  -------------------------------------------------------------------    -------------------
    SLICE_X40Y50         FDSE (Prop_fdse_C_Q)         0.379     5.806 f  u_riscv/riscv_cpu_generation.u_riscv_cpu/u_RiscV32_LocalBus/u_picorv32/latched_store_reg/Q
                         net (fo=64, routed)          0.596     6.402    u_riscv/riscv_cpu_generation.u_riscv_cpu/u_RiscV32_LocalBus/u_picorv32/latched_store_reg_0
    SLICE_X46Y54         LUT2 (Prop_lut2_I1_O)        0.105     6.507 r  u_riscv/riscv_cpu_generation.u_riscv_cpu/u_RiscV32_LocalBus/u_picorv32/mem_rdata_q[10]_i_6/O
                         net (fo=13, routed)          0.788     7.294    u_riscv/riscv_cpu_generation.u_riscv_cpu/u_RiscV32_LocalBus/u_picorv32/mem_rdata_q[10]_i_6_n_0
    SLICE_X48Y45         LUT6 (Prop_lut6_I1_O)        0.105     7.399 f  u_riscv/riscv_cpu_generation.u_riscv_cpu/u_RiscV32_LocalBus/u_picorv32/mem_rdata_q[10]_i_3/O
                         net (fo=62, routed)          0.743     8.143    u_riscv/riscv_cpu_generation.u_riscv_cpu/u_RiscV32_LocalBus/u_picorv32/mem_rdata_q[10]_i_3_n_0
    SLICE_X42Y43         LUT5 (Prop_lut5_I0_O)        0.126     8.269 f  u_riscv/riscv_cpu_generation.u_riscv_cpu/u_RiscV32_LocalBus/u_picorv32/mem_rdata_q[6]_i_3/O
                         net (fo=4, routed)           0.387     8.656    u_riscv/riscv_cpu_generation.u_riscv_cpu/u_RiscV32_LocalBus/u_picorv32/mem_rdata_q[6]_i_3_n_0
    SLICE_X44Y42         LUT4 (Prop_lut4_I3_O)        0.288     8.944 r  u_riscv/riscv_cpu_generation.u_riscv_cpu/u_RiscV32_LocalBus/u_picorv32/mem_rdata_q[6]_i_1/O
                         net (fo=92, routed)          0.993     9.937    u_riscv/riscv_cpu_generation.u_riscv_cpu/u_RiscV32_LocalBus/u_picorv32/mem_rdata_q[6]_i_1_n_0
    SLICE_X37Y44         LUT3 (Prop_lut3_I1_O)        0.289    10.226 f  u_riscv/riscv_cpu_generation.u_riscv_cpu/u_RiscV32_LocalBus/u_picorv32/mem_rdata_q[5]_i_3/O
                         net (fo=2, routed)           0.605    10.832    u_riscv/riscv_cpu_generation.u_riscv_cpu/u_RiscV32_LocalBus/u_picorv32/mem_rdata_q[5]_i_3_n_0
    SLICE_X37Y43         LUT5 (Prop_lut5_I2_O)        0.288    11.120 f  u_riscv/riscv_cpu_generation.u_riscv_cpu/u_RiscV32_LocalBus/u_picorv32/mem_rdata_q[5]_i_1/O
                         net (fo=22, routed)          1.069    12.189    u_riscv/riscv_cpu_generation.u_riscv_cpu/u_RiscV32_LocalBus/u_picorv32/p_11_in
    SLICE_X36Y50         LUT5 (Prop_lut5_I1_O)        0.277    12.466 r  u_riscv/riscv_cpu_generation.u_riscv_cpu/u_RiscV32_LocalBus/u_picorv32/instr_jalr_i_4/O
                         net (fo=21, routed)          0.723    13.189    u_riscv/riscv_cpu_generation.u_riscv_cpu/u_RiscV32_LocalBus/u_picorv32/instr_jalr_i_4_n_0
    SLICE_X34Y50         LUT3 (Prop_lut3_I2_O)        0.287    13.476 f  u_riscv/riscv_cpu_generation.u_riscv_cpu/u_RiscV32_LocalBus/u_picorv32/mem_rdata_q[24]_i_4/O
                         net (fo=1, routed)           0.374    13.850    u_riscv/riscv_cpu_generation.u_riscv_cpu/u_RiscV32_LocalBus/u_picorv32/mem_rdata_q[24]_i_4_n_0
    SLICE_X34Y50         LUT6 (Prop_lut6_I2_O)        0.264    14.114 r  u_riscv/riscv_cpu_generation.u_riscv_cpu/u_RiscV32_LocalBus/u_picorv32/mem_rdata_q[24]_i_1/O
                         net (fo=5, routed)           0.645    14.759    u_riscv/riscv_cpu_generation.u_riscv_cpu/u_RiscV32_LocalBus/u_picorv32/mem_rdata_q[24]_i_1_n_0
    SLICE_X33Y47         FDRE                                         r  u_riscv/riscv_cpu_generation.u_riscv_cpu/u_RiscV32_LocalBus/u_picorv32/mem_rdata_q_reg[24]/CE
  -------------------------------------------------------------------    -------------------

                         (clock clk_50m_cpu_unbuf rise edge)
                                                     20.000    20.000 r  
    W19                                               0.000    20.000 r  clk_50m_in (IN)
                         net (fo=0)                   0.000    20.000    clk_50m_in
    W19                  IBUF (Prop_ibuf_I_O)         1.357    21.357 r  clk_50m_in_IBUF_inst/O
                         net (fo=1, routed)           1.004    22.361    clk_real.u_pll/clk_50m_in_IBUF
    MMCME2_ADV_X0Y0      MMCME2_ADV (Prop_mmcme2_adv_CLKIN1_CLKOUT3)
                                                      0.073    22.434 r  clk_real.u_pll/u_mmcm/CLKOUT3
                         net (fo=1, routed)           1.357    23.792    clk_real.u_pll/clk_50m_cpu_unbuf
    BUFGCTRL_X0Y3        BUFG (Prop_bufg_I_O)         0.077    23.869 r  clk_real.u_pll/u_bufg_50_cpu/O
                         net (fo=3987, routed)        1.258    25.126    u_riscv/riscv_cpu_generation.u_riscv_cpu/u_RiscV32_LocalBus/u_picorv32/clk_50m
    SLICE_X33Y47         FDRE                                         r  u_riscv/riscv_cpu_generation.u_riscv_cpu/u_RiscV32_LocalBus/u_picorv32/mem_rdata_q_reg[24]/C
                         clock pessimism              0.203    25.329    
                         clock uncertainty           -0.094    25.235    
    SLICE_X33Y47         FDRE (Setup_fdre_C_CE)      -0.168    25.067    u_riscv/riscv_cpu_generation.u_riscv_cpu/u_RiscV32_LocalBus/u_picorv32/mem_rdata_q_reg[24]
  -------------------------------------------------------------------
                         required time                         25.067    
                         arrival time                         -14.759    
  -------------------------------------------------------------------
                         slack                                 10.308    





Min Delay Paths
--------------------------------------------------------------------------------------
Slack (MET) :             0.050ns  (arrival time - required time)
  Source:                 u_riscv/lcpu_real.u_cpu/gen_uart.u_uart_lcpu_top/u_uart/u_clock_frequency_divider_tx/count_reg[26]/C
                            (rising edge-triggered cell FDCE clocked by clk_50m_cpu_unbuf  {rise@0.000ns fall@10.000ns period=20.000ns})
  Destination:            u_riscv/lcpu_real.u_cpu/gen_uart.u_uart_lcpu_top/u_uart/u_clock_frequency_divider_tx/count_reg[27]/D
                            (rising edge-triggered cell FDCE clocked by clk_50m_cpu_unbuf  {rise@0.000ns fall@10.000ns period=20.000ns})
  Path Group:             clk_50m_cpu_unbuf
  Path Type:              Hold (Min at Fast Process Corner)
  Requirement:            0.000ns  (clk_50m_cpu_unbuf rise@0.000ns - clk_50m_cpu_unbuf rise@0.000ns)
  Data Path Delay:        0.423ns  (logic 0.256ns (60.509%)  route 0.167ns (39.491%))
  Logic Levels:           2  (CARRY4=1 LUT2=1)
  Clock Path Skew:        0.268ns (DCD - SCD - CPR)
    Destination Clock Delay (DCD):    2.375ns
    Source Clock Delay      (SCD):    1.829ns
    Clock Pessimism Removal (CPR):    0.279ns

    Location             Delay type                Incr(ns)  Path(ns)    Netlist Resource(s)
  -------------------------------------------------------------------    -------------------
                         (clock clk_50m_cpu_unbuf rise edge)
                                                      0.000     0.000 r  
    W19                                               0.000     0.000 r  clk_50m_in (IN)
                         net (fo=0)                   0.000     0.000    clk_50m_in
    W19                  IBUF (Prop_ibuf_I_O)         0.260     0.260 r  clk_50m_in_IBUF_inst/O
                         net (fo=1, routed)           0.440     0.700    clk_real.u_pll/clk_50m_in_IBUF
    MMCME2_ADV_X0Y0      MMCME2_ADV (Prop_mmcme2_adv_CLKIN1_CLKOUT3)
                                                      0.050     0.750 r  clk_real.u_pll/u_mmcm/CLKOUT3
                         net (fo=1, routed)           0.489     1.239    clk_real.u_pll/clk_50m_cpu_unbuf
    BUFGCTRL_X0Y3        BUFG (Prop_bufg_I_O)         0.026     1.265 r  clk_real.u_pll/u_bufg_50_cpu/O
                         net (fo=3987, routed)        0.564     1.829    u_riscv/lcpu_real.u_cpu/gen_uart.u_uart_lcpu_top/u_uart/u_clock_frequency_divider_tx/clk_50m
    SLICE_X29Y49         FDCE                                         r  u_riscv/lcpu_real.u_cpu/gen_uart.u_uart_lcpu_top/u_uart/u_clock_frequency_divider_tx/count_reg[26]/C
  -------------------------------------------------------------------    -------------------
    SLICE_X29Y49         FDCE (Prop_fdce_C_Q)         0.141     1.970 r  u_riscv/lcpu_real.u_cpu/gen_uart.u_uart_lcpu_top/u_uart/u_clock_frequency_divider_tx/count_reg[26]/Q
                         net (fo=4, routed)           0.167     2.137    u_riscv/lcpu_real.u_cpu/gen_uart.u_uart_lcpu_top/u_uart/u_clock_frequency_divider_tx/count_reg_n_0_[26]
    SLICE_X29Y50         LUT2 (Prop_lut2_I0_O)        0.045     2.182 r  u_riscv/lcpu_real.u_cpu/gen_uart.u_uart_lcpu_top/u_uart/u_clock_frequency_divider_tx/count0__0_carry__4_i_3__0/O
                         net (fo=1, routed)           0.000     2.182    u_riscv/lcpu_real.u_cpu/gen_uart.u_uart_lcpu_top/u_uart/u_clock_frequency_divider_tx/count0__0_carry__4_i_3__0_n_0
    SLICE_X29Y50         CARRY4 (Prop_carry4_S[0]_O[0])
                                                      0.070     2.252 r  u_riscv/lcpu_real.u_cpu/gen_uart.u_uart_lcpu_top/u_uart/u_clock_frequency_divider_tx/count0__0_carry__4/O[0]
                         net (fo=1, routed)           0.000     2.252    u_riscv/lcpu_real.u_cpu/gen_uart.u_uart_lcpu_top/u_uart/u_clock_frequency_divider_tx/count0__0_carry__4_n_7
    SLICE_X29Y50         FDCE                                         r  u_riscv/lcpu_real.u_cpu/gen_uart.u_uart_lcpu_top/u_uart/u_clock_frequency_divider_tx/count_reg[27]/D
  -------------------------------------------------------------------    -------------------

                         (clock clk_50m_cpu_unbuf rise edge)
                                                      0.000     0.000 r  
    W19                                               0.000     0.000 r  clk_50m_in (IN)
                         net (fo=0)                   0.000     0.000    clk_50m_in
    W19                  IBUF (Prop_ibuf_I_O)         0.448     0.448 r  clk_50m_in_IBUF_inst/O
                         net (fo=1, routed)           0.480     0.928    clk_real.u_pll/clk_50m_in_IBUF
    MMCME2_ADV_X0Y0      MMCME2_ADV (Prop_mmcme2_adv_CLKIN1_CLKOUT3)
                                                      0.053     0.981 r  clk_real.u_pll/u_mmcm/CLKOUT3
                         net (fo=1, routed)           0.534     1.515    clk_real.u_pll/clk_50m_cpu_unbuf
    BUFGCTRL_X0Y3        BUFG (Prop_bufg_I_O)         0.029     1.544 r  clk_real.u_pll/u_bufg_50_cpu/O
                         net (fo=3987, routed)        0.832     2.375    u_riscv/lcpu_real.u_cpu/gen_uart.u_uart_lcpu_top/u_uart/u_clock_frequency_divider_tx/clk_50m
    SLICE_X29Y50         FDCE                                         r  u_riscv/lcpu_real.u_cpu/gen_uart.u_uart_lcpu_top/u_uart/u_clock_frequency_divider_tx/count_reg[27]/C
                         clock pessimism             -0.279     2.097    
    SLICE_X29Y50         FDCE (Hold_fdce_C_D)         0.105     2.202    u_riscv/lcpu_real.u_cpu/gen_uart.u_uart_lcpu_top/u_uart/u_clock_frequency_divider_tx/count_reg[27]
  -------------------------------------------------------------------
                         required time                         -2.202    
                         arrival time                           2.252    
  -------------------------------------------------------------------
                         slack                                  0.050    





Pulse Width Checks
--------------------------------------------------------------------------------------
Clock Name:         clk_50m_cpu_unbuf
Waveform(ns):       { 0.000 10.000 }
Period(ns):         20.000
Sources:            { clk_real.u_pll/u_mmcm/CLKOUT3 }

Check Type        Corner  Lib Pin             Reference Pin  Required(ns)  Actual(ns)  Slack(ns)  Location         Pin
Min Period        n/a     RAMB18E1/CLKARDCLK  n/a            2.472         20.000      17.528     RAMB18_X2Y0      u_riscv/lcpu_real.u_cpu/gen_uart.u_uart_lcpu_top/u_uart_lcpu/u_pkt_fifo/blk_mode.data_ram_single.u_data_ram/gen_inferred_ram.gen_port_a_aligned.ram_reg/CLKARDCLK
Max Period        n/a     MMCME2_ADV/CLKOUT3  n/a            213.360       20.000      193.360    MMCME2_ADV_X0Y0  clk_real.u_pll/u_mmcm/CLKOUT3
Low Pulse Width   Slow    FDCE/C              n/a            0.500         10.000      9.500      SLICE_X39Y33     u_cpu_channel/u_package_fifo_cpu_rd/none_blk_mode.nb_rptr_for_data_reg[0]/C
High Pulse Width  Slow    FDCE/C              n/a            0.500         10.000      9.500      SLICE_X39Y33     u_cpu_channel/u_package_fifo_cpu_rd/none_blk_mode.nb_rptr_for_data_reg[0]/C



---------------------------------------------------------------------------------------------------
From Clock:  clk_fb
  To Clock:  clk_fb

Setup :           NA  Failing Endpoints,  Worst Slack           NA  ,  Total Violation           NA
Hold  :           NA  Failing Endpoints,  Worst Slack           NA  ,  Total Violation           NA
PW    :            0  Failing Endpoints,  Worst Slack       18.751ns,  Total Violation        0.000ns
---------------------------------------------------------------------------------------------------


Pulse Width Checks
--------------------------------------------------------------------------------------
Clock Name:         clk_fb
Waveform(ns):       { 0.000 10.000 }
Period(ns):         20.000
Sources:            { clk_real.u_pll/u_mmcm/CLKFBOUT }

Check Type  Corner  Lib Pin              Reference Pin  Required(ns)  Actual(ns)  Slack(ns)  Location         Pin
Min Period  n/a     MMCME2_ADV/CLKFBOUT  n/a            1.249         20.000      18.751     MMCME2_ADV_X0Y0  clk_real.u_pll/u_mmcm/CLKFBOUT
Max Period  n/a     MMCME2_ADV/CLKFBIN   n/a            100.000       20.000      80.000     MMCME2_ADV_X0Y0  clk_real.u_pll/u_mmcm/CLKFBIN



---------------------------------------------------------------------------------------------------
From Clock:  rgmii_rxc
  To Clock:  rgmii_rxc

Setup :           NA  Failing Endpoints,  Worst Slack           NA  ,  Total Violation           NA
Hold  :           NA  Failing Endpoints,  Worst Slack           NA  ,  Total Violation           NA
PW    :            0  Failing Endpoints,  Worst Slack        3.500ns,  Total Violation        0.000ns
---------------------------------------------------------------------------------------------------


Pulse Width Checks
--------------------------------------------------------------------------------------
Clock Name:         rgmii_rxc
Waveform(ns):       { 0.000 4.000 }
Period(ns):         8.000
Sources:            { rgmii_rxc }

Check Type        Corner  Lib Pin  Reference Pin  Required(ns)  Actual(ns)  Slack(ns)  Location       Pin
Min Period        n/a     BUFG/I   n/a            1.592         8.000       6.408      BUFGCTRL_X0Y0  u_bridge/u_rx/u_rxc_bufg/I
Low Pulse Width   Slow    FDCE/C   n/a            0.500         4.000       3.500      SLICE_X32Y64   u_gmii2mac/u_rx_asyncfifo/in_ptr_gray_reg[0]/C
High Pulse Width  Slow    FDCE/C   n/a            0.500         4.000       3.500      SLICE_X32Y64   u_gmii2mac/u_rx_asyncfifo/in_ptr_gray_reg[0]/C



---------------------------------------------------------------------------------------------------
From Clock:  clk_50m_cpu_unbuf
  To Clock:  clk_125m_unbuf

Setup :            0  Failing Endpoints,  Worst Slack        1.479ns,  Total Violation        0.000ns
Hold  :            0  Failing Endpoints,  Worst Slack        0.104ns,  Total Violation        0.000ns
---------------------------------------------------------------------------------------------------


Max Delay Paths
--------------------------------------------------------------------------------------
Slack (MET) :             1.479ns  (required time - arrival time)
  Source:                 u_cpu_channel/u_package_fifo_cpu_rd/none_blk_mode.nb_dual_clk_cdc.u_rptr_sync/pulse_as_reg/C
                            (rising edge-triggered cell FDCE clocked by clk_50m_cpu_unbuf  {rise@0.000ns fall@10.000ns period=20.000ns})
  Destination:            u_cpu_channel/u_package_fifo_cpu_rd/none_blk_mode.nb_dual_clk_cdc.u_rptr_sync/pulse_bs_reg/D
                            (rising edge-triggered cell FDCE clocked by clk_125m_unbuf  {rise@0.000ns fall@4.000ns period=8.000ns})
  Path Group:             clk_125m_unbuf
  Path Type:              Setup (Max at Slow Process Corner)
  Requirement:            4.000ns  (clk_125m_unbuf rise@24.000ns - clk_50m_cpu_unbuf rise@20.000ns)
  Data Path Delay:        2.080ns  (logic 0.379ns (18.220%)  route 1.701ns (81.780%))
  Logic Levels:           0  
  Clock Path Skew:        -0.179ns (DCD - SCD + CPR)
    Destination Clock Delay (DCD):    5.126ns = ( 29.126 - 24.000 ) 
    Source Clock Delay      (SCD):    5.437ns = ( 25.437 - 20.000 ) 
    Clock Pessimism Removal (CPR):    0.131ns
  Clock Uncertainty:      0.214ns  ((TSJ^2 + DJ^2)^1/2) / 2 + PE
    Total System Jitter     (TSJ):    0.071ns
    Discrete Jitter          (DJ):    0.175ns
    Phase Error              (PE):    0.120ns

    Location             Delay type                Incr(ns)  Path(ns)    Netlist Resource(s)
  -------------------------------------------------------------------    -------------------
                         (clock clk_50m_cpu_unbuf rise edge)
                                                     20.000    20.000 r  
    W19                                               0.000    20.000 r  clk_50m_in (IN)
                         net (fo=0)                   0.000    20.000    clk_50m_in
    W19                  IBUF (Prop_ibuf_I_O)         1.423    21.423 r  clk_50m_in_IBUF_inst/O
                         net (fo=1, routed)           1.065    22.489    clk_real.u_pll/clk_50m_in_IBUF
    MMCME2_ADV_X0Y0      MMCME2_ADV (Prop_mmcme2_adv_CLKIN1_CLKOUT3)
                                                      0.077    22.566 r  clk_real.u_pll/u_mmcm/CLKOUT3
                         net (fo=1, routed)           1.425    23.990    clk_real.u_pll/clk_50m_cpu_unbuf
    BUFGCTRL_X0Y3        BUFG (Prop_bufg_I_O)         0.081    24.071 r  clk_real.u_pll/u_bufg_50_cpu/O
                         net (fo=3987, routed)        1.366    25.437    u_cpu_channel/u_package_fifo_cpu_rd/none_blk_mode.nb_dual_clk_cdc.u_rptr_sync/clk_50m
    SLICE_X37Y41         FDCE                                         r  u_cpu_channel/u_package_fifo_cpu_rd/none_blk_mode.nb_dual_clk_cdc.u_rptr_sync/pulse_as_reg/C
  -------------------------------------------------------------------    -------------------
    SLICE_X37Y41         FDCE (Prop_fdce_C_Q)         0.379    25.816 r  u_cpu_channel/u_package_fifo_cpu_rd/none_blk_mode.nb_dual_clk_cdc.u_rptr_sync/pulse_as_reg/Q
                         net (fo=2, routed)           1.701    27.517    u_cpu_channel/u_package_fifo_cpu_rd/none_blk_mode.nb_dual_clk_cdc.u_rptr_sync/pulse_as
    SLICE_X32Y43         FDCE                                         r  u_cpu_channel/u_package_fifo_cpu_rd/none_blk_mode.nb_dual_clk_cdc.u_rptr_sync/pulse_bs_reg/D
  -------------------------------------------------------------------    -------------------

                         (clock clk_125m_unbuf rise edge)
                                                     24.000    24.000 r  
    W19                                               0.000    24.000 r  clk_50m_in (IN)
                         net (fo=0)                   0.000    24.000    clk_50m_in
    W19                  IBUF (Prop_ibuf_I_O)         1.357    25.357 r  clk_50m_in_IBUF_inst/O
                         net (fo=1, routed)           1.004    26.361    clk_real.u_pll/clk_50m_in_IBUF
    MMCME2_ADV_X0Y0      MMCME2_ADV (Prop_mmcme2_adv_CLKIN1_CLKOUT0)
                                                      0.073    26.434 r  clk_real.u_pll/u_mmcm/CLKOUT0
                         net (fo=1, routed)           1.357    27.792    clk_real.u_pll/clk_125m_unbuf
    BUFGCTRL_X0Y4        BUFG (Prop_bufg_I_O)         0.077    27.869 r  clk_real.u_pll/u_bufg_125/O
                         net (fo=872, routed)         1.258    29.126    u_cpu_channel/u_package_fifo_cpu_rd/none_blk_mode.nb_dual_clk_cdc.u_rptr_sync/clk_125m
    SLICE_X32Y43         FDCE                                         r  u_cpu_channel/u_package_fifo_cpu_rd/none_blk_mode.nb_dual_clk_cdc.u_rptr_sync/pulse_bs_reg/C
                         clock pessimism              0.131    29.258    
                         clock uncertainty           -0.214    29.044    
    SLICE_X32Y43         FDCE (Setup_fdce_C_D)       -0.047    28.997    u_cpu_channel/u_package_fifo_cpu_rd/none_blk_mode.nb_dual_clk_cdc.u_rptr_sync/pulse_bs_reg
  -------------------------------------------------------------------
                         required time                         28.997    
                         arrival time                         -27.517    
  -------------------------------------------------------------------
                         slack                                  1.479    





Min Delay Paths
--------------------------------------------------------------------------------------
Slack (MET) :             0.104ns  (arrival time - required time)
  Source:                 u_cpu_channel/u_package_fifo_cpu_wr/none_blk_mode.nb_dual_clk_cdc.u_para_fifo/mem_array_reg[1][20]/C
                            (rising edge-triggered cell FDRE clocked by clk_50m_cpu_unbuf  {rise@0.000ns fall@10.000ns period=20.000ns})
  Destination:            u_cpu_channel/u_package_fifo_cpu_wr/none_blk_mode.nb_rptr_for_data_reg[6]/D
                            (rising edge-triggered cell FDCE clocked by clk_125m_unbuf  {rise@0.000ns fall@4.000ns period=8.000ns})
  Path Group:             clk_125m_unbuf
  Path Type:              Hold (Min at Fast Process Corner)
  Requirement:            0.000ns  (clk_125m_unbuf rise@0.000ns - clk_50m_cpu_unbuf rise@0.000ns)
  Data Path Delay:        0.768ns  (logic 0.282ns (36.728%)  route 0.486ns (63.272%))
  Logic Levels:           2  (LUT6=1 MUXF7=1)
  Clock Path Skew:        0.316ns (DCD - SCD - CPR)
    Destination Clock Delay (DCD):    2.371ns
    Source Clock Delay      (SCD):    1.825ns
    Clock Pessimism Removal (CPR):    0.231ns
  Clock Uncertainty:      0.214ns  ((TSJ^2 + DJ^2)^1/2) / 2 + PE
    Total System Jitter     (TSJ):    0.071ns
    Discrete Jitter          (DJ):    0.175ns
    Phase Error              (PE):    0.120ns

    Location             Delay type                Incr(ns)  Path(ns)    Netlist Resource(s)
  -------------------------------------------------------------------    -------------------
                         (clock clk_50m_cpu_unbuf rise edge)
                                                      0.000     0.000 r  
    W19                                               0.000     0.000 r  clk_50m_in (IN)
                         net (fo=0)                   0.000     0.000    clk_50m_in
    W19                  IBUF (Prop_ibuf_I_O)         0.260     0.260 r  clk_50m_in_IBUF_inst/O
                         net (fo=1, routed)           0.440     0.700    clk_real.u_pll/clk_50m_in_IBUF
    MMCME2_ADV_X0Y0      MMCME2_ADV (Prop_mmcme2_adv_CLKIN1_CLKOUT3)
                                                      0.050     0.750 r  clk_real.u_pll/u_mmcm/CLKOUT3
                         net (fo=1, routed)           0.489     1.239    clk_real.u_pll/clk_50m_cpu_unbuf
    BUFGCTRL_X0Y3        BUFG (Prop_bufg_I_O)         0.026     1.265 r  clk_real.u_pll/u_bufg_50_cpu/O
                         net (fo=3987, routed)        0.560     1.825    u_cpu_channel/u_package_fifo_cpu_wr/none_blk_mode.nb_dual_clk_cdc.u_para_fifo/clk_50m
    SLICE_X42Y12         FDRE                                         r  u_cpu_channel/u_package_fifo_cpu_wr/none_blk_mode.nb_dual_clk_cdc.u_para_fifo/mem_array_reg[1][20]/C
  -------------------------------------------------------------------    -------------------
    SLICE_X42Y12         FDRE (Prop_fdre_C_Q)         0.164     1.989 r  u_cpu_channel/u_package_fifo_cpu_wr/none_blk_mode.nb_dual_clk_cdc.u_para_fifo/mem_array_reg[1][20]/Q
                         net (fo=1, routed)           0.486     2.475    u_cpu_channel/u_package_fifo_cpu_wr/none_blk_mode.nb_dual_clk_cdc.u_para_fifo_n_31
    SLICE_X42Y13         LUT6 (Prop_lut6_I3_O)        0.045     2.520 r  u_cpu_channel/u_package_fifo_cpu_wr/none_blk_mode.rpkt_para_data_r0_inferred__0/none_blk_mode.nb_rptr_for_data[6]_i_2/O
                         net (fo=1, routed)           0.000     2.520    u_cpu_channel/u_package_fifo_cpu_wr/none_blk_mode.rpkt_para_data_r0_inferred__0/none_blk_mode.nb_rptr_for_data[6]_i_2_n_0
    SLICE_X42Y13         MUXF7 (Prop_muxf7_I0_O)      0.073     2.593 r  u_cpu_channel/u_package_fifo_cpu_wr/none_blk_mode.rpkt_para_data_r0_inferred__0/none_blk_mode.nb_rptr_for_data_reg[6]_i_1/O
                         net (fo=1, routed)           0.000     2.593    u_cpu_channel/u_package_fifo_cpu_wr/none_blk_mode.rpkt_para_data_r0_inferred__0/none_blk_mode.nb_rptr_for_data_reg[6]_i_1_n_0
    SLICE_X42Y13         FDCE                                         r  u_cpu_channel/u_package_fifo_cpu_wr/none_blk_mode.nb_rptr_for_data_reg[6]/D
  -------------------------------------------------------------------    -------------------

                         (clock clk_125m_unbuf rise edge)
                                                      0.000     0.000 r  
    W19                                               0.000     0.000 r  clk_50m_in (IN)
                         net (fo=0)                   0.000     0.000    clk_50m_in
    W19                  IBUF (Prop_ibuf_I_O)         0.448     0.448 r  clk_50m_in_IBUF_inst/O
                         net (fo=1, routed)           0.480     0.928    clk_real.u_pll/clk_50m_in_IBUF
    MMCME2_ADV_X0Y0      MMCME2_ADV (Prop_mmcme2_adv_CLKIN1_CLKOUT0)
                                                      0.053     0.981 r  clk_real.u_pll/u_mmcm/CLKOUT0
                         net (fo=1, routed)           0.534     1.515    clk_real.u_pll/clk_125m_unbuf
    BUFGCTRL_X0Y4        BUFG (Prop_bufg_I_O)         0.029     1.544 r  clk_real.u_pll/u_bufg_125/O
                         net (fo=872, routed)         0.828     2.371    u_cpu_channel/u_package_fifo_cpu_wr/clk_125m
    SLICE_X42Y13         FDCE                                         r  u_cpu_channel/u_package_fifo_cpu_wr/none_blk_mode.nb_rptr_for_data_reg[6]/C
                         clock pessimism             -0.231     2.141    
                         clock uncertainty            0.214     2.355    
    SLICE_X42Y13         FDCE (Hold_fdce_C_D)         0.134     2.489    u_cpu_channel/u_package_fifo_cpu_wr/none_blk_mode.nb_rptr_for_data_reg[6]
  -------------------------------------------------------------------
                         required time                         -2.489    
                         arrival time                           2.593    
  -------------------------------------------------------------------
                         slack                                  0.104    





---------------------------------------------------------------------------------------------------
From Clock:  clk_125m_unbuf
  To Clock:  clk_50m_cpu_unbuf

Setup :            0  Failing Endpoints,  Worst Slack        1.562ns,  Total Violation        0.000ns
Hold  :            0  Failing Endpoints,  Worst Slack        0.107ns,  Total Violation        0.000ns
---------------------------------------------------------------------------------------------------


Max Delay Paths
--------------------------------------------------------------------------------------
Slack (MET) :             1.562ns  (required time - arrival time)
  Source:                 u_cpu_channel/u_package_fifo_cpu_rd/none_blk_mode.nb_dual_clk_cdc.u_para_fifo/mem_array_reg[5][16]/C
                            (rising edge-triggered cell FDRE clocked by clk_125m_unbuf  {rise@0.000ns fall@4.000ns period=8.000ns})
  Destination:            u_cpu_channel/u_package_fifo_cpu_rd/none_blk_mode.nb_rptr_for_data_reg[2]/D
                            (rising edge-triggered cell FDCE clocked by clk_50m_cpu_unbuf  {rise@0.000ns fall@10.000ns period=20.000ns})
  Path Group:             clk_50m_cpu_unbuf
  Path Type:              Setup (Max at Slow Process Corner)
  Requirement:            4.000ns  (clk_50m_cpu_unbuf rise@20.000ns - clk_125m_unbuf rise@16.000ns)
  Data Path Delay:        2.103ns  (logic 0.666ns (31.667%)  route 1.437ns (68.333%))
  Logic Levels:           2  (LUT6=1 MUXF7=1)
  Clock Path Skew:        -0.180ns (DCD - SCD + CPR)
    Destination Clock Delay (DCD):    5.121ns = ( 25.121 - 20.000 ) 
    Source Clock Delay      (SCD):    5.433ns = ( 21.433 - 16.000 ) 
    Clock Pessimism Removal (CPR):    0.131ns
  Clock Uncertainty:      0.214ns  ((TSJ^2 + DJ^2)^1/2) / 2 + PE
    Total System Jitter     (TSJ):    0.071ns
    Discrete Jitter          (DJ):    0.175ns
    Phase Error              (PE):    0.120ns

    Location             Delay type                Incr(ns)  Path(ns)    Netlist Resource(s)
  -------------------------------------------------------------------    -------------------
                         (clock clk_125m_unbuf rise edge)
                                                     16.000    16.000 r  
    W19                                               0.000    16.000 r  clk_50m_in (IN)
                         net (fo=0)                   0.000    16.000    clk_50m_in
    W19                  IBUF (Prop_ibuf_I_O)         1.423    17.423 r  clk_50m_in_IBUF_inst/O
                         net (fo=1, routed)           1.065    18.489    clk_real.u_pll/clk_50m_in_IBUF
    MMCME2_ADV_X0Y0      MMCME2_ADV (Prop_mmcme2_adv_CLKIN1_CLKOUT0)
                                                      0.077    18.566 r  clk_real.u_pll/u_mmcm/CLKOUT0
                         net (fo=1, routed)           1.425    19.990    clk_real.u_pll/clk_125m_unbuf
    BUFGCTRL_X0Y4        BUFG (Prop_bufg_I_O)         0.081    20.071 r  clk_real.u_pll/u_bufg_125/O
                         net (fo=872, routed)         1.362    21.433    u_cpu_channel/u_package_fifo_cpu_rd/none_blk_mode.nb_dual_clk_cdc.u_para_fifo/clk_125m
    SLICE_X44Y34         FDRE                                         r  u_cpu_channel/u_package_fifo_cpu_rd/none_blk_mode.nb_dual_clk_cdc.u_para_fifo/mem_array_reg[5][16]/C
  -------------------------------------------------------------------    -------------------
    SLICE_X44Y34         FDRE (Prop_fdre_C_Q)         0.379    21.812 r  u_cpu_channel/u_package_fifo_cpu_rd/none_blk_mode.nb_dual_clk_cdc.u_para_fifo/mem_array_reg[5][16]/Q
                         net (fo=1, routed)           1.437    23.249    u_cpu_channel/u_package_fifo_cpu_rd/none_blk_mode.nb_dual_clk_cdc.u_para_fifo_n_135
    SLICE_X41Y34         LUT6 (Prop_lut6_I3_O)        0.105    23.354 r  u_cpu_channel/u_package_fifo_cpu_rd/none_blk_mode.rpkt_para_data_r0_inferred__0/none_blk_mode.nb_rptr_for_data[2]_i_3/O
                         net (fo=1, routed)           0.000    23.354    u_cpu_channel/u_package_fifo_cpu_rd/none_blk_mode.rpkt_para_data_r0_inferred__0/none_blk_mode.nb_rptr_for_data[2]_i_3_n_0
    SLICE_X41Y34         MUXF7 (Prop_muxf7_I1_O)      0.182    23.536 r  u_cpu_channel/u_package_fifo_cpu_rd/none_blk_mode.rpkt_para_data_r0_inferred__0/none_blk_mode.nb_rptr_for_data_reg[2]_i_1/O
                         net (fo=1, routed)           0.000    23.536    u_cpu_channel/u_package_fifo_cpu_rd/none_blk_mode.rpkt_para_data_r0_inferred__0/none_blk_mode.nb_rptr_for_data_reg[2]_i_1_n_0
    SLICE_X41Y34         FDCE                                         r  u_cpu_channel/u_package_fifo_cpu_rd/none_blk_mode.nb_rptr_for_data_reg[2]/D
  -------------------------------------------------------------------    -------------------

                         (clock clk_50m_cpu_unbuf rise edge)
                                                     20.000    20.000 r  
    W19                                               0.000    20.000 r  clk_50m_in (IN)
                         net (fo=0)                   0.000    20.000    clk_50m_in
    W19                  IBUF (Prop_ibuf_I_O)         1.357    21.357 r  clk_50m_in_IBUF_inst/O
                         net (fo=1, routed)           1.004    22.361    clk_real.u_pll/clk_50m_in_IBUF
    MMCME2_ADV_X0Y0      MMCME2_ADV (Prop_mmcme2_adv_CLKIN1_CLKOUT3)
                                                      0.073    22.434 r  clk_real.u_pll/u_mmcm/CLKOUT3
                         net (fo=1, routed)           1.357    23.792    clk_real.u_pll/clk_50m_cpu_unbuf
    BUFGCTRL_X0Y3        BUFG (Prop_bufg_I_O)         0.077    23.869 r  clk_real.u_pll/u_bufg_50_cpu/O
                         net (fo=3987, routed)        1.253    25.121    u_cpu_channel/u_package_fifo_cpu_rd/clk_50m
    SLICE_X41Y34         FDCE                                         r  u_cpu_channel/u_package_fifo_cpu_rd/none_blk_mode.nb_rptr_for_data_reg[2]/C
                         clock pessimism              0.131    25.253    
                         clock uncertainty           -0.214    25.039    
    SLICE_X41Y34         FDCE (Setup_fdce_C_D)        0.060    25.099    u_cpu_channel/u_package_fifo_cpu_rd/none_blk_mode.nb_rptr_for_data_reg[2]
  -------------------------------------------------------------------
                         required time                         25.099    
                         arrival time                         -23.536    
  -------------------------------------------------------------------
                         slack                                  1.562    





Min Delay Paths
--------------------------------------------------------------------------------------
Slack (MET) :             0.107ns  (arrival time - required time)
  Source:                 u_cpu_channel/u_package_fifo_cpu_rd/none_blk_mode.nb_dual_clk_cdc.u_para_fifo/mem_array_reg[7][18]/C
                            (rising edge-triggered cell FDRE clocked by clk_125m_unbuf  {rise@0.000ns fall@4.000ns period=8.000ns})
  Destination:            u_cpu_channel/u_package_fifo_cpu_rd/none_blk_mode.nb_rptr_for_data_reg[4]/D
                            (rising edge-triggered cell FDCE clocked by clk_50m_cpu_unbuf  {rise@0.000ns fall@10.000ns period=20.000ns})
  Path Group:             clk_50m_cpu_unbuf
  Path Type:              Hold (Min at Fast Process Corner)
  Requirement:            0.000ns  (clk_50m_cpu_unbuf rise@0.000ns - clk_125m_unbuf rise@0.000ns)
  Data Path Delay:        0.771ns  (logic 0.250ns (32.432%)  route 0.521ns (67.568%))
  Logic Levels:           2  (LUT6=1 MUXF7=1)
  Clock Path Skew:        0.316ns (DCD - SCD - CPR)
    Destination Clock Delay (DCD):    2.370ns
    Source Clock Delay      (SCD):    1.824ns
    Clock Pessimism Removal (CPR):    0.231ns
  Clock Uncertainty:      0.214ns  ((TSJ^2 + DJ^2)^1/2) / 2 + PE
    Total System Jitter     (TSJ):    0.071ns
    Discrete Jitter          (DJ):    0.175ns
    Phase Error              (PE):    0.120ns

    Location             Delay type                Incr(ns)  Path(ns)    Netlist Resource(s)
  -------------------------------------------------------------------    -------------------
                         (clock clk_125m_unbuf rise edge)
                                                      0.000     0.000 r  
    W19                                               0.000     0.000 r  clk_50m_in (IN)
                         net (fo=0)                   0.000     0.000    clk_50m_in
    W19                  IBUF (Prop_ibuf_I_O)         0.260     0.260 r  clk_50m_in_IBUF_inst/O
                         net (fo=1, routed)           0.440     0.700    clk_real.u_pll/clk_50m_in_IBUF
    MMCME2_ADV_X0Y0      MMCME2_ADV (Prop_mmcme2_adv_CLKIN1_CLKOUT0)
                                                      0.050     0.750 r  clk_real.u_pll/u_mmcm/CLKOUT0
                         net (fo=1, routed)           0.489     1.239    clk_real.u_pll/clk_125m_unbuf
    BUFGCTRL_X0Y4        BUFG (Prop_bufg_I_O)         0.026     1.265 r  clk_real.u_pll/u_bufg_125/O
                         net (fo=872, routed)         0.559     1.824    u_cpu_channel/u_package_fifo_cpu_rd/none_blk_mode.nb_dual_clk_cdc.u_para_fifo/clk_125m
    SLICE_X43Y34         FDRE                                         r  u_cpu_channel/u_package_fifo_cpu_rd/none_blk_mode.nb_dual_clk_cdc.u_para_fifo/mem_array_reg[7][18]/C
  -------------------------------------------------------------------    -------------------
    SLICE_X43Y34         FDRE (Prop_fdre_C_Q)         0.141     1.965 r  u_cpu_channel/u_package_fifo_cpu_rd/none_blk_mode.nb_dual_clk_cdc.u_para_fifo/mem_array_reg[7][18]/Q
                         net (fo=1, routed)           0.521     2.486    u_cpu_channel/u_package_fifo_cpu_rd/none_blk_mode.nb_dual_clk_cdc.u_para_fifo_n_183
    SLICE_X42Y34         LUT6 (Prop_lut6_I0_O)        0.045     2.531 r  u_cpu_channel/u_package_fifo_cpu_rd/none_blk_mode.rpkt_para_data_r0_inferred__0/none_blk_mode.nb_rptr_for_data[4]_i_3/O
                         net (fo=1, routed)           0.000     2.531    u_cpu_channel/u_package_fifo_cpu_rd/none_blk_mode.rpkt_para_data_r0_inferred__0/none_blk_mode.nb_rptr_for_data[4]_i_3_n_0
    SLICE_X42Y34         MUXF7 (Prop_muxf7_I1_O)      0.064     2.595 r  u_cpu_channel/u_package_fifo_cpu_rd/none_blk_mode.rpkt_para_data_r0_inferred__0/none_blk_mode.nb_rptr_for_data_reg[4]_i_1/O
                         net (fo=1, routed)           0.000     2.595    u_cpu_channel/u_package_fifo_cpu_rd/none_blk_mode.rpkt_para_data_r0_inferred__0/none_blk_mode.nb_rptr_for_data_reg[4]_i_1_n_0
    SLICE_X42Y34         FDCE                                         r  u_cpu_channel/u_package_fifo_cpu_rd/none_blk_mode.nb_rptr_for_data_reg[4]/D
  -------------------------------------------------------------------    -------------------

                         (clock clk_50m_cpu_unbuf rise edge)
                                                      0.000     0.000 r  
    W19                                               0.000     0.000 r  clk_50m_in (IN)
                         net (fo=0)                   0.000     0.000    clk_50m_in
    W19                  IBUF (Prop_ibuf_I_O)         0.448     0.448 r  clk_50m_in_IBUF_inst/O
                         net (fo=1, routed)           0.480     0.928    clk_real.u_pll/clk_50m_in_IBUF
    MMCME2_ADV_X0Y0      MMCME2_ADV (Prop_mmcme2_adv_CLKIN1_CLKOUT3)
                                                      0.053     0.981 r  clk_real.u_pll/u_mmcm/CLKOUT3
                         net (fo=1, routed)           0.534     1.515    clk_real.u_pll/clk_50m_cpu_unbuf
    BUFGCTRL_X0Y3        BUFG (Prop_bufg_I_O)         0.029     1.544 r  clk_real.u_pll/u_bufg_50_cpu/O
                         net (fo=3987, routed)        0.827     2.370    u_cpu_channel/u_package_fifo_cpu_rd/clk_50m
    SLICE_X42Y34         FDCE                                         r  u_cpu_channel/u_package_fifo_cpu_rd/none_blk_mode.nb_rptr_for_data_reg[4]/C
                         clock pessimism             -0.231     2.140    
                         clock uncertainty            0.214     2.354    
    SLICE_X42Y34         FDCE (Hold_fdce_C_D)         0.134     2.488    u_cpu_channel/u_package_fifo_cpu_rd/none_blk_mode.nb_rptr_for_data_reg[4]
  -------------------------------------------------------------------
                         required time                         -2.488    
                         arrival time                           2.595    
  -------------------------------------------------------------------
                         slack                                  0.107    





---------------------------------------------------------------------------------------------------
Path Group:  **async_default**
From Clock:  clk_50m_cpu_unbuf
  To Clock:  clk_50m_cpu_unbuf

Setup :            0  Failing Endpoints,  Worst Slack       13.613ns,  Total Violation        0.000ns
Hold  :            0  Failing Endpoints,  Worst Slack        1.118ns,  Total Violation        0.000ns
---------------------------------------------------------------------------------------------------


Max Delay Paths
--------------------------------------------------------------------------------------
Slack (MET) :             13.613ns  (required time - arrival time)
  Source:                 u_riscv/riscv_cpu_generation.u_riscv_cpu/reset_l_s_reg/C
                            (rising edge-triggered cell FDRE clocked by clk_50m_cpu_unbuf  {rise@0.000ns fall@10.000ns period=20.000ns})
  Destination:            u_riscv/riscv_cpu_generation.u_riscv_cpu/u_riscv_reg/riscv_ctrl_sb_rdata_reg[18]/CLR
                            (recovery check against rising-edge clock clk_50m_cpu_unbuf  {rise@0.000ns fall@10.000ns period=20.000ns})
  Path Group:             **async_default**
  Path Type:              Recovery (Max at Slow Process Corner)
  Requirement:            20.000ns  (clk_50m_cpu_unbuf rise@20.000ns - clk_50m_cpu_unbuf rise@0.000ns)
  Data Path Delay:        5.756ns  (logic 0.504ns (8.756%)  route 5.252ns (91.244%))
  Logic Levels:           1  (LUT1=1)
  Clock Path Skew:        -0.036ns (DCD - SCD + CPR)
    Destination Clock Delay (DCD):    5.128ns = ( 25.128 - 20.000 ) 
    Source Clock Delay      (SCD):    5.433ns
    Clock Pessimism Removal (CPR):    0.269ns
  Clock Uncertainty:      0.094ns  ((TSJ^2 + DJ^2)^1/2) / 2 + PE
    Total System Jitter     (TSJ):    0.071ns
    Discrete Jitter          (DJ):    0.175ns
    Phase Error              (PE):    0.000ns

    Location             Delay type                Incr(ns)  Path(ns)    Netlist Resource(s)
  -------------------------------------------------------------------    -------------------
                         (clock clk_50m_cpu_unbuf rise edge)
                                                      0.000     0.000 r  
    W19                                               0.000     0.000 r  clk_50m_in (IN)
                         net (fo=0)                   0.000     0.000    clk_50m_in
    W19                  IBUF (Prop_ibuf_I_O)         1.423     1.423 r  clk_50m_in_IBUF_inst/O
                         net (fo=1, routed)           1.065     2.489    clk_real.u_pll/clk_50m_in_IBUF
    MMCME2_ADV_X0Y0      MMCME2_ADV (Prop_mmcme2_adv_CLKIN1_CLKOUT3)
                                                      0.077     2.566 r  clk_real.u_pll/u_mmcm/CLKOUT3
                         net (fo=1, routed)           1.425     3.990    clk_real.u_pll/clk_50m_cpu_unbuf
    BUFGCTRL_X0Y3        BUFG (Prop_bufg_I_O)         0.081     4.071 r  clk_real.u_pll/u_bufg_50_cpu/O
                         net (fo=3987, routed)        1.362     5.433    u_riscv/riscv_cpu_generation.u_riscv_cpu/clk_50m
    SLICE_X45Y34         FDRE                                         r  u_riscv/riscv_cpu_generation.u_riscv_cpu/reset_l_s_reg/C
  -------------------------------------------------------------------    -------------------
    SLICE_X45Y34         FDRE (Prop_fdre_C_Q)         0.379     5.812 r  u_riscv/riscv_cpu_generation.u_riscv_cpu/reset_l_s_reg/Q
                         net (fo=29, routed)          0.857     6.669    u_riscv/riscv_cpu_generation.u_riscv_cpu/u_RiscV32_LocalBus/u_picorv32/reset_l_s
    SLICE_X44Y43         LUT1 (Prop_lut1_I0_O)        0.125     6.794 f  u_riscv/riscv_cpu_generation.u_riscv_cpu/u_RiscV32_LocalBus/u_picorv32/FSM_sequential_mem_state[1]_i_1/O
                         net (fo=573, routed)         4.394    11.189    u_riscv/riscv_cpu_generation.u_riscv_cpu/u_riscv_reg/rhwl_d_reg[0]
    SLICE_X55Y13         FDCE                                         f  u_riscv/riscv_cpu_generation.u_riscv_cpu/u_riscv_reg/riscv_ctrl_sb_rdata_reg[18]/CLR
  -------------------------------------------------------------------    -------------------

                         (clock clk_50m_cpu_unbuf rise edge)
                                                     20.000    20.000 r  
    W19                                               0.000    20.000 r  clk_50m_in (IN)
                         net (fo=0)                   0.000    20.000    clk_50m_in
    W19                  IBUF (Prop_ibuf_I_O)         1.357    21.357 r  clk_50m_in_IBUF_inst/O
                         net (fo=1, routed)           1.004    22.361    clk_real.u_pll/clk_50m_in_IBUF
    MMCME2_ADV_X0Y0      MMCME2_ADV (Prop_mmcme2_adv_CLKIN1_CLKOUT3)
                                                      0.073    22.434 r  clk_real.u_pll/u_mmcm/CLKOUT3
                         net (fo=1, routed)           1.357    23.792    clk_real.u_pll/clk_50m_cpu_unbuf
    BUFGCTRL_X0Y3        BUFG (Prop_bufg_I_O)         0.077    23.869 r  clk_real.u_pll/u_bufg_50_cpu/O
                         net (fo=3987, routed)        1.260    25.128    u_riscv/riscv_cpu_generation.u_riscv_cpu/u_riscv_reg/clk_50m
    SLICE_X55Y13         FDCE                                         r  u_riscv/riscv_cpu_generation.u_riscv_cpu/u_riscv_reg/riscv_ctrl_sb_rdata_reg[18]/C
                         clock pessimism              0.269    25.397    
                         clock uncertainty           -0.094    25.303    
    SLICE_X55Y13         FDCE (Recov_fdce_C_CLR)     -0.501    24.802    u_riscv/riscv_cpu_generation.u_riscv_cpu/u_riscv_reg/riscv_ctrl_sb_rdata_reg[18]
  -------------------------------------------------------------------
                         required time                         24.802    
                         arrival time                         -11.189    
  -------------------------------------------------------------------
                         slack                                 13.613    





Min Delay Paths
--------------------------------------------------------------------------------------
Slack (MET) :             1.118ns  (arrival time - required time)
  Source:                 u_riscv/riscv_cpu_generation.u_riscv_cpu/reset_l_s_reg/C
                            (rising edge-triggered cell FDRE clocked by clk_50m_cpu_unbuf  {rise@0.000ns fall@10.000ns period=20.000ns})
  Destination:            u_riscv/riscv_cpu_generation.u_riscv_cpu/u_RiscV32_LocalBus/u_RiscV32IntfBridge/address_reg[30]/CLR
                            (removal check against rising-edge clock clk_50m_cpu_unbuf  {rise@0.000ns fall@10.000ns period=20.000ns})
  Path Group:             **async_default**
  Path Type:              Removal (Min at Fast Process Corner)
  Requirement:            0.000ns  (clk_50m_cpu_unbuf rise@0.000ns - clk_50m_cpu_unbuf rise@0.000ns)
  Data Path Delay:        1.001ns  (logic 0.184ns (18.374%)  route 0.817ns (81.626%))
  Logic Levels:           1  (LUT1=1)
  Clock Path Skew:        0.042ns (DCD - SCD - CPR)
    Destination Clock Delay (DCD):    2.379ns
    Source Clock Delay      (SCD):    1.825ns
    Clock Pessimism Removal (CPR):    0.513ns

    Location             Delay type                Incr(ns)  Path(ns)    Netlist Resource(s)
  -------------------------------------------------------------------    -------------------
                         (clock clk_50m_cpu_unbuf rise edge)
                                                      0.000     0.000 r  
    W19                                               0.000     0.000 r  clk_50m_in (IN)
                         net (fo=0)                   0.000     0.000    clk_50m_in
    W19                  IBUF (Prop_ibuf_I_O)         0.260     0.260 r  clk_50m_in_IBUF_inst/O
                         net (fo=1, routed)           0.440     0.700    clk_real.u_pll/clk_50m_in_IBUF
    MMCME2_ADV_X0Y0      MMCME2_ADV (Prop_mmcme2_adv_CLKIN1_CLKOUT3)
                                                      0.050     0.750 r  clk_real.u_pll/u_mmcm/CLKOUT3
                         net (fo=1, routed)           0.489     1.239    clk_real.u_pll/clk_50m_cpu_unbuf
    BUFGCTRL_X0Y3        BUFG (Prop_bufg_I_O)         0.026     1.265 r  clk_real.u_pll/u_bufg_50_cpu/O
                         net (fo=3987, routed)        0.560     1.825    u_riscv/riscv_cpu_generation.u_riscv_cpu/clk_50m
    SLICE_X45Y34         FDRE                                         r  u_riscv/riscv_cpu_generation.u_riscv_cpu/reset_l_s_reg/C
  -------------------------------------------------------------------    -------------------
    SLICE_X45Y34         FDRE (Prop_fdre_C_Q)         0.141     1.966 r  u_riscv/riscv_cpu_generation.u_riscv_cpu/reset_l_s_reg/Q
                         net (fo=29, routed)          0.414     2.380    u_riscv/riscv_cpu_generation.u_riscv_cpu/u_RiscV32_LocalBus/u_picorv32/reset_l_s
    SLICE_X44Y43         LUT1 (Prop_lut1_I0_O)        0.043     2.423 f  u_riscv/riscv_cpu_generation.u_riscv_cpu/u_RiscV32_LocalBus/u_picorv32/FSM_sequential_mem_state[1]_i_1/O
                         net (fo=573, routed)         0.403     2.826    u_riscv/riscv_cpu_generation.u_riscv_cpu/u_RiscV32_LocalBus/u_RiscV32IntfBridge/wr_byte_en_reg[0]_0
    SLICE_X48Y44         FDCE                                         f  u_riscv/riscv_cpu_generation.u_riscv_cpu/u_RiscV32_LocalBus/u_RiscV32IntfBridge/address_reg[30]/CLR
  -------------------------------------------------------------------    -------------------

                         (clock clk_50m_cpu_unbuf rise edge)
                                                      0.000     0.000 r  
    W19                                               0.000     0.000 r  clk_50m_in (IN)
                         net (fo=0)                   0.000     0.000    clk_50m_in
    W19                  IBUF (Prop_ibuf_I_O)         0.448     0.448 r  clk_50m_in_IBUF_inst/O
                         net (fo=1, routed)           0.480     0.928    clk_real.u_pll/clk_50m_in_IBUF
    MMCME2_ADV_X0Y0      MMCME2_ADV (Prop_mmcme2_adv_CLKIN1_CLKOUT3)
                                                      0.053     0.981 r  clk_real.u_pll/u_mmcm/CLKOUT3
                         net (fo=1, routed)           0.534     1.515    clk_real.u_pll/clk_50m_cpu_unbuf
    BUFGCTRL_X0Y3        BUFG (Prop_bufg_I_O)         0.029     1.544 r  clk_real.u_pll/u_bufg_50_cpu/O
                         net (fo=3987, routed)        0.836     2.379    u_riscv/riscv_cpu_generation.u_riscv_cpu/u_RiscV32_LocalBus/u_RiscV32IntfBridge/clk_50m
    SLICE_X48Y44         FDCE                                         r  u_riscv/riscv_cpu_generation.u_riscv_cpu/u_RiscV32_LocalBus/u_RiscV32IntfBridge/address_reg[30]/C
                         clock pessimism             -0.513     1.867    
    SLICE_X48Y44         FDCE (Remov_fdce_C_CLR)     -0.159     1.708    u_riscv/riscv_cpu_generation.u_riscv_cpu/u_RiscV32_LocalBus/u_RiscV32IntfBridge/address_reg[30]
  -------------------------------------------------------------------
                         required time                         -1.708    
                         arrival time                           2.826    
  -------------------------------------------------------------------
                         slack                                  1.118    





