#-----------------------------------------------------------
# Vivado v2024.1 (64-bit)
# SW Build 5076996 on Wed May 22 18:36:09 MDT 2024
# IP Build 5075265 on Wed May 22 21:45:21 MDT 2024
# SharedData Build 5076995 on Wed May 22 18:29:18 MDT 2024
# Start of session at: Wed Jul 29 15:31:13 2026
# Process ID: 23453
# Current directory: /home/minkey/work/RiscV_WebSoC_v1/RiscV_WebSoC/build_RiscV_WebSoC_v0002_20260729_153011/RiscV_WebSoC_v0002_20260729_153011.runs/impl_1
# Command line: vivado -log webserver_cpu_top.vdi -applog -product Vivado -messageDb vivado.pb -mode batch -source webserver_cpu_top.tcl -notrace
# Log file: /home/minkey/work/RiscV_WebSoC_v1/RiscV_WebSoC/build_RiscV_WebSoC_v0002_20260729_153011/RiscV_WebSoC_v0002_20260729_153011.runs/impl_1/webserver_cpu_top.vdi
# Journal file: /home/minkey/work/RiscV_WebSoC_v1/RiscV_WebSoC/build_RiscV_WebSoC_v0002_20260729_153011/RiscV_WebSoC_v0002_20260729_153011.runs/impl_1/vivado.jou
# Running On        :minkey-pc
# Platform          :Ubuntu
# Operating System  :Ubuntu 26.04 LTS
# Processor Detail  :AMD Ryzen 7 6800H with Radeon Graphics
# CPU Frequency     :1993.914 MHz
# CPU Physical cores:8
# CPU Logical cores :16
# Host memory       :15423 MB
# Swap memory       :4294 MB
# Total Virtual     :19718 MB
# Available Virtual :13399 MB
#-----------------------------------------------------------
source webserver_cpu_top.tcl -notrace
