Copyright 1986-2022 Xilinx, Inc. All Rights Reserved. Copyright 2022-2024 Advanced Micro Devices, Inc. All Rights Reserved.
---------------------------------------------------------------------------------------------------------------------------------------------
| Tool Version : Vivado v.2024.1 (lin64) Build 5076996 Wed May 22 18:36:09 MDT 2024
| Date         : Wed Jul 29 15:32:04 2026
| Host         : minkey-pc running 64-bit Ubuntu 26.04 LTS
| Command      : report_clock_utilization -file webserver_cpu_top_clock_utilization_routed.rpt
| Design       : webserver_cpu_top
| Device       : 7a35t-fgg484
| Speed File   : -2  PRODUCTION 1.23 2018-06-13
| Design State : Routed
---------------------------------------------------------------------------------------------------------------------------------------------

Clock Utilization Report

Table of Contents
-----------------
1. Clock Primitive Utilization
2. Global Clock Resources
3. Global Clock Source Details
4. Clock Regions: Key Resource Utilization
5. Clock Regions : Global Clock Summary
6. Device Cell Placement Summary for Global Clock g0
7. Device Cell Placement Summary for Global Clock g1
8. Device Cell Placement Summary for Global Clock g2
9. Device Cell Placement Summary for Global Clock g3
10. Device Cell Placement Summary for Global Clock g4
11. Device Cell Placement Summary for Global Clock g5
12. Device Cell Placement Summary for Global Clock g6
13. Device Cell Placement Summary for Global Clock g7
14. Clock Region Cell Placement per Global Clock: Region X0Y0
15. Clock Region Cell Placement per Global Clock: Region X1Y0
16. Clock Region Cell Placement per Global Clock: Region X0Y1
17. Clock Region Cell Placement per Global Clock: Region X1Y1

1. Clock Primitive Utilization
------------------------------

+----------+------+-----------+-----+--------------+--------+
| Type     | Used | Available | LOC | Clock Region | Pblock |
+----------+------+-----------+-----+--------------+--------+
| BUFGCTRL |    8 |        32 |   0 |            0 |      0 |
| BUFH     |    0 |        72 |   0 |            0 |      0 |
| BUFIO    |    0 |        20 |   0 |            0 |      0 |
| BUFMR    |    0 |        10 |   0 |            0 |      0 |
| BUFR     |    0 |        20 |   0 |            0 |      0 |
| MMCM     |    1 |         5 |   0 |            0 |      0 |
| PLL      |    0 |         5 |   0 |            0 |      0 |
+----------+------+-----------+-----+--------------+--------+


2. Global Clock Resources
-------------------------

+-----------+-----------+-----------------+------------+---------------+--------------+-------------------+-------------+-----------------+--------------+-------------------+--------------------------------+-----------------------------+
| Global Id | Source Id | Driver Type/Pin | Constraint | Site          | Clock Region | Load Clock Region | Clock Loads | Non-Clock Loads | Clock Period | Clock             | Driver Pin                     | Net                         |
+-----------+-----------+-----------------+------------+---------------+--------------+-------------------+-------------+-----------------+--------------+-------------------+--------------------------------+-----------------------------+
| g0        | src0      | BUFG/O          | None       | BUFGCTRL_X0Y4 | n/a          |                 4 |        4031 |               0 |       20.000 | clk_50m_cpu_unbuf | clk_real.u_pll/u_bufg_50_cpu/O | clk_real.u_pll/clk_50m      |
| g1        | src1      | BUFG/O          | None       | BUFGCTRL_X0Y5 | n/a          |                 2 |         844 |               0 |        8.000 | clk_125m_unbuf    | clk_real.u_pll/u_bufg_125/O    | clk_real.u_pll/clk_125m     |
| g2        | src2      | BUFG/O          | None       | BUFGCTRL_X0Y6 | n/a          |                 1 |         170 |               0 |              |                   | in_ptr_gray_reg[2]_i_3/O       | in_ptr_gray_reg[2]_i_3_n_0  |
| g3        | src3      | BUFG/O          | None       | BUFGCTRL_X0Y0 | n/a          |                 1 |         164 |               0 |        8.000 | enet1_rx_clk      | u_bridge/u_rx/u_rxc_bufg/O     | u_bridge/u_rx/u_rxc_bufg_0  |
| g4        | src4      | BUFG/O          | None       | BUFGCTRL_X0Y1 | n/a          |                 2 |         117 |               1 |              |                   | Eth0_MDC_OBUF_BUFG_inst/O      | Eth0_MDC_OBUF_BUFG          |
| g5        | src5      | BUFG/O          | None       | BUFGCTRL_X0Y7 | n/a          |                 3 |          34 |               0 |              |                   | in_ptr_gray1_reg[3]_i_1/O      | in_ptr_gray1_reg[3]_i_1_n_0 |
| g6        | src6      | BUFG/O          | None       | BUFGCTRL_X0Y2 | n/a          |                 1 |           6 |               0 |        8.000 | clk_125m_tx_unbuf | clk_real.u_pll/u_bufg_125_tx/O | clk_real.u_pll/clk_125m_tx  |
| g7        | src7      | BUFG/O          | None       | BUFGCTRL_X0Y3 | n/a          |                 1 |           1 |               0 |        5.000 | clk_200m_unbuf    | clk_real.u_pll/u_bufg_200/O    | clk_real.u_pll/clk_200m     |
+-----------+-----------+-----------------+------------+---------------+--------------+-------------------+-------------+-----------------+--------------+-------------------+--------------------------------+-----------------------------+
* Clock Loads column represents cell count of net connects that connect to a clock pin. Internal cell leaf pins are not considered
** Non-Clock Loads column represents cell count of non-clock pin loads


3. Global Clock Source Details
------------------------------

+-----------+-----------+--------------------+------------+-----------------+--------------+-------------+-----------------+---------------------+-------------------+----------------------------------------------------------------------------------------------------+----------------------------------------------------------------------------------------------------+
| Source Id | Global Id | Driver Type/Pin    | Constraint | Site            | Clock Region | Clock Loads | Non-Clock Loads | Source Clock Period | Source Clock      | Driver Pin                                                                                         | Net                                                                                                |
+-----------+-----------+--------------------+------------+-----------------+--------------+-------------+-----------------+---------------------+-------------------+----------------------------------------------------------------------------------------------------+----------------------------------------------------------------------------------------------------+
| src0      | g0        | MMCME2_ADV/CLKOUT3 | None       | MMCME2_ADV_X0Y0 | X0Y0         |           1 |               0 |              20.000 | clk_50m_cpu_unbuf | clk_real.u_pll/u_mmcm/CLKOUT3                                                                      | clk_real.u_pll/clk_50m_cpu_unbuf                                                                   |
| src1      | g1        | MMCME2_ADV/CLKOUT0 | None       | MMCME2_ADV_X0Y0 | X0Y0         |           1 |               0 |               8.000 | clk_125m_unbuf    | clk_real.u_pll/u_mmcm/CLKOUT0                                                                      | clk_real.u_pll/clk_125m_unbuf                                                                      |
| src2      | g2        | FDCE/Q             | None       | SLICE_X43Y46    | X1Y0         |           1 |               1 |                     |                   | u_riscv/lcpu_real.u_cpu/gen_uart.u_uart_lcpu_top/u_uart/u_clock_frequency_divider_rx/clk_out_reg/Q | u_riscv/lcpu_real.u_cpu/gen_uart.u_uart_lcpu_top/u_uart/u_clock_frequency_divider_rx/clk_out_reg_0 |
| src3      | g3        | IBUF/O             | IOB_X0Y24  | IOB_X0Y24       | X0Y0         |           1 |               0 |               8.000 | enet1_rx_clk      | rgmii_rxc_IBUF_inst/O                                                                              | rgmii_rxc_IBUF                                                                                     |
| src4      | g4        | FDCE/Q             | None       | SLICE_X38Y46    | X1Y0         |           1 |               1 |                     |                   | u_mdio/u_clock_frequency_divider/clk_out_reg/Q                                                     | u_mdio/u_clock_frequency_divider/Eth0_MDC_OBUF                                                     |
| src5      | g5        | FDCE/Q             | None       | SLICE_X42Y47    | X1Y0         |           1 |               1 |                     |                   | u_riscv/lcpu_real.u_cpu/gen_uart.u_uart_lcpu_top/u_uart/u_clock_frequency_divider_tx/clk_out_reg/Q | u_riscv/lcpu_real.u_cpu/gen_uart.u_uart_lcpu_top/u_uart/u_clock_frequency_divider_tx/clk_out_reg_0 |
| src6      | g6        | MMCME2_ADV/CLKOUT2 | None       | MMCME2_ADV_X0Y0 | X0Y0         |           1 |               0 |               8.000 | clk_125m_tx_unbuf | clk_real.u_pll/u_mmcm/CLKOUT2                                                                      | clk_real.u_pll/clk_125m_tx_unbuf                                                                   |
| src7      | g7        | MMCME2_ADV/CLKOUT1 | None       | MMCME2_ADV_X0Y0 | X0Y0         |           1 |               0 |               5.000 | clk_200m_unbuf    | clk_real.u_pll/u_mmcm/CLKOUT1                                                                      | clk_real.u_pll/clk_200m_unbuf                                                                      |
+-----------+-----------+--------------------+------------+-----------------+--------------+-------------+-----------------+---------------------+-------------------+----------------------------------------------------------------------------------------------------+----------------------------------------------------------------------------------------------------+
* Clock Loads column represents cell count of net connects that connect to a clock pin. Internal cell leaf pins are not considered
** Non-Clock Loads column represents cell count of non-clock pin loads


4. Clock Regions: Key Resource Utilization
------------------------------------------

+-------------------+--------------+--------------+--------------+--------------+--------------+--------------+--------------+--------------+--------------+--------------+--------------+--------------+--------------+--------------+--------------+
|                   | Global Clock |     BUFRs    |    BUFMRs    |    BUFIOs    |     MMCM     |      PLL     |      GT      |      PCI     |    ILOGIC    |    OLOGIC    |      FF      |     LUTM     |    RAMB18    |    RAMB36    |    DSP48E2   |
+-------------------+------+-------+------+-------+------+-------+------+-------+------+-------+------+-------+------+-------+------+-------+------+-------+------+-------+------+-------+------+-------+------+-------+------+-------+------+-------+
| Clock Region Name | Used | Avail | Used | Avail | Used | Avail | Used | Avail | Used | Avail | Used | Avail | Used | Avail | Used | Avail | Used | Avail | Used | Avail | Used | Avail | Used | Avail | Used | Avail | Used | Avail | Used | Avail |
+-------------------+------+-------+------+-------+------+-------+------+-------+------+-------+------+-------+------+-------+------+-------+------+-------+------+-------+------+-------+------+-------+------+-------+------+-------+------+-------+
| X0Y0              |    7 |    12 |    0 |     4 |    0 |     2 |    0 |     4 |    0 |     1 |    0 |     1 |    0 |     0 |    0 |     0 |    5 |    50 |    6 |    50 | 1777 |  1200 |  622 |   400 |    0 |    20 |    2 |    10 |    0 |    20 |
| X1Y0              |    4 |    12 |    0 |     4 |    0 |     2 |    0 |     4 |    0 |     1 |    0 |     1 |    0 |     0 |    0 |     0 |    0 |    50 |    0 |    50 | 3411 |  1500 | 1177 |   450 |    0 |    40 |    8 |    20 |    0 |    20 |
| X0Y1              |    2 |    12 |    0 |     4 |    0 |     2 |    0 |     4 |    0 |     1 |    0 |     1 |    0 |     0 |    0 |     0 |    0 |    50 |    0 |    50 |  100 |  1200 |   34 |   400 |    0 |    20 |    0 |    10 |    0 |    20 |
| X1Y1              |    2 |    12 |    0 |     4 |    0 |     2 |    0 |     4 |    0 |     1 |    0 |     1 |    0 |     0 |    0 |     0 |    0 |    50 |    0 |    50 |   42 |  1500 |    8 |   450 |    0 |    40 |    0 |    20 |    0 |    20 |
| X0Y2              |    0 |    12 |    0 |     4 |    0 |     2 |    0 |     4 |    0 |     1 |    0 |     1 |    0 |     0 |    0 |     0 |    0 |    50 |    0 |    50 |    0 |  1800 |    0 |   400 |    0 |    20 |    0 |    10 |    0 |    20 |
| X1Y2              |    0 |    12 |    0 |     0 |    0 |     0 |    0 |     0 |    0 |     0 |    0 |     0 |    0 |     4 |    0 |     1 |    0 |     0 |    0 |     0 |    0 |   950 |    0 |   300 |    0 |    10 |    0 |     5 |    0 |    20 |
+-------------------+------+-------+------+-------+------+-------+------+-------+------+-------+------+-------+------+-------+------+-------+------+-------+------+-------+------+-------+------+-------+------+-------+------+-------+------+-------+
* Global Clock column represents track count; while other columns represents cell counts


5. Clock Regions : Global Clock Summary
---------------------------------------

All Modules
+----+----+----+
|    | X0 | X1 |
+----+----+----+
| Y2 |  0 |  0 |
| Y1 |  0 |  0 |
| Y0 |  0 |  0 |
+----+----+----+


6. Device Cell Placement Summary for Global Clock g0
----------------------------------------------------

+-----------+-----------------+-------------------+-------------------+-------------+----------------+-------------+----------+----------------+----------+------------------------+
| Global Id | Driver Type/Pin | Driver Region (D) | Clock             | Period (ns) | Waveform (ns)  | Slice Loads | IO Loads | Clocking Loads | GT Loads | Net                    |
+-----------+-----------------+-------------------+-------------------+-------------+----------------+-------------+----------+----------------+----------+------------------------+
| g0        | BUFG/O          | n/a               | clk_50m_cpu_unbuf |      20.000 | {0.000 10.000} |        4031 |        0 |              0 |        0 | clk_real.u_pll/clk_50m |
+-----------+-----------------+-------------------+-------------------+-------------+----------------+-------------+----------+----------------+----------+------------------------+
* Slice Loads column represents load cell count of all cell types other than IO, GT and clock resources
** IO Loads column represents load cell count of IO types
*** Clocking Loads column represents load cell count that are clock resources (global clock buffer, MMCM, PLL, etc)
**** GT Loads column represents load cell count of GT types


+----+------+-------+-----------------------+
|    | X0   | X1    | HORIZONTAL PROG DELAY |
+----+------+-------+-----------------------+
| Y2 |    0 |     0 |                     - |
| Y1 |   80 |    31 |                     0 |
| Y0 |  955 |  2965 |                     0 |
+----+------+-------+-----------------------+


7. Device Cell Placement Summary for Global Clock g1
----------------------------------------------------

+-----------+-----------------+-------------------+----------------+-------------+---------------+-------------+----------+----------------+----------+-------------------------+
| Global Id | Driver Type/Pin | Driver Region (D) | Clock          | Period (ns) | Waveform (ns) | Slice Loads | IO Loads | Clocking Loads | GT Loads | Net                     |
+-----------+-----------------+-------------------+----------------+-------------+---------------+-------------+----------+----------------+----------+-------------------------+
| g1        | BUFG/O          | n/a               | clk_125m_unbuf |       8.000 | {0.000 4.000} |         840 |        0 |              0 |        0 | clk_real.u_pll/clk_125m |
+-----------+-----------------+-------------------+----------------+-------------+---------------+-------------+----------+----------------+----------+-------------------------+
* Slice Loads column represents load cell count of all cell types other than IO, GT and clock resources
** IO Loads column represents load cell count of IO types
*** Clocking Loads column represents load cell count that are clock resources (global clock buffer, MMCM, PLL, etc)
**** GT Loads column represents load cell count of GT types


+----+------+------+-----------------------+
|    | X0   | X1   | HORIZONTAL PROG DELAY |
+----+------+------+-----------------------+
| Y2 |    0 |    0 |                     - |
| Y1 |    0 |    0 |                     - |
| Y0 |  672 |  168 |                     0 |
+----+------+------+-----------------------+


8. Device Cell Placement Summary for Global Clock g2
----------------------------------------------------

+-----------+-----------------+-------------------+-------+-------------+---------------+-------------+----------+----------------+----------+----------------------------+
| Global Id | Driver Type/Pin | Driver Region (D) | Clock | Period (ns) | Waveform (ns) | Slice Loads | IO Loads | Clocking Loads | GT Loads | Net                        |
+-----------+-----------------+-------------------+-------+-------------+---------------+-------------+----------+----------------+----------+----------------------------+
| g2        | BUFG/O          | n/a               |       |             |               |         170 |        0 |              0 |        0 | in_ptr_gray_reg[2]_i_3_n_0 |
+-----------+-----------------+-------------------+-------+-------------+---------------+-------------+----------+----------------+----------+----------------------------+
* Slice Loads column represents load cell count of all cell types other than IO, GT and clock resources
** IO Loads column represents load cell count of IO types
*** Clocking Loads column represents load cell count that are clock resources (global clock buffer, MMCM, PLL, etc)
**** GT Loads column represents load cell count of GT types


+----+----+------+-----------------------+
|    | X0 | X1   | HORIZONTAL PROG DELAY |
+----+----+------+-----------------------+
| Y2 |  0 |    0 |                     - |
| Y1 |  0 |    0 |                     - |
| Y0 |  0 |  170 |                     0 |
+----+----+------+-----------------------+


9. Device Cell Placement Summary for Global Clock g3
----------------------------------------------------

+-----------+-----------------+-------------------+--------------+-------------+---------------+-------------+----------+----------------+----------+----------------------------+
| Global Id | Driver Type/Pin | Driver Region (D) | Clock        | Period (ns) | Waveform (ns) | Slice Loads | IO Loads | Clocking Loads | GT Loads | Net                        |
+-----------+-----------------+-------------------+--------------+-------------+---------------+-------------+----------+----------------+----------+----------------------------+
| g3        | BUFG/O          | n/a               | enet1_rx_clk |       8.000 | {0.000 4.000} |         164 |        0 |              0 |        0 | u_bridge/u_rx/u_rxc_bufg_0 |
+-----------+-----------------+-------------------+--------------+-------------+---------------+-------------+----------+----------------+----------+----------------------------+
* Slice Loads column represents load cell count of all cell types other than IO, GT and clock resources
** IO Loads column represents load cell count of IO types
*** Clocking Loads column represents load cell count that are clock resources (global clock buffer, MMCM, PLL, etc)
**** GT Loads column represents load cell count of GT types


+----+------+----+-----------------------+
|    | X0   | X1 | HORIZONTAL PROG DELAY |
+----+------+----+-----------------------+
| Y2 |    0 |  0 |                     - |
| Y1 |    0 |  0 |                     - |
| Y0 |  164 |  0 |                     0 |
+----+------+----+-----------------------+


10. Device Cell Placement Summary for Global Clock g4
-----------------------------------------------------

+-----------+-----------------+-------------------+-------+-------------+---------------+-------------+----------+----------------+----------+--------------------+
| Global Id | Driver Type/Pin | Driver Region (D) | Clock | Period (ns) | Waveform (ns) | Slice Loads | IO Loads | Clocking Loads | GT Loads | Net                |
+-----------+-----------------+-------------------+-------+-------------+---------------+-------------+----------+----------------+----------+--------------------+
| g4        | BUFG/O          | n/a               |       |             |               |         117 |        1 |              0 |        0 | Eth0_MDC_OBUF_BUFG |
+-----------+-----------------+-------------------+-------+-------------+---------------+-------------+----------+----------------+----------+--------------------+
* Slice Loads column represents load cell count of all cell types other than IO, GT and clock resources
** IO Loads column represents load cell count of IO types
*** Clocking Loads column represents load cell count that are clock resources (global clock buffer, MMCM, PLL, etc)
**** GT Loads column represents load cell count of GT types


+----+----+------+-----------------------+
|    | X0 | X1   | HORIZONTAL PROG DELAY |
+----+----+------+-----------------------+
| Y2 |  0 |    0 |                     - |
| Y1 |  0 |    0 |                     - |
| Y0 |  1 |  117 |                     0 |
+----+----+------+-----------------------+


11. Device Cell Placement Summary for Global Clock g5
-----------------------------------------------------

+-----------+-----------------+-------------------+-------+-------------+---------------+-------------+----------+----------------+----------+-----------------------------+
| Global Id | Driver Type/Pin | Driver Region (D) | Clock | Period (ns) | Waveform (ns) | Slice Loads | IO Loads | Clocking Loads | GT Loads | Net                         |
+-----------+-----------------+-------------------+-------+-------------+---------------+-------------+----------+----------------+----------+-----------------------------+
| g5        | BUFG/O          | n/a               |       |             |               |          34 |        0 |              0 |        0 | in_ptr_gray1_reg[3]_i_1_n_0 |
+-----------+-----------------+-------------------+-------+-------------+---------------+-------------+----------+----------------+----------+-----------------------------+
* Slice Loads column represents load cell count of all cell types other than IO, GT and clock resources
** IO Loads column represents load cell count of IO types
*** Clocking Loads column represents load cell count that are clock resources (global clock buffer, MMCM, PLL, etc)
**** GT Loads column represents load cell count of GT types


+----+-----+-----+-----------------------+
|    | X0  | X1  | HORIZONTAL PROG DELAY |
+----+-----+-----+-----------------------+
| Y2 |   0 |   0 |                     - |
| Y1 |  20 |  11 |                     0 |
| Y0 |   3 |   0 |                     0 |
+----+-----+-----+-----------------------+


12. Device Cell Placement Summary for Global Clock g6
-----------------------------------------------------

+-----------+-----------------+-------------------+-------------------+-------------+---------------+-------------+----------+----------------+----------+----------------------------+
| Global Id | Driver Type/Pin | Driver Region (D) | Clock             | Period (ns) | Waveform (ns) | Slice Loads | IO Loads | Clocking Loads | GT Loads | Net                        |
+-----------+-----------------+-------------------+-------------------+-------------+---------------+-------------+----------+----------------+----------+----------------------------+
| g6        | BUFG/O          | n/a               | clk_125m_tx_unbuf |       8.000 | {2.000 6.000} |           6 |        0 |              0 |        0 | clk_real.u_pll/clk_125m_tx |
+-----------+-----------------+-------------------+-------------------+-------------+---------------+-------------+----------+----------------+----------+----------------------------+
* Slice Loads column represents load cell count of all cell types other than IO, GT and clock resources
** IO Loads column represents load cell count of IO types
*** Clocking Loads column represents load cell count that are clock resources (global clock buffer, MMCM, PLL, etc)
**** GT Loads column represents load cell count of GT types


+----+----+----+-----------------------+
|    | X0 | X1 | HORIZONTAL PROG DELAY |
+----+----+----+-----------------------+
| Y2 |  0 |  0 |                     - |
| Y1 |  0 |  0 |                     - |
| Y0 |  6 |  0 |                     0 |
+----+----+----+-----------------------+


13. Device Cell Placement Summary for Global Clock g7
-----------------------------------------------------

+-----------+-----------------+-------------------+----------------+-------------+---------------+-------------+----------+----------------+----------+-------------------------+
| Global Id | Driver Type/Pin | Driver Region (D) | Clock          | Period (ns) | Waveform (ns) | Slice Loads | IO Loads | Clocking Loads | GT Loads | Net                     |
+-----------+-----------------+-------------------+----------------+-------------+---------------+-------------+----------+----------------+----------+-------------------------+
| g7        | BUFG/O          | n/a               | clk_200m_unbuf |       5.000 | {0.000 2.500} |           1 |        0 |              0 |        0 | clk_real.u_pll/clk_200m |
+-----------+-----------------+-------------------+----------------+-------------+---------------+-------------+----------+----------------+----------+-------------------------+
* Slice Loads column represents load cell count of all cell types other than IO, GT and clock resources
** IO Loads column represents load cell count of IO types
*** Clocking Loads column represents load cell count that are clock resources (global clock buffer, MMCM, PLL, etc)
**** GT Loads column represents load cell count of GT types


+----+----+----+-----------------------+
|    | X0 | X1 | HORIZONTAL PROG DELAY |
+----+----+----+-----------------------+
| Y2 |  0 |  0 |                     - |
| Y1 |  0 |  0 |                     - |
| Y0 |  1 |  0 |                     0 |
+----+----+----+-----------------------+


14. Clock Region Cell Placement per Global Clock: Region X0Y0
-------------------------------------------------------------

+-----------+-------+-----------------+------------+-------------+-----------------+-----+-------------+------+-----+----+------+-----+---------+-----------------------------+
| Global Id | Track | Driver Type/Pin | Constraint | Clock Loads | Non-Clock Loads | FF  | Memory LUTs | RAMB | DSP | GT | MMCM | PLL | Hard IP | Net                         |
+-----------+-------+-----------------+------------+-------------+-----------------+-----+-------------+------+-----+----+------+-----+---------+-----------------------------+
| g0        | n/a   | BUFG/O          | None       |         955 |               0 | 953 |           0 |    2 |   0 |  0 |    0 |   0 |       0 | clk_real.u_pll/clk_50m      |
| g1        | n/a   | BUFG/O          | None       |         672 |               0 | 662 |           8 |    2 |   0 |  0 |    0 |   0 |       0 | clk_real.u_pll/clk_125m     |
| g3        | n/a   | BUFG/O          | None       |         164 |               0 | 159 |           0 |    0 |   0 |  0 |    0 |   0 |       0 | u_bridge/u_rx/u_rxc_bufg_0  |
| g4        | n/a   | BUFG/O          | None       |           0 |               1 |   0 |           0 |    0 |   0 |  0 |    0 |   0 |       0 | Eth0_MDC_OBUF_BUFG          |
| g5        | n/a   | BUFG/O          | None       |           3 |               0 |   3 |           0 |    0 |   0 |  0 |    0 |   0 |       0 | in_ptr_gray1_reg[3]_i_1_n_0 |
| g6        | n/a   | BUFG/O          | None       |           6 |               0 |   0 |           0 |    0 |   0 |  0 |    0 |   0 |       0 | clk_real.u_pll/clk_125m_tx  |
| g7        | n/a   | BUFG/O          | None       |           1 |               0 |   0 |           0 |    0 |   0 |  0 |    0 |   0 |       0 | clk_real.u_pll/clk_200m     |
+-----------+-------+-----------------+------------+-------------+-----------------+-----+-------------+------+-----+----+------+-----+---------+-----------------------------+
* Clock Loads column represents cell count of net connects that connect to a clock pin. Internal cell leaf pins are not considered
** Non-Clock Loads column represents cell count of non-clock pin loads
*** Columns FF, LUTRAM, RAMB through 'Hard IP' represents load cell counts


15. Clock Region Cell Placement per Global Clock: Region X1Y0
-------------------------------------------------------------

+-----------+-------+-----------------+------------+-------------+-----------------+------+-------------+------+-----+----+------+-----+---------+----------------------------+
| Global Id | Track | Driver Type/Pin | Constraint | Clock Loads | Non-Clock Loads | FF   | Memory LUTs | RAMB | DSP | GT | MMCM | PLL | Hard IP | Net                        |
+-----------+-------+-----------------+------------+-------------+-----------------+------+-------------+------+-----+----+------+-----+---------+----------------------------+
| g0        | n/a   | BUFG/O          | None       |        2965 |               0 | 2956 |           0 |    8 |   0 |  0 |    0 |   0 |       0 | clk_real.u_pll/clk_50m     |
| g1        | n/a   | BUFG/O          | None       |         168 |               0 |  168 |           0 |    0 |   0 |  0 |    0 |   0 |       0 | clk_real.u_pll/clk_125m    |
| g2        | n/a   | BUFG/O          | None       |         170 |               0 |  170 |           0 |    0 |   0 |  0 |    0 |   0 |       0 | in_ptr_gray_reg[2]_i_3_n_0 |
| g4        | n/a   | BUFG/O          | None       |         117 |               0 |  117 |           0 |    0 |   0 |  0 |    0 |   0 |       0 | Eth0_MDC_OBUF_BUFG         |
+-----------+-------+-----------------+------------+-------------+-----------------+------+-------------+------+-----+----+------+-----+---------+----------------------------+
* Clock Loads column represents cell count of net connects that connect to a clock pin. Internal cell leaf pins are not considered
** Non-Clock Loads column represents cell count of non-clock pin loads
*** Columns FF, LUTRAM, RAMB through 'Hard IP' represents load cell counts


16. Clock Region Cell Placement per Global Clock: Region X0Y1
-------------------------------------------------------------

+-----------+-------+-----------------+------------+-------------+-----------------+----+-------------+------+-----+----+------+-----+---------+-----------------------------+
| Global Id | Track | Driver Type/Pin | Constraint | Clock Loads | Non-Clock Loads | FF | Memory LUTs | RAMB | DSP | GT | MMCM | PLL | Hard IP | Net                         |
+-----------+-------+-----------------+------------+-------------+-----------------+----+-------------+------+-----+----+------+-----+---------+-----------------------------+
| g0        | n/a   | BUFG/O          | None       |          80 |               0 | 80 |           0 |    0 |   0 |  0 |    0 |   0 |       0 | clk_real.u_pll/clk_50m      |
| g5        | n/a   | BUFG/O          | None       |          20 |               0 | 20 |           0 |    0 |   0 |  0 |    0 |   0 |       0 | in_ptr_gray1_reg[3]_i_1_n_0 |
+-----------+-------+-----------------+------------+-------------+-----------------+----+-------------+------+-----+----+------+-----+---------+-----------------------------+
* Clock Loads column represents cell count of net connects that connect to a clock pin. Internal cell leaf pins are not considered
** Non-Clock Loads column represents cell count of non-clock pin loads
*** Columns FF, LUTRAM, RAMB through 'Hard IP' represents load cell counts


17. Clock Region Cell Placement per Global Clock: Region X1Y1
-------------------------------------------------------------

+-----------+-------+-----------------+------------+-------------+-----------------+----+-------------+------+-----+----+------+-----+---------+-----------------------------+
| Global Id | Track | Driver Type/Pin | Constraint | Clock Loads | Non-Clock Loads | FF | Memory LUTs | RAMB | DSP | GT | MMCM | PLL | Hard IP | Net                         |
+-----------+-------+-----------------+------------+-------------+-----------------+----+-------------+------+-----+----+------+-----+---------+-----------------------------+
| g0        | n/a   | BUFG/O          | None       |          31 |               0 | 31 |           0 |    0 |   0 |  0 |    0 |   0 |       0 | clk_real.u_pll/clk_50m      |
| g5        | n/a   | BUFG/O          | None       |          11 |               0 | 11 |           0 |    0 |   0 |  0 |    0 |   0 |       0 | in_ptr_gray1_reg[3]_i_1_n_0 |
+-----------+-------+-----------------+------------+-------------+-----------------+----+-------------+------+-----+----+------+-----+---------+-----------------------------+
* Clock Loads column represents cell count of net connects that connect to a clock pin. Internal cell leaf pins are not considered
** Non-Clock Loads column represents cell count of non-clock pin loads
*** Columns FF, LUTRAM, RAMB through 'Hard IP' represents load cell counts



# Location of BUFG Primitives 
set_property LOC BUFGCTRL_X0Y0 [get_cells u_bridge/u_rx/u_rxc_bufg]
set_property LOC BUFGCTRL_X0Y6 [get_cells in_ptr_gray_reg[2]_i_3]
set_property LOC BUFGCTRL_X0Y7 [get_cells in_ptr_gray1_reg[3]_i_1]
set_property LOC BUFGCTRL_X0Y4 [get_cells clk_real.u_pll/u_bufg_50_cpu]
set_property LOC BUFGCTRL_X0Y3 [get_cells clk_real.u_pll/u_bufg_200]
set_property LOC BUFGCTRL_X0Y2 [get_cells clk_real.u_pll/u_bufg_125_tx]
set_property LOC BUFGCTRL_X0Y5 [get_cells clk_real.u_pll/u_bufg_125]
set_property LOC BUFGCTRL_X0Y1 [get_cells Eth0_MDC_OBUF_BUFG_inst]

# Location of IO Primitives which is load of clock spine
set_property LOC IOB_X0Y11 [get_cells Eth0_MDC_OBUF_inst]

# Location of clock ports
set_property LOC IOB_X0Y26 [get_ports clk_50m_in]
set_property LOC IOB_X0Y24 [get_ports rgmii_rxc]

# Clock net "u_bridge/u_rx/u_rxc_bufg_0" driven by instance "u_bridge/u_rx/u_rxc_bufg" located at site "BUFGCTRL_X0Y0"
#startgroup
create_pblock {CLKAG_u_bridge/u_rx/u_rxc_bufg_0}
add_cells_to_pblock [get_pblocks  {CLKAG_u_bridge/u_rx/u_rxc_bufg_0}] [get_cells -filter { PRIMITIVE_GROUP != I/O && IS_PRIMITIVE==1 && PRIMITIVE_LEVEL !=INTERNAL } -of_object [get_pins -filter {DIRECTION==IN} -of_objects [get_nets -hierarchical -filter {PARENT=="u_bridge/u_rx/u_rxc_bufg_0"}]]]
resize_pblock [get_pblocks {CLKAG_u_bridge/u_rx/u_rxc_bufg_0}] -add {CLOCKREGION_X0Y0:CLOCKREGION_X0Y0}
#endgroup

# Clock net "in_ptr_gray_reg[2]_i_3_n_0" driven by instance "in_ptr_gray_reg[2]_i_3" located at site "BUFGCTRL_X0Y6"
#startgroup
create_pblock {CLKAG_in_ptr_gray_reg[2]_i_3_n_0}
add_cells_to_pblock [get_pblocks  {CLKAG_in_ptr_gray_reg[2]_i_3_n_0}] [get_cells -filter { PRIMITIVE_GROUP != I/O && IS_PRIMITIVE==1 && PRIMITIVE_LEVEL !=INTERNAL } -of_object [get_pins -filter {DIRECTION==IN} -of_objects [get_nets -hierarchical -filter {PARENT=="in_ptr_gray_reg[2]_i_3_n_0"}]]]
resize_pblock [get_pblocks {CLKAG_in_ptr_gray_reg[2]_i_3_n_0}] -add {CLOCKREGION_X1Y0:CLOCKREGION_X1Y0}
#endgroup

# Clock net "in_ptr_gray1_reg[3]_i_1_n_0" driven by instance "in_ptr_gray1_reg[3]_i_1" located at site "BUFGCTRL_X0Y7"
#startgroup
create_pblock {CLKAG_in_ptr_gray1_reg[3]_i_1_n_0}
add_cells_to_pblock [get_pblocks  {CLKAG_in_ptr_gray1_reg[3]_i_1_n_0}] [get_cells -filter { PRIMITIVE_GROUP != I/O && IS_PRIMITIVE==1 && PRIMITIVE_LEVEL !=INTERNAL } -of_object [get_pins -filter {DIRECTION==IN} -of_objects [get_nets -hierarchical -filter {PARENT=="in_ptr_gray1_reg[3]_i_1_n_0"}]]]
resize_pblock [get_pblocks {CLKAG_in_ptr_gray1_reg[3]_i_1_n_0}] -add {CLOCKREGION_X0Y0:CLOCKREGION_X0Y0 CLOCKREGION_X0Y1:CLOCKREGION_X0Y1 CLOCKREGION_X1Y1:CLOCKREGION_X1Y1}
#endgroup

# Clock net "clk_real.u_pll/clk_50m" driven by instance "clk_real.u_pll/u_bufg_50_cpu" located at site "BUFGCTRL_X0Y4"
#startgroup
create_pblock {CLKAG_clk_real.u_pll/clk_50m}
add_cells_to_pblock [get_pblocks  {CLKAG_clk_real.u_pll/clk_50m}] [get_cells -filter { PRIMITIVE_GROUP != I/O && IS_PRIMITIVE==1 && PRIMITIVE_LEVEL !=INTERNAL } -of_object [get_pins -filter {DIRECTION==IN} -of_objects [get_nets -hierarchical -filter {PARENT=="clk_real.u_pll/clk_50m"}]]]
resize_pblock [get_pblocks {CLKAG_clk_real.u_pll/clk_50m}] -add {CLOCKREGION_X0Y0:CLOCKREGION_X0Y0 CLOCKREGION_X0Y1:CLOCKREGION_X0Y1 CLOCKREGION_X1Y0:CLOCKREGION_X1Y0 CLOCKREGION_X1Y1:CLOCKREGION_X1Y1}
#endgroup

# Clock net "clk_real.u_pll/clk_200m" driven by instance "clk_real.u_pll/u_bufg_200" located at site "BUFGCTRL_X0Y3"
#startgroup
create_pblock {CLKAG_clk_real.u_pll/clk_200m}
add_cells_to_pblock [get_pblocks  {CLKAG_clk_real.u_pll/clk_200m}] [get_cells -filter { PRIMITIVE_GROUP != I/O && IS_PRIMITIVE==1 && PRIMITIVE_LEVEL !=INTERNAL } -of_object [get_pins -filter {DIRECTION==IN} -of_objects [get_nets -hierarchical -filter {PARENT=="clk_real.u_pll/clk_200m"}]]]
resize_pblock [get_pblocks {CLKAG_clk_real.u_pll/clk_200m}] -add {CLOCKREGION_X0Y0:CLOCKREGION_X0Y0}
#endgroup

# Clock net "clk_real.u_pll/clk_125m_tx" driven by instance "clk_real.u_pll/u_bufg_125_tx" located at site "BUFGCTRL_X0Y2"
#startgroup
create_pblock {CLKAG_clk_real.u_pll/clk_125m_tx}
add_cells_to_pblock [get_pblocks  {CLKAG_clk_real.u_pll/clk_125m_tx}] [get_cells -filter { PRIMITIVE_GROUP != I/O && IS_PRIMITIVE==1 && PRIMITIVE_LEVEL !=INTERNAL } -of_object [get_pins -filter {DIRECTION==IN} -of_objects [get_nets -hierarchical -filter {PARENT=="clk_real.u_pll/clk_125m_tx"}]]]
resize_pblock [get_pblocks {CLKAG_clk_real.u_pll/clk_125m_tx}] -add {CLOCKREGION_X0Y0:CLOCKREGION_X0Y0}
#endgroup

# Clock net "clk_real.u_pll/clk_125m" driven by instance "clk_real.u_pll/u_bufg_125" located at site "BUFGCTRL_X0Y5"
#startgroup
create_pblock {CLKAG_clk_real.u_pll/clk_125m}
add_cells_to_pblock [get_pblocks  {CLKAG_clk_real.u_pll/clk_125m}] [get_cells -filter { PRIMITIVE_GROUP != I/O && IS_PRIMITIVE==1 && PRIMITIVE_LEVEL !=INTERNAL } -of_object [get_pins -filter {DIRECTION==IN} -of_objects [get_nets -hierarchical -filter {PARENT=="clk_real.u_pll/clk_125m"}]]]
resize_pblock [get_pblocks {CLKAG_clk_real.u_pll/clk_125m}] -add {CLOCKREGION_X0Y0:CLOCKREGION_X0Y0 CLOCKREGION_X1Y0:CLOCKREGION_X1Y0}
#endgroup

# Clock net "Eth0_MDC_OBUF_BUFG" driven by instance "Eth0_MDC_OBUF_BUFG_inst" located at site "BUFGCTRL_X0Y1"
#startgroup
create_pblock {CLKAG_Eth0_MDC_OBUF_BUFG}
add_cells_to_pblock [get_pblocks  {CLKAG_Eth0_MDC_OBUF_BUFG}] [get_cells -filter { PRIMITIVE_GROUP != I/O && IS_PRIMITIVE==1 && PRIMITIVE_LEVEL !=INTERNAL && NAME!=Eth0_MDC_OBUF_inst} -of_object [get_pins -filter {DIRECTION==IN} -of_objects [get_nets -hierarchical -filter {PARENT=="Eth0_MDC_OBUF_BUFG"}]]]
resize_pblock [get_pblocks {CLKAG_Eth0_MDC_OBUF_BUFG}] -add {CLOCKREGION_X1Y0:CLOCKREGION_X1Y0}
#endgroup
