Copyright 1986-2022 Xilinx, Inc. All Rights Reserved. Copyright 2022-2024 Advanced Micro Devices, Inc. All Rights Reserved.
-----------------------------------------------------------------------------------------------------------------------------------------------------------------------------------------
| Tool Version : Vivado v.2024.1 (lin64) Build 5076996 Wed May 22 18:36:09 MDT 2024
| Date         : Wed Jul 29 15:32:02 2026
| Host         : minkey-pc running 64-bit Ubuntu 26.04 LTS
| Command      : report_methodology -file webserver_cpu_top_methodology_drc_routed.rpt -pb webserver_cpu_top_methodology_drc_routed.pb -rpx webserver_cpu_top_methodology_drc_routed.rpx
| Design       : webserver_cpu_top
| Device       : xc7a35tfgg484-2
| Speed File   : -2
| Design State : Fully Routed
-----------------------------------------------------------------------------------------------------------------------------------------------------------------------------------------

Report Methodology

Table of Contents
-----------------
1. REPORT SUMMARY
2. REPORT DETAILS

1. REPORT SUMMARY
-----------------
            Netlist: netlist
          Floorplan: design_1
      Design limits: <entire design considered>
             Max violations: <unlimited>
             Violations found: 330
+-----------+------------------+------------------------------------------------+------------+
| Rule      | Severity         | Description                                    | Violations |
+-----------+------------------+------------------------------------------------+------------+
| TIMING-6  | Critical Warning | No common primary clock between related clocks | 2          |
| TIMING-7  | Critical Warning | No common node between related clocks          | 2          |
| TIMING-17 | Critical Warning | Non-clocked sequential cell                    | 321        |
| LUTAR-1   | Warning          | LUT drives async reset alert                   | 1          |
| TIMING-18 | Warning          | Missing input or output delay                  | 4          |
+-----------+------------------+------------------------------------------------+------------+

2. REPORT DETAILS
-----------------
TIMING-6#1 Critical Warning
No common primary clock between related clocks  
The clocks clk_125m_unbuf and enet1_rx_clk are related (timed together) but they have no common primary clock. The design could fail in hardware. To find a timing path between these clocks, run the following command: report_timing -from [get_clocks clk_125m_unbuf] -to [get_clocks enet1_rx_clk]
Related violations: <none>

TIMING-6#2 Critical Warning
No common primary clock between related clocks  
The clocks enet1_rx_clk and clk_125m_unbuf are related (timed together) but they have no common primary clock. The design could fail in hardware. To find a timing path between these clocks, run the following command: report_timing -from [get_clocks enet1_rx_clk] -to [get_clocks clk_125m_unbuf]
Related violations: <none>

TIMING-7#1 Critical Warning
No common node between related clocks  
The clocks clk_125m_unbuf and enet1_rx_clk are related (timed together) but they have no common node. The design could fail in hardware. To find a timing path between these clocks, run the following command: report_timing -from [get_clocks clk_125m_unbuf] -to [get_clocks enet1_rx_clk]
Related violations: <none>

TIMING-7#2 Critical Warning
No common node between related clocks  
The clocks enet1_rx_clk and clk_125m_unbuf are related (timed together) but they have no common node. The design could fail in hardware. To find a timing path between these clocks, run the following command: report_timing -from [get_clocks enet1_rx_clk] -to [get_clocks clk_125m_unbuf]
Related violations: <none>

TIMING-17#1 Critical Warning
Non-clocked sequential cell  
The clock pin u_mdio/u_lcpu_clock_cross/address_clk2_reg[0]/C is not reached by a timing clock
Related violations: <none>

TIMING-17#2 Critical Warning
Non-clocked sequential cell  
The clock pin u_mdio/u_lcpu_clock_cross/address_clk2_reg[10]/C is not reached by a timing clock
Related violations: <none>

TIMING-17#3 Critical Warning
Non-clocked sequential cell  
The clock pin u_mdio/u_lcpu_clock_cross/address_clk2_reg[11]/C is not reached by a timing clock
Related violations: <none>

TIMING-17#4 Critical Warning
Non-clocked sequential cell  
The clock pin u_mdio/u_lcpu_clock_cross/address_clk2_reg[1]/C is not reached by a timing clock
Related violations: <none>

TIMING-17#5 Critical Warning
Non-clocked sequential cell  
The clock pin u_mdio/u_lcpu_clock_cross/address_clk2_reg[2]/C is not reached by a timing clock
Related violations: <none>

TIMING-17#6 Critical Warning
Non-clocked sequential cell  
The clock pin u_mdio/u_lcpu_clock_cross/address_clk2_reg[3]/C is not reached by a timing clock
Related violations: <none>

TIMING-17#7 Critical Warning
Non-clocked sequential cell  
The clock pin u_mdio/u_lcpu_clock_cross/address_clk2_reg[4]/C is not reached by a timing clock
Related violations: <none>

TIMING-17#8 Critical Warning
Non-clocked sequential cell  
The clock pin u_mdio/u_lcpu_clock_cross/address_clk2_reg[5]/C is not reached by a timing clock
Related violations: <none>

TIMING-17#9 Critical Warning
Non-clocked sequential cell  
The clock pin u_mdio/u_lcpu_clock_cross/address_clk2_reg[6]/C is not reached by a timing clock
Related violations: <none>

TIMING-17#10 Critical Warning
Non-clocked sequential cell  
The clock pin u_mdio/u_lcpu_clock_cross/address_clk2_reg[7]/C is not reached by a timing clock
Related violations: <none>

TIMING-17#11 Critical Warning
Non-clocked sequential cell  
The clock pin u_mdio/u_lcpu_clock_cross/address_clk2_reg[8]/C is not reached by a timing clock
Related violations: <none>

TIMING-17#12 Critical Warning
Non-clocked sequential cell  
The clock pin u_mdio/u_lcpu_clock_cross/address_clk2_reg[9]/C is not reached by a timing clock
Related violations: <none>

TIMING-17#13 Critical Warning
Non-clocked sequential cell  
The clock pin u_mdio/u_lcpu_clock_cross/op_req_clk2_d_reg[0]/C is not reached by a timing clock
Related violations: <none>

TIMING-17#14 Critical Warning
Non-clocked sequential cell  
The clock pin u_mdio/u_lcpu_clock_cross/op_req_clk2_d_reg[1]/C is not reached by a timing clock
Related violations: <none>

TIMING-17#15 Critical Warning
Non-clocked sequential cell  
The clock pin u_mdio/u_lcpu_clock_cross/op_req_clk2_d_reg[2]/C is not reached by a timing clock
Related violations: <none>

TIMING-17#16 Critical Warning
Non-clocked sequential cell  
The clock pin u_mdio/u_lcpu_clock_cross/op_req_clk2_d_reg[3]/C is not reached by a timing clock
Related violations: <none>

TIMING-17#17 Critical Warning
Non-clocked sequential cell  
The clock pin u_mdio/u_lcpu_clock_cross/op_req_clk2_reg/C is not reached by a timing clock
Related violations: <none>

TIMING-17#18 Critical Warning
Non-clocked sequential cell  
The clock pin u_mdio/u_lcpu_clock_cross/u_ack_pulse_clock_region_pass/pulse_as_reg/C is not reached by a timing clock
Related violations: <none>

TIMING-17#19 Critical Warning
Non-clocked sequential cell  
The clock pin u_mdio/u_lcpu_clock_cross/u_req_pulse_clock_region_pass/pulse_bs_reg/C is not reached by a timing clock
Related violations: <none>

TIMING-17#20 Critical Warning
Non-clocked sequential cell  
The clock pin u_mdio/u_lcpu_clock_cross/u_req_pulse_clock_region_pass/pulse_bss_reg/C is not reached by a timing clock
Related violations: <none>

TIMING-17#21 Critical Warning
Non-clocked sequential cell  
The clock pin u_mdio/u_lcpu_clock_cross/u_req_pulse_clock_region_pass/pulse_bsss_reg/C is not reached by a timing clock
Related violations: <none>

TIMING-17#22 Critical Warning
Non-clocked sequential cell  
The clock pin u_mdio/u_lcpu_clock_cross/wrdata_clk2_reg[0]/C is not reached by a timing clock
Related violations: <none>

TIMING-17#23 Critical Warning
Non-clocked sequential cell  
The clock pin u_mdio/u_lcpu_clock_cross/wrdata_clk2_reg[10]/C is not reached by a timing clock
Related violations: <none>

TIMING-17#24 Critical Warning
Non-clocked sequential cell  
The clock pin u_mdio/u_lcpu_clock_cross/wrdata_clk2_reg[11]/C is not reached by a timing clock
Related violations: <none>

TIMING-17#25 Critical Warning
Non-clocked sequential cell  
The clock pin u_mdio/u_lcpu_clock_cross/wrdata_clk2_reg[12]/C is not reached by a timing clock
Related violations: <none>

TIMING-17#26 Critical Warning
Non-clocked sequential cell  
The clock pin u_mdio/u_lcpu_clock_cross/wrdata_clk2_reg[13]/C is not reached by a timing clock
Related violations: <none>

TIMING-17#27 Critical Warning
Non-clocked sequential cell  
The clock pin u_mdio/u_lcpu_clock_cross/wrdata_clk2_reg[14]/C is not reached by a timing clock
Related violations: <none>

TIMING-17#28 Critical Warning
Non-clocked sequential cell  
The clock pin u_mdio/u_lcpu_clock_cross/wrdata_clk2_reg[15]/C is not reached by a timing clock
Related violations: <none>

TIMING-17#29 Critical Warning
Non-clocked sequential cell  
The clock pin u_mdio/u_lcpu_clock_cross/wrdata_clk2_reg[1]/C is not reached by a timing clock
Related violations: <none>

TIMING-17#30 Critical Warning
Non-clocked sequential cell  
The clock pin u_mdio/u_lcpu_clock_cross/wrdata_clk2_reg[2]/C is not reached by a timing clock
Related violations: <none>

TIMING-17#31 Critical Warning
Non-clocked sequential cell  
The clock pin u_mdio/u_lcpu_clock_cross/wrdata_clk2_reg[3]/C is not reached by a timing clock
Related violations: <none>

TIMING-17#32 Critical Warning
Non-clocked sequential cell  
The clock pin u_mdio/u_lcpu_clock_cross/wrdata_clk2_reg[4]/C is not reached by a timing clock
Related violations: <none>

TIMING-17#33 Critical Warning
Non-clocked sequential cell  
The clock pin u_mdio/u_lcpu_clock_cross/wrdata_clk2_reg[5]/C is not reached by a timing clock
Related violations: <none>

TIMING-17#34 Critical Warning
Non-clocked sequential cell  
The clock pin u_mdio/u_lcpu_clock_cross/wrdata_clk2_reg[6]/C is not reached by a timing clock
Related violations: <none>

TIMING-17#35 Critical Warning
Non-clocked sequential cell  
The clock pin u_mdio/u_lcpu_clock_cross/wrdata_clk2_reg[7]/C is not reached by a timing clock
Related violations: <none>

TIMING-17#36 Critical Warning
Non-clocked sequential cell  
The clock pin u_mdio/u_lcpu_clock_cross/wrdata_clk2_reg[8]/C is not reached by a timing clock
Related violations: <none>

TIMING-17#37 Critical Warning
Non-clocked sequential cell  
The clock pin u_mdio/u_lcpu_clock_cross/wrdata_clk2_reg[9]/C is not reached by a timing clock
Related violations: <none>

TIMING-17#38 Critical Warning
Non-clocked sequential cell  
The clock pin u_mdio/u_lcpu_clock_cross/wrl_rdh_clk2_reg/C is not reached by a timing clock
Related violations: <none>

TIMING-17#39 Critical Warning
Non-clocked sequential cell  
The clock pin u_mdio/u_mdio_ctrl/cur_state_reg[0]/C is not reached by a timing clock
Related violations: <none>

TIMING-17#40 Critical Warning
Non-clocked sequential cell  
The clock pin u_mdio/u_mdio_ctrl/cur_state_reg[1]/C is not reached by a timing clock
Related violations: <none>

TIMING-17#41 Critical Warning
Non-clocked sequential cell  
The clock pin u_mdio/u_mdio_ctrl/cur_state_reg[2]/C is not reached by a timing clock
Related violations: <none>

TIMING-17#42 Critical Warning
Non-clocked sequential cell  
The clock pin u_mdio/u_mdio_ctrl/mdio_data_out_reg/C is not reached by a timing clock
Related violations: <none>

TIMING-17#43 Critical Warning
Non-clocked sequential cell  
The clock pin u_mdio/u_mdio_ctrl/mdio_out_en_reg/C is not reached by a timing clock
Related violations: <none>

TIMING-17#44 Critical Warning
Non-clocked sequential cell  
The clock pin u_mdio/u_mdio_ctrl/op_done_reg/C is not reached by a timing clock
Related violations: <none>

TIMING-17#45 Critical Warning
Non-clocked sequential cell  
The clock pin u_mdio/u_mdio_ctrl/op_mdio_cnt_reg[0]/C is not reached by a timing clock
Related violations: <none>

TIMING-17#46 Critical Warning
Non-clocked sequential cell  
The clock pin u_mdio/u_mdio_ctrl/op_mdio_cnt_reg[1]/C is not reached by a timing clock
Related violations: <none>

TIMING-17#47 Critical Warning
Non-clocked sequential cell  
The clock pin u_mdio/u_mdio_ctrl/op_mdio_cnt_reg[2]/C is not reached by a timing clock
Related violations: <none>

TIMING-17#48 Critical Warning
Non-clocked sequential cell  
The clock pin u_mdio/u_mdio_ctrl/op_mdio_cnt_reg[3]/C is not reached by a timing clock
Related violations: <none>

TIMING-17#49 Critical Warning
Non-clocked sequential cell  
The clock pin u_mdio/u_mdio_ctrl/op_mdio_cnt_reg[4]/C is not reached by a timing clock
Related violations: <none>

TIMING-17#50 Critical Warning
Non-clocked sequential cell  
The clock pin u_mdio/u_mdio_ctrl/op_mdio_cnt_reg[5]/C is not reached by a timing clock
Related violations: <none>

TIMING-17#51 Critical Warning
Non-clocked sequential cell  
The clock pin u_mdio/u_mdio_ctrl/op_mdio_cnt_reg[6]/C is not reached by a timing clock
Related violations: <none>

TIMING-17#52 Critical Warning
Non-clocked sequential cell  
The clock pin u_mdio/u_mdio_ctrl/op_mdio_cnt_reg[7]/C is not reached by a timing clock
Related violations: <none>

TIMING-17#53 Critical Warning
Non-clocked sequential cell  
The clock pin u_mdio/u_mdio_ctrl/rd_mdio_done_reg/C is not reached by a timing clock
Related violations: <none>

TIMING-17#54 Critical Warning
Non-clocked sequential cell  
The clock pin u_mdio/u_mdio_ctrl/rddata_reg[0]/C is not reached by a timing clock
Related violations: <none>

TIMING-17#55 Critical Warning
Non-clocked sequential cell  
The clock pin u_mdio/u_mdio_ctrl/rddata_reg[10]/C is not reached by a timing clock
Related violations: <none>

TIMING-17#56 Critical Warning
Non-clocked sequential cell  
The clock pin u_mdio/u_mdio_ctrl/rddata_reg[11]/C is not reached by a timing clock
Related violations: <none>

TIMING-17#57 Critical Warning
Non-clocked sequential cell  
The clock pin u_mdio/u_mdio_ctrl/rddata_reg[12]/C is not reached by a timing clock
Related violations: <none>

TIMING-17#58 Critical Warning
Non-clocked sequential cell  
The clock pin u_mdio/u_mdio_ctrl/rddata_reg[13]/C is not reached by a timing clock
Related violations: <none>

TIMING-17#59 Critical Warning
Non-clocked sequential cell  
The clock pin u_mdio/u_mdio_ctrl/rddata_reg[14]/C is not reached by a timing clock
Related violations: <none>

TIMING-17#60 Critical Warning
Non-clocked sequential cell  
The clock pin u_mdio/u_mdio_ctrl/rddata_reg[15]/C is not reached by a timing clock
Related violations: <none>

TIMING-17#61 Critical Warning
Non-clocked sequential cell  
The clock pin u_mdio/u_mdio_ctrl/rddata_reg[1]/C is not reached by a timing clock
Related violations: <none>

TIMING-17#62 Critical Warning
Non-clocked sequential cell  
The clock pin u_mdio/u_mdio_ctrl/rddata_reg[2]/C is not reached by a timing clock
Related violations: <none>

TIMING-17#63 Critical Warning
Non-clocked sequential cell  
The clock pin u_mdio/u_mdio_ctrl/rddata_reg[3]/C is not reached by a timing clock
Related violations: <none>

TIMING-17#64 Critical Warning
Non-clocked sequential cell  
The clock pin u_mdio/u_mdio_ctrl/rddata_reg[4]/C is not reached by a timing clock
Related violations: <none>

TIMING-17#65 Critical Warning
Non-clocked sequential cell  
The clock pin u_mdio/u_mdio_ctrl/rddata_reg[5]/C is not reached by a timing clock
Related violations: <none>

TIMING-17#66 Critical Warning
Non-clocked sequential cell  
The clock pin u_mdio/u_mdio_ctrl/rddata_reg[6]/C is not reached by a timing clock
Related violations: <none>

TIMING-17#67 Critical Warning
Non-clocked sequential cell  
The clock pin u_mdio/u_mdio_ctrl/rddata_reg[7]/C is not reached by a timing clock
Related violations: <none>

TIMING-17#68 Critical Warning
Non-clocked sequential cell  
The clock pin u_mdio/u_mdio_ctrl/rddata_reg[8]/C is not reached by a timing clock
Related violations: <none>

TIMING-17#69 Critical Warning
Non-clocked sequential cell  
The clock pin u_mdio/u_mdio_ctrl/rddata_reg[9]/C is not reached by a timing clock
Related violations: <none>

TIMING-17#70 Critical Warning
Non-clocked sequential cell  
The clock pin u_mdio/u_mdio_ctrl/wr_mdio_done_reg/C is not reached by a timing clock
Related violations: <none>

TIMING-17#71 Critical Warning
Non-clocked sequential cell  
The clock pin u_mdio/u_reg/mdio_opcode_reg[0]/C is not reached by a timing clock
Related violations: <none>

TIMING-17#72 Critical Warning
Non-clocked sequential cell  
The clock pin u_mdio/u_reg/mdio_opcode_reg[1]/C is not reached by a timing clock
Related violations: <none>

TIMING-17#73 Critical Warning
Non-clocked sequential cell  
The clock pin u_mdio/u_reg/mdio_opstart_ind_reg/C is not reached by a timing clock
Related violations: <none>

TIMING-17#74 Critical Warning
Non-clocked sequential cell  
The clock pin u_mdio/u_reg/mdio_phyaddr_reg[0]/C is not reached by a timing clock
Related violations: <none>

TIMING-17#75 Critical Warning
Non-clocked sequential cell  
The clock pin u_mdio/u_reg/mdio_phyaddr_reg[1]/C is not reached by a timing clock
Related violations: <none>

TIMING-17#76 Critical Warning
Non-clocked sequential cell  
The clock pin u_mdio/u_reg/mdio_phyaddr_reg[2]/C is not reached by a timing clock
Related violations: <none>

TIMING-17#77 Critical Warning
Non-clocked sequential cell  
The clock pin u_mdio/u_reg/mdio_phyaddr_reg[3]/C is not reached by a timing clock
Related violations: <none>

TIMING-17#78 Critical Warning
Non-clocked sequential cell  
The clock pin u_mdio/u_reg/mdio_phyaddr_reg[4]/C is not reached by a timing clock
Related violations: <none>

TIMING-17#79 Critical Warning
Non-clocked sequential cell  
The clock pin u_mdio/u_reg/mdio_regaddr_reg[0]/C is not reached by a timing clock
Related violations: <none>

TIMING-17#80 Critical Warning
Non-clocked sequential cell  
The clock pin u_mdio/u_reg/mdio_regaddr_reg[1]/C is not reached by a timing clock
Related violations: <none>

TIMING-17#81 Critical Warning
Non-clocked sequential cell  
The clock pin u_mdio/u_reg/mdio_regaddr_reg[2]/C is not reached by a timing clock
Related violations: <none>

TIMING-17#82 Critical Warning
Non-clocked sequential cell  
The clock pin u_mdio/u_reg/mdio_regaddr_reg[3]/C is not reached by a timing clock
Related violations: <none>

TIMING-17#83 Critical Warning
Non-clocked sequential cell  
The clock pin u_mdio/u_reg/mdio_regaddr_reg[4]/C is not reached by a timing clock
Related violations: <none>

TIMING-17#84 Critical Warning
Non-clocked sequential cell  
The clock pin u_mdio/u_reg/mdio_wrdata_reg[0]/C is not reached by a timing clock
Related violations: <none>

TIMING-17#85 Critical Warning
Non-clocked sequential cell  
The clock pin u_mdio/u_reg/mdio_wrdata_reg[10]/C is not reached by a timing clock
Related violations: <none>

TIMING-17#86 Critical Warning
Non-clocked sequential cell  
The clock pin u_mdio/u_reg/mdio_wrdata_reg[11]/C is not reached by a timing clock
Related violations: <none>

TIMING-17#87 Critical Warning
Non-clocked sequential cell  
The clock pin u_mdio/u_reg/mdio_wrdata_reg[12]/C is not reached by a timing clock
Related violations: <none>

TIMING-17#88 Critical Warning
Non-clocked sequential cell  
The clock pin u_mdio/u_reg/mdio_wrdata_reg[13]/C is not reached by a timing clock
Related violations: <none>

TIMING-17#89 Critical Warning
Non-clocked sequential cell  
The clock pin u_mdio/u_reg/mdio_wrdata_reg[14]/C is not reached by a timing clock
Related violations: <none>

TIMING-17#90 Critical Warning
Non-clocked sequential cell  
The clock pin u_mdio/u_reg/mdio_wrdata_reg[15]/C is not reached by a timing clock
Related violations: <none>

TIMING-17#91 Critical Warning
Non-clocked sequential cell  
The clock pin u_mdio/u_reg/mdio_wrdata_reg[1]/C is not reached by a timing clock
Related violations: <none>

TIMING-17#92 Critical Warning
Non-clocked sequential cell  
The clock pin u_mdio/u_reg/mdio_wrdata_reg[2]/C is not reached by a timing clock
Related violations: <none>

TIMING-17#93 Critical Warning
Non-clocked sequential cell  
The clock pin u_mdio/u_reg/mdio_wrdata_reg[3]/C is not reached by a timing clock
Related violations: <none>

TIMING-17#94 Critical Warning
Non-clocked sequential cell  
The clock pin u_mdio/u_reg/mdio_wrdata_reg[4]/C is not reached by a timing clock
Related violations: <none>

TIMING-17#95 Critical Warning
Non-clocked sequential cell  
The clock pin u_mdio/u_reg/mdio_wrdata_reg[5]/C is not reached by a timing clock
Related violations: <none>

TIMING-17#96 Critical Warning
Non-clocked sequential cell  
The clock pin u_mdio/u_reg/mdio_wrdata_reg[6]/C is not reached by a timing clock
Related violations: <none>

TIMING-17#97 Critical Warning
Non-clocked sequential cell  
The clock pin u_mdio/u_reg/mdio_wrdata_reg[7]/C is not reached by a timing clock
Related violations: <none>

TIMING-17#98 Critical Warning
Non-clocked sequential cell  
The clock pin u_mdio/u_reg/mdio_wrdata_reg[8]/C is not reached by a timing clock
Related violations: <none>

TIMING-17#99 Critical Warning
Non-clocked sequential cell  
The clock pin u_mdio/u_reg/mdio_wrdata_reg[9]/C is not reached by a timing clock
Related violations: <none>

TIMING-17#100 Critical Warning
Non-clocked sequential cell  
The clock pin u_mdio/u_reg/op_ack_reg/C is not reached by a timing clock
Related violations: <none>

TIMING-17#101 Critical Warning
Non-clocked sequential cell  
The clock pin u_mdio/u_reg/op_req_d0_reg/C is not reached by a timing clock
Related violations: <none>

TIMING-17#102 Critical Warning
Non-clocked sequential cell  
The clock pin u_mdio/u_reg/rddata_reg[0]/C is not reached by a timing clock
Related violations: <none>

TIMING-17#103 Critical Warning
Non-clocked sequential cell  
The clock pin u_mdio/u_reg/rddata_reg[10]/C is not reached by a timing clock
Related violations: <none>

TIMING-17#104 Critical Warning
Non-clocked sequential cell  
The clock pin u_mdio/u_reg/rddata_reg[11]/C is not reached by a timing clock
Related violations: <none>

TIMING-17#105 Critical Warning
Non-clocked sequential cell  
The clock pin u_mdio/u_reg/rddata_reg[12]/C is not reached by a timing clock
Related violations: <none>

TIMING-17#106 Critical Warning
Non-clocked sequential cell  
The clock pin u_mdio/u_reg/rddata_reg[13]/C is not reached by a timing clock
Related violations: <none>

TIMING-17#107 Critical Warning
Non-clocked sequential cell  
The clock pin u_mdio/u_reg/rddata_reg[14]/C is not reached by a timing clock
Related violations: <none>

TIMING-17#108 Critical Warning
Non-clocked sequential cell  
The clock pin u_mdio/u_reg/rddata_reg[15]/C is not reached by a timing clock
Related violations: <none>

TIMING-17#109 Critical Warning
Non-clocked sequential cell  
The clock pin u_mdio/u_reg/rddata_reg[1]/C is not reached by a timing clock
Related violations: <none>

TIMING-17#110 Critical Warning
Non-clocked sequential cell  
The clock pin u_mdio/u_reg/rddata_reg[2]/C is not reached by a timing clock
Related violations: <none>

TIMING-17#111 Critical Warning
Non-clocked sequential cell  
The clock pin u_mdio/u_reg/rddata_reg[3]/C is not reached by a timing clock
Related violations: <none>

TIMING-17#112 Critical Warning
Non-clocked sequential cell  
The clock pin u_mdio/u_reg/rddata_reg[4]/C is not reached by a timing clock
Related violations: <none>

TIMING-17#113 Critical Warning
Non-clocked sequential cell  
The clock pin u_mdio/u_reg/rddata_reg[5]/C is not reached by a timing clock
Related violations: <none>

TIMING-17#114 Critical Warning
Non-clocked sequential cell  
The clock pin u_mdio/u_reg/rddata_reg[6]/C is not reached by a timing clock
Related violations: <none>

TIMING-17#115 Critical Warning
Non-clocked sequential cell  
The clock pin u_mdio/u_reg/rddata_reg[7]/C is not reached by a timing clock
Related violations: <none>

TIMING-17#116 Critical Warning
Non-clocked sequential cell  
The clock pin u_mdio/u_reg/rddata_reg[8]/C is not reached by a timing clock
Related violations: <none>

TIMING-17#117 Critical Warning
Non-clocked sequential cell  
The clock pin u_mdio/u_reg/rddata_reg[9]/C is not reached by a timing clock
Related violations: <none>

TIMING-17#118 Critical Warning
Non-clocked sequential cell  
The clock pin u_riscv/lcpu_real.u_cpu/gen_uart.u_uart_lcpu_top/u_uart/u_uart_rx/u_uart_rx_data/in_ptr_gray_reg[0]/C is not reached by a timing clock
Related violations: <none>

TIMING-17#119 Critical Warning
Non-clocked sequential cell  
The clock pin u_riscv/lcpu_real.u_cpu/gen_uart.u_uart_lcpu_top/u_uart/u_uart_rx/u_uart_rx_data/in_ptr_gray_reg[1]/C is not reached by a timing clock
Related violations: <none>

TIMING-17#120 Critical Warning
Non-clocked sequential cell  
The clock pin u_riscv/lcpu_real.u_cpu/gen_uart.u_uart_lcpu_top/u_uart/u_uart_rx/u_uart_rx_data/in_ptr_gray_reg[2]/C is not reached by a timing clock
Related violations: <none>

TIMING-17#121 Critical Warning
Non-clocked sequential cell  
The clock pin u_riscv/lcpu_real.u_cpu/gen_uart.u_uart_lcpu_top/u_uart/u_uart_rx/u_uart_rx_data/in_ptr_reg[0]/C is not reached by a timing clock
Related violations: <none>

TIMING-17#122 Critical Warning
Non-clocked sequential cell  
The clock pin u_riscv/lcpu_real.u_cpu/gen_uart.u_uart_lcpu_top/u_uart/u_uart_rx/u_uart_rx_data/in_ptr_reg[1]/C is not reached by a timing clock
Related violations: <none>

TIMING-17#123 Critical Warning
Non-clocked sequential cell  
The clock pin u_riscv/lcpu_real.u_cpu/gen_uart.u_uart_lcpu_top/u_uart/u_uart_rx/u_uart_rx_data/in_ptr_reg[2]/C is not reached by a timing clock
Related violations: <none>

TIMING-17#124 Critical Warning
Non-clocked sequential cell  
The clock pin u_riscv/lcpu_real.u_cpu/gen_uart.u_uart_lcpu_top/u_uart/u_uart_rx/u_uart_rx_data/in_ptr_reg[3]/C is not reached by a timing clock
Related violations: <none>

TIMING-17#125 Critical Warning
Non-clocked sequential cell  
The clock pin u_riscv/lcpu_real.u_cpu/gen_uart.u_uart_lcpu_top/u_uart/u_uart_rx/u_uart_rx_data/mem_array_reg[0][0]/C is not reached by a timing clock
Related violations: <none>

TIMING-17#126 Critical Warning
Non-clocked sequential cell  
The clock pin u_riscv/lcpu_real.u_cpu/gen_uart.u_uart_lcpu_top/u_uart/u_uart_rx/u_uart_rx_data/mem_array_reg[0][1]/C is not reached by a timing clock
Related violations: <none>

TIMING-17#127 Critical Warning
Non-clocked sequential cell  
The clock pin u_riscv/lcpu_real.u_cpu/gen_uart.u_uart_lcpu_top/u_uart/u_uart_rx/u_uart_rx_data/mem_array_reg[0][2]/C is not reached by a timing clock
Related violations: <none>

TIMING-17#128 Critical Warning
Non-clocked sequential cell  
The clock pin u_riscv/lcpu_real.u_cpu/gen_uart.u_uart_lcpu_top/u_uart/u_uart_rx/u_uart_rx_data/mem_array_reg[0][3]/C is not reached by a timing clock
Related violations: <none>

TIMING-17#129 Critical Warning
Non-clocked sequential cell  
The clock pin u_riscv/lcpu_real.u_cpu/gen_uart.u_uart_lcpu_top/u_uart/u_uart_rx/u_uart_rx_data/mem_array_reg[0][4]/C is not reached by a timing clock
Related violations: <none>

TIMING-17#130 Critical Warning
Non-clocked sequential cell  
The clock pin u_riscv/lcpu_real.u_cpu/gen_uart.u_uart_lcpu_top/u_uart/u_uart_rx/u_uart_rx_data/mem_array_reg[0][5]/C is not reached by a timing clock
Related violations: <none>

TIMING-17#131 Critical Warning
Non-clocked sequential cell  
The clock pin u_riscv/lcpu_real.u_cpu/gen_uart.u_uart_lcpu_top/u_uart/u_uart_rx/u_uart_rx_data/mem_array_reg[0][6]/C is not reached by a timing clock
Related violations: <none>

TIMING-17#132 Critical Warning
Non-clocked sequential cell  
The clock pin u_riscv/lcpu_real.u_cpu/gen_uart.u_uart_lcpu_top/u_uart/u_uart_rx/u_uart_rx_data/mem_array_reg[0][7]/C is not reached by a timing clock
Related violations: <none>

TIMING-17#133 Critical Warning
Non-clocked sequential cell  
The clock pin u_riscv/lcpu_real.u_cpu/gen_uart.u_uart_lcpu_top/u_uart/u_uart_rx/u_uart_rx_data/mem_array_reg[10][0]/C is not reached by a timing clock
Related violations: <none>

TIMING-17#134 Critical Warning
Non-clocked sequential cell  
The clock pin u_riscv/lcpu_real.u_cpu/gen_uart.u_uart_lcpu_top/u_uart/u_uart_rx/u_uart_rx_data/mem_array_reg[10][1]/C is not reached by a timing clock
Related violations: <none>

TIMING-17#135 Critical Warning
Non-clocked sequential cell  
The clock pin u_riscv/lcpu_real.u_cpu/gen_uart.u_uart_lcpu_top/u_uart/u_uart_rx/u_uart_rx_data/mem_array_reg[10][2]/C is not reached by a timing clock
Related violations: <none>

TIMING-17#136 Critical Warning
Non-clocked sequential cell  
The clock pin u_riscv/lcpu_real.u_cpu/gen_uart.u_uart_lcpu_top/u_uart/u_uart_rx/u_uart_rx_data/mem_array_reg[10][3]/C is not reached by a timing clock
Related violations: <none>

TIMING-17#137 Critical Warning
Non-clocked sequential cell  
The clock pin u_riscv/lcpu_real.u_cpu/gen_uart.u_uart_lcpu_top/u_uart/u_uart_rx/u_uart_rx_data/mem_array_reg[10][4]/C is not reached by a timing clock
Related violations: <none>

TIMING-17#138 Critical Warning
Non-clocked sequential cell  
The clock pin u_riscv/lcpu_real.u_cpu/gen_uart.u_uart_lcpu_top/u_uart/u_uart_rx/u_uart_rx_data/mem_array_reg[10][5]/C is not reached by a timing clock
Related violations: <none>

TIMING-17#139 Critical Warning
Non-clocked sequential cell  
The clock pin u_riscv/lcpu_real.u_cpu/gen_uart.u_uart_lcpu_top/u_uart/u_uart_rx/u_uart_rx_data/mem_array_reg[10][6]/C is not reached by a timing clock
Related violations: <none>

TIMING-17#140 Critical Warning
Non-clocked sequential cell  
The clock pin u_riscv/lcpu_real.u_cpu/gen_uart.u_uart_lcpu_top/u_uart/u_uart_rx/u_uart_rx_data/mem_array_reg[10][7]/C is not reached by a timing clock
Related violations: <none>

TIMING-17#141 Critical Warning
Non-clocked sequential cell  
The clock pin u_riscv/lcpu_real.u_cpu/gen_uart.u_uart_lcpu_top/u_uart/u_uart_rx/u_uart_rx_data/mem_array_reg[11][0]/C is not reached by a timing clock
Related violations: <none>

TIMING-17#142 Critical Warning
Non-clocked sequential cell  
The clock pin u_riscv/lcpu_real.u_cpu/gen_uart.u_uart_lcpu_top/u_uart/u_uart_rx/u_uart_rx_data/mem_array_reg[11][1]/C is not reached by a timing clock
Related violations: <none>

TIMING-17#143 Critical Warning
Non-clocked sequential cell  
The clock pin u_riscv/lcpu_real.u_cpu/gen_uart.u_uart_lcpu_top/u_uart/u_uart_rx/u_uart_rx_data/mem_array_reg[11][2]/C is not reached by a timing clock
Related violations: <none>

TIMING-17#144 Critical Warning
Non-clocked sequential cell  
The clock pin u_riscv/lcpu_real.u_cpu/gen_uart.u_uart_lcpu_top/u_uart/u_uart_rx/u_uart_rx_data/mem_array_reg[11][3]/C is not reached by a timing clock
Related violations: <none>

TIMING-17#145 Critical Warning
Non-clocked sequential cell  
The clock pin u_riscv/lcpu_real.u_cpu/gen_uart.u_uart_lcpu_top/u_uart/u_uart_rx/u_uart_rx_data/mem_array_reg[11][4]/C is not reached by a timing clock
Related violations: <none>

TIMING-17#146 Critical Warning
Non-clocked sequential cell  
The clock pin u_riscv/lcpu_real.u_cpu/gen_uart.u_uart_lcpu_top/u_uart/u_uart_rx/u_uart_rx_data/mem_array_reg[11][5]/C is not reached by a timing clock
Related violations: <none>

TIMING-17#147 Critical Warning
Non-clocked sequential cell  
The clock pin u_riscv/lcpu_real.u_cpu/gen_uart.u_uart_lcpu_top/u_uart/u_uart_rx/u_uart_rx_data/mem_array_reg[11][6]/C is not reached by a timing clock
Related violations: <none>

TIMING-17#148 Critical Warning
Non-clocked sequential cell  
The clock pin u_riscv/lcpu_real.u_cpu/gen_uart.u_uart_lcpu_top/u_uart/u_uart_rx/u_uart_rx_data/mem_array_reg[11][7]/C is not reached by a timing clock
Related violations: <none>

TIMING-17#149 Critical Warning
Non-clocked sequential cell  
The clock pin u_riscv/lcpu_real.u_cpu/gen_uart.u_uart_lcpu_top/u_uart/u_uart_rx/u_uart_rx_data/mem_array_reg[12][0]/C is not reached by a timing clock
Related violations: <none>

TIMING-17#150 Critical Warning
Non-clocked sequential cell  
The clock pin u_riscv/lcpu_real.u_cpu/gen_uart.u_uart_lcpu_top/u_uart/u_uart_rx/u_uart_rx_data/mem_array_reg[12][1]/C is not reached by a timing clock
Related violations: <none>

TIMING-17#151 Critical Warning
Non-clocked sequential cell  
The clock pin u_riscv/lcpu_real.u_cpu/gen_uart.u_uart_lcpu_top/u_uart/u_uart_rx/u_uart_rx_data/mem_array_reg[12][2]/C is not reached by a timing clock
Related violations: <none>

TIMING-17#152 Critical Warning
Non-clocked sequential cell  
The clock pin u_riscv/lcpu_real.u_cpu/gen_uart.u_uart_lcpu_top/u_uart/u_uart_rx/u_uart_rx_data/mem_array_reg[12][3]/C is not reached by a timing clock
Related violations: <none>

TIMING-17#153 Critical Warning
Non-clocked sequential cell  
The clock pin u_riscv/lcpu_real.u_cpu/gen_uart.u_uart_lcpu_top/u_uart/u_uart_rx/u_uart_rx_data/mem_array_reg[12][4]/C is not reached by a timing clock
Related violations: <none>

TIMING-17#154 Critical Warning
Non-clocked sequential cell  
The clock pin u_riscv/lcpu_real.u_cpu/gen_uart.u_uart_lcpu_top/u_uart/u_uart_rx/u_uart_rx_data/mem_array_reg[12][5]/C is not reached by a timing clock
Related violations: <none>

TIMING-17#155 Critical Warning
Non-clocked sequential cell  
The clock pin u_riscv/lcpu_real.u_cpu/gen_uart.u_uart_lcpu_top/u_uart/u_uart_rx/u_uart_rx_data/mem_array_reg[12][6]/C is not reached by a timing clock
Related violations: <none>

TIMING-17#156 Critical Warning
Non-clocked sequential cell  
The clock pin u_riscv/lcpu_real.u_cpu/gen_uart.u_uart_lcpu_top/u_uart/u_uart_rx/u_uart_rx_data/mem_array_reg[12][7]/C is not reached by a timing clock
Related violations: <none>

TIMING-17#157 Critical Warning
Non-clocked sequential cell  
The clock pin u_riscv/lcpu_real.u_cpu/gen_uart.u_uart_lcpu_top/u_uart/u_uart_rx/u_uart_rx_data/mem_array_reg[13][0]/C is not reached by a timing clock
Related violations: <none>

TIMING-17#158 Critical Warning
Non-clocked sequential cell  
The clock pin u_riscv/lcpu_real.u_cpu/gen_uart.u_uart_lcpu_top/u_uart/u_uart_rx/u_uart_rx_data/mem_array_reg[13][1]/C is not reached by a timing clock
Related violations: <none>

TIMING-17#159 Critical Warning
Non-clocked sequential cell  
The clock pin u_riscv/lcpu_real.u_cpu/gen_uart.u_uart_lcpu_top/u_uart/u_uart_rx/u_uart_rx_data/mem_array_reg[13][2]/C is not reached by a timing clock
Related violations: <none>

TIMING-17#160 Critical Warning
Non-clocked sequential cell  
The clock pin u_riscv/lcpu_real.u_cpu/gen_uart.u_uart_lcpu_top/u_uart/u_uart_rx/u_uart_rx_data/mem_array_reg[13][3]/C is not reached by a timing clock
Related violations: <none>

TIMING-17#161 Critical Warning
Non-clocked sequential cell  
The clock pin u_riscv/lcpu_real.u_cpu/gen_uart.u_uart_lcpu_top/u_uart/u_uart_rx/u_uart_rx_data/mem_array_reg[13][4]/C is not reached by a timing clock
Related violations: <none>

TIMING-17#162 Critical Warning
Non-clocked sequential cell  
The clock pin u_riscv/lcpu_real.u_cpu/gen_uart.u_uart_lcpu_top/u_uart/u_uart_rx/u_uart_rx_data/mem_array_reg[13][5]/C is not reached by a timing clock
Related violations: <none>

TIMING-17#163 Critical Warning
Non-clocked sequential cell  
The clock pin u_riscv/lcpu_real.u_cpu/gen_uart.u_uart_lcpu_top/u_uart/u_uart_rx/u_uart_rx_data/mem_array_reg[13][6]/C is not reached by a timing clock
Related violations: <none>

TIMING-17#164 Critical Warning
Non-clocked sequential cell  
The clock pin u_riscv/lcpu_real.u_cpu/gen_uart.u_uart_lcpu_top/u_uart/u_uart_rx/u_uart_rx_data/mem_array_reg[13][7]/C is not reached by a timing clock
Related violations: <none>

TIMING-17#165 Critical Warning
Non-clocked sequential cell  
The clock pin u_riscv/lcpu_real.u_cpu/gen_uart.u_uart_lcpu_top/u_uart/u_uart_rx/u_uart_rx_data/mem_array_reg[14][0]/C is not reached by a timing clock
Related violations: <none>

TIMING-17#166 Critical Warning
Non-clocked sequential cell  
The clock pin u_riscv/lcpu_real.u_cpu/gen_uart.u_uart_lcpu_top/u_uart/u_uart_rx/u_uart_rx_data/mem_array_reg[14][1]/C is not reached by a timing clock
Related violations: <none>

TIMING-17#167 Critical Warning
Non-clocked sequential cell  
The clock pin u_riscv/lcpu_real.u_cpu/gen_uart.u_uart_lcpu_top/u_uart/u_uart_rx/u_uart_rx_data/mem_array_reg[14][2]/C is not reached by a timing clock
Related violations: <none>

TIMING-17#168 Critical Warning
Non-clocked sequential cell  
The clock pin u_riscv/lcpu_real.u_cpu/gen_uart.u_uart_lcpu_top/u_uart/u_uart_rx/u_uart_rx_data/mem_array_reg[14][3]/C is not reached by a timing clock
Related violations: <none>

TIMING-17#169 Critical Warning
Non-clocked sequential cell  
The clock pin u_riscv/lcpu_real.u_cpu/gen_uart.u_uart_lcpu_top/u_uart/u_uart_rx/u_uart_rx_data/mem_array_reg[14][4]/C is not reached by a timing clock
Related violations: <none>

TIMING-17#170 Critical Warning
Non-clocked sequential cell  
The clock pin u_riscv/lcpu_real.u_cpu/gen_uart.u_uart_lcpu_top/u_uart/u_uart_rx/u_uart_rx_data/mem_array_reg[14][5]/C is not reached by a timing clock
Related violations: <none>

TIMING-17#171 Critical Warning
Non-clocked sequential cell  
The clock pin u_riscv/lcpu_real.u_cpu/gen_uart.u_uart_lcpu_top/u_uart/u_uart_rx/u_uart_rx_data/mem_array_reg[14][6]/C is not reached by a timing clock
Related violations: <none>

TIMING-17#172 Critical Warning
Non-clocked sequential cell  
The clock pin u_riscv/lcpu_real.u_cpu/gen_uart.u_uart_lcpu_top/u_uart/u_uart_rx/u_uart_rx_data/mem_array_reg[14][7]/C is not reached by a timing clock
Related violations: <none>

TIMING-17#173 Critical Warning
Non-clocked sequential cell  
The clock pin u_riscv/lcpu_real.u_cpu/gen_uart.u_uart_lcpu_top/u_uart/u_uart_rx/u_uart_rx_data/mem_array_reg[15][0]/C is not reached by a timing clock
Related violations: <none>

TIMING-17#174 Critical Warning
Non-clocked sequential cell  
The clock pin u_riscv/lcpu_real.u_cpu/gen_uart.u_uart_lcpu_top/u_uart/u_uart_rx/u_uart_rx_data/mem_array_reg[15][1]/C is not reached by a timing clock
Related violations: <none>

TIMING-17#175 Critical Warning
Non-clocked sequential cell  
The clock pin u_riscv/lcpu_real.u_cpu/gen_uart.u_uart_lcpu_top/u_uart/u_uart_rx/u_uart_rx_data/mem_array_reg[15][2]/C is not reached by a timing clock
Related violations: <none>

TIMING-17#176 Critical Warning
Non-clocked sequential cell  
The clock pin u_riscv/lcpu_real.u_cpu/gen_uart.u_uart_lcpu_top/u_uart/u_uart_rx/u_uart_rx_data/mem_array_reg[15][3]/C is not reached by a timing clock
Related violations: <none>

TIMING-17#177 Critical Warning
Non-clocked sequential cell  
The clock pin u_riscv/lcpu_real.u_cpu/gen_uart.u_uart_lcpu_top/u_uart/u_uart_rx/u_uart_rx_data/mem_array_reg[15][4]/C is not reached by a timing clock
Related violations: <none>

TIMING-17#178 Critical Warning
Non-clocked sequential cell  
The clock pin u_riscv/lcpu_real.u_cpu/gen_uart.u_uart_lcpu_top/u_uart/u_uart_rx/u_uart_rx_data/mem_array_reg[15][5]/C is not reached by a timing clock
Related violations: <none>

TIMING-17#179 Critical Warning
Non-clocked sequential cell  
The clock pin u_riscv/lcpu_real.u_cpu/gen_uart.u_uart_lcpu_top/u_uart/u_uart_rx/u_uart_rx_data/mem_array_reg[15][6]/C is not reached by a timing clock
Related violations: <none>

TIMING-17#180 Critical Warning
Non-clocked sequential cell  
The clock pin u_riscv/lcpu_real.u_cpu/gen_uart.u_uart_lcpu_top/u_uart/u_uart_rx/u_uart_rx_data/mem_array_reg[15][7]/C is not reached by a timing clock
Related violations: <none>

TIMING-17#181 Critical Warning
Non-clocked sequential cell  
The clock pin u_riscv/lcpu_real.u_cpu/gen_uart.u_uart_lcpu_top/u_uart/u_uart_rx/u_uart_rx_data/mem_array_reg[1][0]/C is not reached by a timing clock
Related violations: <none>

TIMING-17#182 Critical Warning
Non-clocked sequential cell  
The clock pin u_riscv/lcpu_real.u_cpu/gen_uart.u_uart_lcpu_top/u_uart/u_uart_rx/u_uart_rx_data/mem_array_reg[1][1]/C is not reached by a timing clock
Related violations: <none>

TIMING-17#183 Critical Warning
Non-clocked sequential cell  
The clock pin u_riscv/lcpu_real.u_cpu/gen_uart.u_uart_lcpu_top/u_uart/u_uart_rx/u_uart_rx_data/mem_array_reg[1][2]/C is not reached by a timing clock
Related violations: <none>

TIMING-17#184 Critical Warning
Non-clocked sequential cell  
The clock pin u_riscv/lcpu_real.u_cpu/gen_uart.u_uart_lcpu_top/u_uart/u_uart_rx/u_uart_rx_data/mem_array_reg[1][3]/C is not reached by a timing clock
Related violations: <none>

TIMING-17#185 Critical Warning
Non-clocked sequential cell  
The clock pin u_riscv/lcpu_real.u_cpu/gen_uart.u_uart_lcpu_top/u_uart/u_uart_rx/u_uart_rx_data/mem_array_reg[1][4]/C is not reached by a timing clock
Related violations: <none>

TIMING-17#186 Critical Warning
Non-clocked sequential cell  
The clock pin u_riscv/lcpu_real.u_cpu/gen_uart.u_uart_lcpu_top/u_uart/u_uart_rx/u_uart_rx_data/mem_array_reg[1][5]/C is not reached by a timing clock
Related violations: <none>

TIMING-17#187 Critical Warning
Non-clocked sequential cell  
The clock pin u_riscv/lcpu_real.u_cpu/gen_uart.u_uart_lcpu_top/u_uart/u_uart_rx/u_uart_rx_data/mem_array_reg[1][6]/C is not reached by a timing clock
Related violations: <none>

TIMING-17#188 Critical Warning
Non-clocked sequential cell  
The clock pin u_riscv/lcpu_real.u_cpu/gen_uart.u_uart_lcpu_top/u_uart/u_uart_rx/u_uart_rx_data/mem_array_reg[1][7]/C is not reached by a timing clock
Related violations: <none>

TIMING-17#189 Critical Warning
Non-clocked sequential cell  
The clock pin u_riscv/lcpu_real.u_cpu/gen_uart.u_uart_lcpu_top/u_uart/u_uart_rx/u_uart_rx_data/mem_array_reg[2][0]/C is not reached by a timing clock
Related violations: <none>

TIMING-17#190 Critical Warning
Non-clocked sequential cell  
The clock pin u_riscv/lcpu_real.u_cpu/gen_uart.u_uart_lcpu_top/u_uart/u_uart_rx/u_uart_rx_data/mem_array_reg[2][1]/C is not reached by a timing clock
Related violations: <none>

TIMING-17#191 Critical Warning
Non-clocked sequential cell  
The clock pin u_riscv/lcpu_real.u_cpu/gen_uart.u_uart_lcpu_top/u_uart/u_uart_rx/u_uart_rx_data/mem_array_reg[2][2]/C is not reached by a timing clock
Related violations: <none>

TIMING-17#192 Critical Warning
Non-clocked sequential cell  
The clock pin u_riscv/lcpu_real.u_cpu/gen_uart.u_uart_lcpu_top/u_uart/u_uart_rx/u_uart_rx_data/mem_array_reg[2][3]/C is not reached by a timing clock
Related violations: <none>

TIMING-17#193 Critical Warning
Non-clocked sequential cell  
The clock pin u_riscv/lcpu_real.u_cpu/gen_uart.u_uart_lcpu_top/u_uart/u_uart_rx/u_uart_rx_data/mem_array_reg[2][4]/C is not reached by a timing clock
Related violations: <none>

TIMING-17#194 Critical Warning
Non-clocked sequential cell  
The clock pin u_riscv/lcpu_real.u_cpu/gen_uart.u_uart_lcpu_top/u_uart/u_uart_rx/u_uart_rx_data/mem_array_reg[2][5]/C is not reached by a timing clock
Related violations: <none>

TIMING-17#195 Critical Warning
Non-clocked sequential cell  
The clock pin u_riscv/lcpu_real.u_cpu/gen_uart.u_uart_lcpu_top/u_uart/u_uart_rx/u_uart_rx_data/mem_array_reg[2][6]/C is not reached by a timing clock
Related violations: <none>

TIMING-17#196 Critical Warning
Non-clocked sequential cell  
The clock pin u_riscv/lcpu_real.u_cpu/gen_uart.u_uart_lcpu_top/u_uart/u_uart_rx/u_uart_rx_data/mem_array_reg[2][7]/C is not reached by a timing clock
Related violations: <none>

TIMING-17#197 Critical Warning
Non-clocked sequential cell  
The clock pin u_riscv/lcpu_real.u_cpu/gen_uart.u_uart_lcpu_top/u_uart/u_uart_rx/u_uart_rx_data/mem_array_reg[3][0]/C is not reached by a timing clock
Related violations: <none>

TIMING-17#198 Critical Warning
Non-clocked sequential cell  
The clock pin u_riscv/lcpu_real.u_cpu/gen_uart.u_uart_lcpu_top/u_uart/u_uart_rx/u_uart_rx_data/mem_array_reg[3][1]/C is not reached by a timing clock
Related violations: <none>

TIMING-17#199 Critical Warning
Non-clocked sequential cell  
The clock pin u_riscv/lcpu_real.u_cpu/gen_uart.u_uart_lcpu_top/u_uart/u_uart_rx/u_uart_rx_data/mem_array_reg[3][2]/C is not reached by a timing clock
Related violations: <none>

TIMING-17#200 Critical Warning
Non-clocked sequential cell  
The clock pin u_riscv/lcpu_real.u_cpu/gen_uart.u_uart_lcpu_top/u_uart/u_uart_rx/u_uart_rx_data/mem_array_reg[3][3]/C is not reached by a timing clock
Related violations: <none>

TIMING-17#201 Critical Warning
Non-clocked sequential cell  
The clock pin u_riscv/lcpu_real.u_cpu/gen_uart.u_uart_lcpu_top/u_uart/u_uart_rx/u_uart_rx_data/mem_array_reg[3][4]/C is not reached by a timing clock
Related violations: <none>

TIMING-17#202 Critical Warning
Non-clocked sequential cell  
The clock pin u_riscv/lcpu_real.u_cpu/gen_uart.u_uart_lcpu_top/u_uart/u_uart_rx/u_uart_rx_data/mem_array_reg[3][5]/C is not reached by a timing clock
Related violations: <none>

TIMING-17#203 Critical Warning
Non-clocked sequential cell  
The clock pin u_riscv/lcpu_real.u_cpu/gen_uart.u_uart_lcpu_top/u_uart/u_uart_rx/u_uart_rx_data/mem_array_reg[3][6]/C is not reached by a timing clock
Related violations: <none>

TIMING-17#204 Critical Warning
Non-clocked sequential cell  
The clock pin u_riscv/lcpu_real.u_cpu/gen_uart.u_uart_lcpu_top/u_uart/u_uart_rx/u_uart_rx_data/mem_array_reg[3][7]/C is not reached by a timing clock
Related violations: <none>

TIMING-17#205 Critical Warning
Non-clocked sequential cell  
The clock pin u_riscv/lcpu_real.u_cpu/gen_uart.u_uart_lcpu_top/u_uart/u_uart_rx/u_uart_rx_data/mem_array_reg[4][0]/C is not reached by a timing clock
Related violations: <none>

TIMING-17#206 Critical Warning
Non-clocked sequential cell  
The clock pin u_riscv/lcpu_real.u_cpu/gen_uart.u_uart_lcpu_top/u_uart/u_uart_rx/u_uart_rx_data/mem_array_reg[4][1]/C is not reached by a timing clock
Related violations: <none>

TIMING-17#207 Critical Warning
Non-clocked sequential cell  
The clock pin u_riscv/lcpu_real.u_cpu/gen_uart.u_uart_lcpu_top/u_uart/u_uart_rx/u_uart_rx_data/mem_array_reg[4][2]/C is not reached by a timing clock
Related violations: <none>

TIMING-17#208 Critical Warning
Non-clocked sequential cell  
The clock pin u_riscv/lcpu_real.u_cpu/gen_uart.u_uart_lcpu_top/u_uart/u_uart_rx/u_uart_rx_data/mem_array_reg[4][3]/C is not reached by a timing clock
Related violations: <none>

TIMING-17#209 Critical Warning
Non-clocked sequential cell  
The clock pin u_riscv/lcpu_real.u_cpu/gen_uart.u_uart_lcpu_top/u_uart/u_uart_rx/u_uart_rx_data/mem_array_reg[4][4]/C is not reached by a timing clock
Related violations: <none>

TIMING-17#210 Critical Warning
Non-clocked sequential cell  
The clock pin u_riscv/lcpu_real.u_cpu/gen_uart.u_uart_lcpu_top/u_uart/u_uart_rx/u_uart_rx_data/mem_array_reg[4][5]/C is not reached by a timing clock
Related violations: <none>

TIMING-17#211 Critical Warning
Non-clocked sequential cell  
The clock pin u_riscv/lcpu_real.u_cpu/gen_uart.u_uart_lcpu_top/u_uart/u_uart_rx/u_uart_rx_data/mem_array_reg[4][6]/C is not reached by a timing clock
Related violations: <none>

TIMING-17#212 Critical Warning
Non-clocked sequential cell  
The clock pin u_riscv/lcpu_real.u_cpu/gen_uart.u_uart_lcpu_top/u_uart/u_uart_rx/u_uart_rx_data/mem_array_reg[4][7]/C is not reached by a timing clock
Related violations: <none>

TIMING-17#213 Critical Warning
Non-clocked sequential cell  
The clock pin u_riscv/lcpu_real.u_cpu/gen_uart.u_uart_lcpu_top/u_uart/u_uart_rx/u_uart_rx_data/mem_array_reg[5][0]/C is not reached by a timing clock
Related violations: <none>

TIMING-17#214 Critical Warning
Non-clocked sequential cell  
The clock pin u_riscv/lcpu_real.u_cpu/gen_uart.u_uart_lcpu_top/u_uart/u_uart_rx/u_uart_rx_data/mem_array_reg[5][1]/C is not reached by a timing clock
Related violations: <none>

TIMING-17#215 Critical Warning
Non-clocked sequential cell  
The clock pin u_riscv/lcpu_real.u_cpu/gen_uart.u_uart_lcpu_top/u_uart/u_uart_rx/u_uart_rx_data/mem_array_reg[5][2]/C is not reached by a timing clock
Related violations: <none>

TIMING-17#216 Critical Warning
Non-clocked sequential cell  
The clock pin u_riscv/lcpu_real.u_cpu/gen_uart.u_uart_lcpu_top/u_uart/u_uart_rx/u_uart_rx_data/mem_array_reg[5][3]/C is not reached by a timing clock
Related violations: <none>

TIMING-17#217 Critical Warning
Non-clocked sequential cell  
The clock pin u_riscv/lcpu_real.u_cpu/gen_uart.u_uart_lcpu_top/u_uart/u_uart_rx/u_uart_rx_data/mem_array_reg[5][4]/C is not reached by a timing clock
Related violations: <none>

TIMING-17#218 Critical Warning
Non-clocked sequential cell  
The clock pin u_riscv/lcpu_real.u_cpu/gen_uart.u_uart_lcpu_top/u_uart/u_uart_rx/u_uart_rx_data/mem_array_reg[5][5]/C is not reached by a timing clock
Related violations: <none>

TIMING-17#219 Critical Warning
Non-clocked sequential cell  
The clock pin u_riscv/lcpu_real.u_cpu/gen_uart.u_uart_lcpu_top/u_uart/u_uart_rx/u_uart_rx_data/mem_array_reg[5][6]/C is not reached by a timing clock
Related violations: <none>

TIMING-17#220 Critical Warning
Non-clocked sequential cell  
The clock pin u_riscv/lcpu_real.u_cpu/gen_uart.u_uart_lcpu_top/u_uart/u_uart_rx/u_uart_rx_data/mem_array_reg[5][7]/C is not reached by a timing clock
Related violations: <none>

TIMING-17#221 Critical Warning
Non-clocked sequential cell  
The clock pin u_riscv/lcpu_real.u_cpu/gen_uart.u_uart_lcpu_top/u_uart/u_uart_rx/u_uart_rx_data/mem_array_reg[6][0]/C is not reached by a timing clock
Related violations: <none>

TIMING-17#222 Critical Warning
Non-clocked sequential cell  
The clock pin u_riscv/lcpu_real.u_cpu/gen_uart.u_uart_lcpu_top/u_uart/u_uart_rx/u_uart_rx_data/mem_array_reg[6][1]/C is not reached by a timing clock
Related violations: <none>

TIMING-17#223 Critical Warning
Non-clocked sequential cell  
The clock pin u_riscv/lcpu_real.u_cpu/gen_uart.u_uart_lcpu_top/u_uart/u_uart_rx/u_uart_rx_data/mem_array_reg[6][2]/C is not reached by a timing clock
Related violations: <none>

TIMING-17#224 Critical Warning
Non-clocked sequential cell  
The clock pin u_riscv/lcpu_real.u_cpu/gen_uart.u_uart_lcpu_top/u_uart/u_uart_rx/u_uart_rx_data/mem_array_reg[6][3]/C is not reached by a timing clock
Related violations: <none>

TIMING-17#225 Critical Warning
Non-clocked sequential cell  
The clock pin u_riscv/lcpu_real.u_cpu/gen_uart.u_uart_lcpu_top/u_uart/u_uart_rx/u_uart_rx_data/mem_array_reg[6][4]/C is not reached by a timing clock
Related violations: <none>

TIMING-17#226 Critical Warning
Non-clocked sequential cell  
The clock pin u_riscv/lcpu_real.u_cpu/gen_uart.u_uart_lcpu_top/u_uart/u_uart_rx/u_uart_rx_data/mem_array_reg[6][5]/C is not reached by a timing clock
Related violations: <none>

TIMING-17#227 Critical Warning
Non-clocked sequential cell  
The clock pin u_riscv/lcpu_real.u_cpu/gen_uart.u_uart_lcpu_top/u_uart/u_uart_rx/u_uart_rx_data/mem_array_reg[6][6]/C is not reached by a timing clock
Related violations: <none>

TIMING-17#228 Critical Warning
Non-clocked sequential cell  
The clock pin u_riscv/lcpu_real.u_cpu/gen_uart.u_uart_lcpu_top/u_uart/u_uart_rx/u_uart_rx_data/mem_array_reg[6][7]/C is not reached by a timing clock
Related violations: <none>

TIMING-17#229 Critical Warning
Non-clocked sequential cell  
The clock pin u_riscv/lcpu_real.u_cpu/gen_uart.u_uart_lcpu_top/u_uart/u_uart_rx/u_uart_rx_data/mem_array_reg[7][0]/C is not reached by a timing clock
Related violations: <none>

TIMING-17#230 Critical Warning
Non-clocked sequential cell  
The clock pin u_riscv/lcpu_real.u_cpu/gen_uart.u_uart_lcpu_top/u_uart/u_uart_rx/u_uart_rx_data/mem_array_reg[7][1]/C is not reached by a timing clock
Related violations: <none>

TIMING-17#231 Critical Warning
Non-clocked sequential cell  
The clock pin u_riscv/lcpu_real.u_cpu/gen_uart.u_uart_lcpu_top/u_uart/u_uart_rx/u_uart_rx_data/mem_array_reg[7][2]/C is not reached by a timing clock
Related violations: <none>

TIMING-17#232 Critical Warning
Non-clocked sequential cell  
The clock pin u_riscv/lcpu_real.u_cpu/gen_uart.u_uart_lcpu_top/u_uart/u_uart_rx/u_uart_rx_data/mem_array_reg[7][3]/C is not reached by a timing clock
Related violations: <none>

TIMING-17#233 Critical Warning
Non-clocked sequential cell  
The clock pin u_riscv/lcpu_real.u_cpu/gen_uart.u_uart_lcpu_top/u_uart/u_uart_rx/u_uart_rx_data/mem_array_reg[7][4]/C is not reached by a timing clock
Related violations: <none>

TIMING-17#234 Critical Warning
Non-clocked sequential cell  
The clock pin u_riscv/lcpu_real.u_cpu/gen_uart.u_uart_lcpu_top/u_uart/u_uart_rx/u_uart_rx_data/mem_array_reg[7][5]/C is not reached by a timing clock
Related violations: <none>

TIMING-17#235 Critical Warning
Non-clocked sequential cell  
The clock pin u_riscv/lcpu_real.u_cpu/gen_uart.u_uart_lcpu_top/u_uart/u_uart_rx/u_uart_rx_data/mem_array_reg[7][6]/C is not reached by a timing clock
Related violations: <none>

TIMING-17#236 Critical Warning
Non-clocked sequential cell  
The clock pin u_riscv/lcpu_real.u_cpu/gen_uart.u_uart_lcpu_top/u_uart/u_uart_rx/u_uart_rx_data/mem_array_reg[7][7]/C is not reached by a timing clock
Related violations: <none>

TIMING-17#237 Critical Warning
Non-clocked sequential cell  
The clock pin u_riscv/lcpu_real.u_cpu/gen_uart.u_uart_lcpu_top/u_uart/u_uart_rx/u_uart_rx_data/mem_array_reg[8][0]/C is not reached by a timing clock
Related violations: <none>

TIMING-17#238 Critical Warning
Non-clocked sequential cell  
The clock pin u_riscv/lcpu_real.u_cpu/gen_uart.u_uart_lcpu_top/u_uart/u_uart_rx/u_uart_rx_data/mem_array_reg[8][1]/C is not reached by a timing clock
Related violations: <none>

TIMING-17#239 Critical Warning
Non-clocked sequential cell  
The clock pin u_riscv/lcpu_real.u_cpu/gen_uart.u_uart_lcpu_top/u_uart/u_uart_rx/u_uart_rx_data/mem_array_reg[8][2]/C is not reached by a timing clock
Related violations: <none>

TIMING-17#240 Critical Warning
Non-clocked sequential cell  
The clock pin u_riscv/lcpu_real.u_cpu/gen_uart.u_uart_lcpu_top/u_uart/u_uart_rx/u_uart_rx_data/mem_array_reg[8][3]/C is not reached by a timing clock
Related violations: <none>

TIMING-17#241 Critical Warning
Non-clocked sequential cell  
The clock pin u_riscv/lcpu_real.u_cpu/gen_uart.u_uart_lcpu_top/u_uart/u_uart_rx/u_uart_rx_data/mem_array_reg[8][4]/C is not reached by a timing clock
Related violations: <none>

TIMING-17#242 Critical Warning
Non-clocked sequential cell  
The clock pin u_riscv/lcpu_real.u_cpu/gen_uart.u_uart_lcpu_top/u_uart/u_uart_rx/u_uart_rx_data/mem_array_reg[8][5]/C is not reached by a timing clock
Related violations: <none>

TIMING-17#243 Critical Warning
Non-clocked sequential cell  
The clock pin u_riscv/lcpu_real.u_cpu/gen_uart.u_uart_lcpu_top/u_uart/u_uart_rx/u_uart_rx_data/mem_array_reg[8][6]/C is not reached by a timing clock
Related violations: <none>

TIMING-17#244 Critical Warning
Non-clocked sequential cell  
The clock pin u_riscv/lcpu_real.u_cpu/gen_uart.u_uart_lcpu_top/u_uart/u_uart_rx/u_uart_rx_data/mem_array_reg[8][7]/C is not reached by a timing clock
Related violations: <none>

TIMING-17#245 Critical Warning
Non-clocked sequential cell  
The clock pin u_riscv/lcpu_real.u_cpu/gen_uart.u_uart_lcpu_top/u_uart/u_uart_rx/u_uart_rx_data/mem_array_reg[9][0]/C is not reached by a timing clock
Related violations: <none>

TIMING-17#246 Critical Warning
Non-clocked sequential cell  
The clock pin u_riscv/lcpu_real.u_cpu/gen_uart.u_uart_lcpu_top/u_uart/u_uart_rx/u_uart_rx_data/mem_array_reg[9][1]/C is not reached by a timing clock
Related violations: <none>

TIMING-17#247 Critical Warning
Non-clocked sequential cell  
The clock pin u_riscv/lcpu_real.u_cpu/gen_uart.u_uart_lcpu_top/u_uart/u_uart_rx/u_uart_rx_data/mem_array_reg[9][2]/C is not reached by a timing clock
Related violations: <none>

TIMING-17#248 Critical Warning
Non-clocked sequential cell  
The clock pin u_riscv/lcpu_real.u_cpu/gen_uart.u_uart_lcpu_top/u_uart/u_uart_rx/u_uart_rx_data/mem_array_reg[9][3]/C is not reached by a timing clock
Related violations: <none>

TIMING-17#249 Critical Warning
Non-clocked sequential cell  
The clock pin u_riscv/lcpu_real.u_cpu/gen_uart.u_uart_lcpu_top/u_uart/u_uart_rx/u_uart_rx_data/mem_array_reg[9][4]/C is not reached by a timing clock
Related violations: <none>

TIMING-17#250 Critical Warning
Non-clocked sequential cell  
The clock pin u_riscv/lcpu_real.u_cpu/gen_uart.u_uart_lcpu_top/u_uart/u_uart_rx/u_uart_rx_data/mem_array_reg[9][5]/C is not reached by a timing clock
Related violations: <none>

TIMING-17#251 Critical Warning
Non-clocked sequential cell  
The clock pin u_riscv/lcpu_real.u_cpu/gen_uart.u_uart_lcpu_top/u_uart/u_uart_rx/u_uart_rx_data/mem_array_reg[9][6]/C is not reached by a timing clock
Related violations: <none>

TIMING-17#252 Critical Warning
Non-clocked sequential cell  
The clock pin u_riscv/lcpu_real.u_cpu/gen_uart.u_uart_lcpu_top/u_uart/u_uart_rx/u_uart_rx_data/mem_array_reg[9][7]/C is not reached by a timing clock
Related violations: <none>

TIMING-17#253 Critical Warning
Non-clocked sequential cell  
The clock pin u_riscv/lcpu_real.u_cpu/gen_uart.u_uart_lcpu_top/u_uart/u_uart_rx/u_uart_rx_data/out_ptr_gray1_reg[0]/C is not reached by a timing clock
Related violations: <none>

TIMING-17#254 Critical Warning
Non-clocked sequential cell  
The clock pin u_riscv/lcpu_real.u_cpu/gen_uart.u_uart_lcpu_top/u_uart/u_uart_rx/u_uart_rx_data/out_ptr_gray1_reg[1]/C is not reached by a timing clock
Related violations: <none>

TIMING-17#255 Critical Warning
Non-clocked sequential cell  
The clock pin u_riscv/lcpu_real.u_cpu/gen_uart.u_uart_lcpu_top/u_uart/u_uart_rx/u_uart_rx_data/out_ptr_gray1_reg[2]/C is not reached by a timing clock
Related violations: <none>

TIMING-17#256 Critical Warning
Non-clocked sequential cell  
The clock pin u_riscv/lcpu_real.u_cpu/gen_uart.u_uart_lcpu_top/u_uart/u_uart_rx/u_uart_rx_data/out_ptr_gray1_reg[3]/C is not reached by a timing clock
Related violations: <none>

TIMING-17#257 Critical Warning
Non-clocked sequential cell  
The clock pin u_riscv/lcpu_real.u_cpu/gen_uart.u_uart_lcpu_top/u_uart/u_uart_rx/u_uart_rx_data/out_ptr_gray2_reg[0]/C is not reached by a timing clock
Related violations: <none>

TIMING-17#258 Critical Warning
Non-clocked sequential cell  
The clock pin u_riscv/lcpu_real.u_cpu/gen_uart.u_uart_lcpu_top/u_uart/u_uart_rx/u_uart_rx_data/out_ptr_gray2_reg[1]/C is not reached by a timing clock
Related violations: <none>

TIMING-17#259 Critical Warning
Non-clocked sequential cell  
The clock pin u_riscv/lcpu_real.u_cpu/gen_uart.u_uart_lcpu_top/u_uart/u_uart_rx/u_uart_rx_data/out_ptr_gray2_reg[2]/C is not reached by a timing clock
Related violations: <none>

TIMING-17#260 Critical Warning
Non-clocked sequential cell  
The clock pin u_riscv/lcpu_real.u_cpu/gen_uart.u_uart_lcpu_top/u_uart/u_uart_rx/u_uart_rx_data/out_ptr_gray2_reg[3]/C is not reached by a timing clock
Related violations: <none>

TIMING-17#261 Critical Warning
Non-clocked sequential cell  
The clock pin u_riscv/lcpu_real.u_cpu/gen_uart.u_uart_lcpu_top/u_uart/u_uart_rx/uart_rx_cnt_reg[0]/C is not reached by a timing clock
Related violations: <none>

TIMING-17#262 Critical Warning
Non-clocked sequential cell  
The clock pin u_riscv/lcpu_real.u_cpu/gen_uart.u_uart_lcpu_top/u_uart/u_uart_rx/uart_rx_cnt_reg[1]/C is not reached by a timing clock
Related violations: <none>

TIMING-17#263 Critical Warning
Non-clocked sequential cell  
The clock pin u_riscv/lcpu_real.u_cpu/gen_uart.u_uart_lcpu_top/u_uart/u_uart_rx/uart_rx_cnt_reg[2]/C is not reached by a timing clock
Related violations: <none>

TIMING-17#264 Critical Warning
Non-clocked sequential cell  
The clock pin u_riscv/lcpu_real.u_cpu/gen_uart.u_uart_lcpu_top/u_uart/u_uart_rx/uart_rx_cnt_reg[3]/C is not reached by a timing clock
Related violations: <none>

TIMING-17#265 Critical Warning
Non-clocked sequential cell  
The clock pin u_riscv/lcpu_real.u_cpu/gen_uart.u_uart_lcpu_top/u_uart/u_uart_rx/uart_rx_cnt_reg[4]/C is not reached by a timing clock
Related violations: <none>

TIMING-17#266 Critical Warning
Non-clocked sequential cell  
The clock pin u_riscv/lcpu_real.u_cpu/gen_uart.u_uart_lcpu_top/u_uart/u_uart_rx/uart_rx_cnt_reg[5]/C is not reached by a timing clock
Related violations: <none>

TIMING-17#267 Critical Warning
Non-clocked sequential cell  
The clock pin u_riscv/lcpu_real.u_cpu/gen_uart.u_uart_lcpu_top/u_uart/u_uart_rx/uart_rx_cnt_reg[6]/C is not reached by a timing clock
Related violations: <none>

TIMING-17#268 Critical Warning
Non-clocked sequential cell  
The clock pin u_riscv/lcpu_real.u_cpu/gen_uart.u_uart_lcpu_top/u_uart/u_uart_rx/uart_rx_d0_reg/C is not reached by a timing clock
Related violations: <none>

TIMING-17#269 Critical Warning
Non-clocked sequential cell  
The clock pin u_riscv/lcpu_real.u_cpu/gen_uart.u_uart_lcpu_top/u_uart/u_uart_rx/uart_rx_wdata_reg[0]/C is not reached by a timing clock
Related violations: <none>

TIMING-17#270 Critical Warning
Non-clocked sequential cell  
The clock pin u_riscv/lcpu_real.u_cpu/gen_uart.u_uart_lcpu_top/u_uart/u_uart_rx/uart_rx_wdata_reg[1]/C is not reached by a timing clock
Related violations: <none>

TIMING-17#271 Critical Warning
Non-clocked sequential cell  
The clock pin u_riscv/lcpu_real.u_cpu/gen_uart.u_uart_lcpu_top/u_uart/u_uart_rx/uart_rx_wdata_reg[2]/C is not reached by a timing clock
Related violations: <none>

TIMING-17#272 Critical Warning
Non-clocked sequential cell  
The clock pin u_riscv/lcpu_real.u_cpu/gen_uart.u_uart_lcpu_top/u_uart/u_uart_rx/uart_rx_wdata_reg[3]/C is not reached by a timing clock
Related violations: <none>

TIMING-17#273 Critical Warning
Non-clocked sequential cell  
The clock pin u_riscv/lcpu_real.u_cpu/gen_uart.u_uart_lcpu_top/u_uart/u_uart_rx/uart_rx_wdata_reg[4]/C is not reached by a timing clock
Related violations: <none>

TIMING-17#274 Critical Warning
Non-clocked sequential cell  
The clock pin u_riscv/lcpu_real.u_cpu/gen_uart.u_uart_lcpu_top/u_uart/u_uart_rx/uart_rx_wdata_reg[5]/C is not reached by a timing clock
Related violations: <none>

TIMING-17#275 Critical Warning
Non-clocked sequential cell  
The clock pin u_riscv/lcpu_real.u_cpu/gen_uart.u_uart_lcpu_top/u_uart/u_uart_rx/uart_rx_wdata_reg[6]/C is not reached by a timing clock
Related violations: <none>

TIMING-17#276 Critical Warning
Non-clocked sequential cell  
The clock pin u_riscv/lcpu_real.u_cpu/gen_uart.u_uart_lcpu_top/u_uart/u_uart_rx/uart_rx_wdata_reg[7]/C is not reached by a timing clock
Related violations: <none>

TIMING-17#277 Critical Warning
Non-clocked sequential cell  
The clock pin u_riscv/lcpu_real.u_cpu/gen_uart.u_uart_lcpu_top/u_uart/u_uart_rx/uart_rx_wen_reg/C is not reached by a timing clock
Related violations: <none>

TIMING-17#278 Critical Warning
Non-clocked sequential cell  
The clock pin u_riscv/lcpu_real.u_cpu/gen_uart.u_uart_lcpu_top/u_uart/u_uart_rx/uart_rxing_d0_reg/C is not reached by a timing clock
Related violations: <none>

TIMING-17#279 Critical Warning
Non-clocked sequential cell  
The clock pin u_riscv/lcpu_real.u_cpu/gen_uart.u_uart_lcpu_top/u_uart/u_uart_rx/uart_rxing_d_reg[0]/C is not reached by a timing clock
Related violations: <none>

TIMING-17#280 Critical Warning
Non-clocked sequential cell  
The clock pin u_riscv/lcpu_real.u_cpu/gen_uart.u_uart_lcpu_top/u_uart/u_uart_rx/uart_rxing_d_reg[1]/C is not reached by a timing clock
Related violations: <none>

TIMING-17#281 Critical Warning
Non-clocked sequential cell  
The clock pin u_riscv/lcpu_real.u_cpu/gen_uart.u_uart_lcpu_top/u_uart/u_uart_rx/uart_rxing_d_reg[2]/C is not reached by a timing clock
Related violations: <none>

TIMING-17#282 Critical Warning
Non-clocked sequential cell  
The clock pin u_riscv/lcpu_real.u_cpu/gen_uart.u_uart_lcpu_top/u_uart/u_uart_rx/uart_rxing_d_reg[3]/C is not reached by a timing clock
Related violations: <none>

TIMING-17#283 Critical Warning
Non-clocked sequential cell  
The clock pin u_riscv/lcpu_real.u_cpu/gen_uart.u_uart_lcpu_top/u_uart/u_uart_rx/uart_rxing_d_reg[4]/C is not reached by a timing clock
Related violations: <none>

TIMING-17#284 Critical Warning
Non-clocked sequential cell  
The clock pin u_riscv/lcpu_real.u_cpu/gen_uart.u_uart_lcpu_top/u_uart/u_uart_rx/uart_rxing_d_reg[5]/C is not reached by a timing clock
Related violations: <none>

TIMING-17#285 Critical Warning
Non-clocked sequential cell  
The clock pin u_riscv/lcpu_real.u_cpu/gen_uart.u_uart_lcpu_top/u_uart/u_uart_rx/uart_rxing_d_reg[6]/C is not reached by a timing clock
Related violations: <none>

TIMING-17#286 Critical Warning
Non-clocked sequential cell  
The clock pin u_riscv/lcpu_real.u_cpu/gen_uart.u_uart_lcpu_top/u_uart/u_uart_rx/uart_rxing_d_reg[7]/C is not reached by a timing clock
Related violations: <none>

TIMING-17#287 Critical Warning
Non-clocked sequential cell  
The clock pin u_riscv/lcpu_real.u_cpu/gen_uart.u_uart_lcpu_top/u_uart/u_uart_rx/uart_rxing_reg/C is not reached by a timing clock
Related violations: <none>

TIMING-17#288 Critical Warning
Non-clocked sequential cell  
The clock pin u_riscv/lcpu_real.u_cpu/gen_uart.u_uart_lcpu_top/u_uart/u_uart_tx/u_uart_tx_data/in_ptr_gray1_reg[0]/C is not reached by a timing clock
Related violations: <none>

TIMING-17#289 Critical Warning
Non-clocked sequential cell  
The clock pin u_riscv/lcpu_real.u_cpu/gen_uart.u_uart_lcpu_top/u_uart/u_uart_tx/u_uart_tx_data/in_ptr_gray1_reg[1]/C is not reached by a timing clock
Related violations: <none>

TIMING-17#290 Critical Warning
Non-clocked sequential cell  
The clock pin u_riscv/lcpu_real.u_cpu/gen_uart.u_uart_lcpu_top/u_uart/u_uart_tx/u_uart_tx_data/in_ptr_gray1_reg[2]/C is not reached by a timing clock
Related violations: <none>

TIMING-17#291 Critical Warning
Non-clocked sequential cell  
The clock pin u_riscv/lcpu_real.u_cpu/gen_uart.u_uart_lcpu_top/u_uart/u_uart_tx/u_uart_tx_data/in_ptr_gray1_reg[3]/C is not reached by a timing clock
Related violations: <none>

TIMING-17#292 Critical Warning
Non-clocked sequential cell  
The clock pin u_riscv/lcpu_real.u_cpu/gen_uart.u_uart_lcpu_top/u_uart/u_uart_tx/u_uart_tx_data/in_ptr_gray2_reg[0]/C is not reached by a timing clock
Related violations: <none>

TIMING-17#293 Critical Warning
Non-clocked sequential cell  
The clock pin u_riscv/lcpu_real.u_cpu/gen_uart.u_uart_lcpu_top/u_uart/u_uart_tx/u_uart_tx_data/in_ptr_gray2_reg[1]/C is not reached by a timing clock
Related violations: <none>

TIMING-17#294 Critical Warning
Non-clocked sequential cell  
The clock pin u_riscv/lcpu_real.u_cpu/gen_uart.u_uart_lcpu_top/u_uart/u_uart_tx/u_uart_tx_data/in_ptr_gray2_reg[2]/C is not reached by a timing clock
Related violations: <none>

TIMING-17#295 Critical Warning
Non-clocked sequential cell  
The clock pin u_riscv/lcpu_real.u_cpu/gen_uart.u_uart_lcpu_top/u_uart/u_uart_tx/u_uart_tx_data/in_ptr_gray2_reg[3]/C is not reached by a timing clock
Related violations: <none>

TIMING-17#296 Critical Warning
Non-clocked sequential cell  
The clock pin u_riscv/lcpu_real.u_cpu/gen_uart.u_uart_lcpu_top/u_uart/u_uart_tx/u_uart_tx_data/out_ptr_gray_reg[0]/C is not reached by a timing clock
Related violations: <none>

TIMING-17#297 Critical Warning
Non-clocked sequential cell  
The clock pin u_riscv/lcpu_real.u_cpu/gen_uart.u_uart_lcpu_top/u_uart/u_uart_tx/u_uart_tx_data/out_ptr_gray_reg[1]/C is not reached by a timing clock
Related violations: <none>

TIMING-17#298 Critical Warning
Non-clocked sequential cell  
The clock pin u_riscv/lcpu_real.u_cpu/gen_uart.u_uart_lcpu_top/u_uart/u_uart_tx/u_uart_tx_data/out_ptr_gray_reg[2]/C is not reached by a timing clock
Related violations: <none>

TIMING-17#299 Critical Warning
Non-clocked sequential cell  
The clock pin u_riscv/lcpu_real.u_cpu/gen_uart.u_uart_lcpu_top/u_uart/u_uart_tx/u_uart_tx_data/out_ptr_reg[0]/C is not reached by a timing clock
Related violations: <none>

TIMING-17#300 Critical Warning
Non-clocked sequential cell  
The clock pin u_riscv/lcpu_real.u_cpu/gen_uart.u_uart_lcpu_top/u_uart/u_uart_tx/u_uart_tx_data/out_ptr_reg[1]/C is not reached by a timing clock
Related violations: <none>

TIMING-17#301 Critical Warning
Non-clocked sequential cell  
The clock pin u_riscv/lcpu_real.u_cpu/gen_uart.u_uart_lcpu_top/u_uart/u_uart_tx/u_uart_tx_data/out_ptr_reg[2]/C is not reached by a timing clock
Related violations: <none>

TIMING-17#302 Critical Warning
Non-clocked sequential cell  
The clock pin u_riscv/lcpu_real.u_cpu/gen_uart.u_uart_lcpu_top/u_uart/u_uart_tx/u_uart_tx_data/out_ptr_reg[3]/C is not reached by a timing clock
Related violations: <none>

TIMING-17#303 Critical Warning
Non-clocked sequential cell  
The clock pin u_riscv/lcpu_real.u_cpu/gen_uart.u_uart_lcpu_top/u_uart/u_uart_tx/u_uart_tx_data/read_addr_reg[0]/C is not reached by a timing clock
Related violations: <none>

TIMING-17#304 Critical Warning
Non-clocked sequential cell  
The clock pin u_riscv/lcpu_real.u_cpu/gen_uart.u_uart_lcpu_top/u_uart/u_uart_tx/u_uart_tx_data/read_addr_reg[1]/C is not reached by a timing clock
Related violations: <none>

TIMING-17#305 Critical Warning
Non-clocked sequential cell  
The clock pin u_riscv/lcpu_real.u_cpu/gen_uart.u_uart_lcpu_top/u_uart/u_uart_tx/u_uart_tx_data/read_addr_reg[2]/C is not reached by a timing clock
Related violations: <none>

TIMING-17#306 Critical Warning
Non-clocked sequential cell  
The clock pin u_riscv/lcpu_real.u_cpu/gen_uart.u_uart_lcpu_top/u_uart/u_uart_tx/u_uart_tx_data/read_addr_reg[3]/C is not reached by a timing clock
Related violations: <none>

TIMING-17#307 Critical Warning
Non-clocked sequential cell  
The clock pin u_riscv/lcpu_real.u_cpu/gen_uart.u_uart_lcpu_top/u_uart/u_uart_tx/uart_tx_cnt_reg[0]/C is not reached by a timing clock
Related violations: <none>

TIMING-17#308 Critical Warning
Non-clocked sequential cell  
The clock pin u_riscv/lcpu_real.u_cpu/gen_uart.u_uart_lcpu_top/u_uart/u_uart_tx/uart_tx_cnt_reg[1]/C is not reached by a timing clock
Related violations: <none>

TIMING-17#309 Critical Warning
Non-clocked sequential cell  
The clock pin u_riscv/lcpu_real.u_cpu/gen_uart.u_uart_lcpu_top/u_uart/u_uart_tx/uart_tx_cnt_reg[2]/C is not reached by a timing clock
Related violations: <none>

TIMING-17#310 Critical Warning
Non-clocked sequential cell  
The clock pin u_riscv/lcpu_real.u_cpu/gen_uart.u_uart_lcpu_top/u_uart/u_uart_tx/uart_tx_cnt_reg[3]/C is not reached by a timing clock
Related violations: <none>

TIMING-17#311 Critical Warning
Non-clocked sequential cell  
The clock pin u_riscv/lcpu_real.u_cpu/gen_uart.u_uart_lcpu_top/u_uart/u_uart_tx/uart_tx_rdata_r_reg[0]/C is not reached by a timing clock
Related violations: <none>

TIMING-17#312 Critical Warning
Non-clocked sequential cell  
The clock pin u_riscv/lcpu_real.u_cpu/gen_uart.u_uart_lcpu_top/u_uart/u_uart_tx/uart_tx_rdata_r_reg[1]/C is not reached by a timing clock
Related violations: <none>

TIMING-17#313 Critical Warning
Non-clocked sequential cell  
The clock pin u_riscv/lcpu_real.u_cpu/gen_uart.u_uart_lcpu_top/u_uart/u_uart_tx/uart_tx_rdata_r_reg[2]/C is not reached by a timing clock
Related violations: <none>

TIMING-17#314 Critical Warning
Non-clocked sequential cell  
The clock pin u_riscv/lcpu_real.u_cpu/gen_uart.u_uart_lcpu_top/u_uart/u_uart_tx/uart_tx_rdata_r_reg[3]/C is not reached by a timing clock
Related violations: <none>

TIMING-17#315 Critical Warning
Non-clocked sequential cell  
The clock pin u_riscv/lcpu_real.u_cpu/gen_uart.u_uart_lcpu_top/u_uart/u_uart_tx/uart_tx_rdata_r_reg[4]/C is not reached by a timing clock
Related violations: <none>

TIMING-17#316 Critical Warning
Non-clocked sequential cell  
The clock pin u_riscv/lcpu_real.u_cpu/gen_uart.u_uart_lcpu_top/u_uart/u_uart_tx/uart_tx_rdata_r_reg[5]/C is not reached by a timing clock
Related violations: <none>

TIMING-17#317 Critical Warning
Non-clocked sequential cell  
The clock pin u_riscv/lcpu_real.u_cpu/gen_uart.u_uart_lcpu_top/u_uart/u_uart_tx/uart_tx_rdata_r_reg[6]/C is not reached by a timing clock
Related violations: <none>

TIMING-17#318 Critical Warning
Non-clocked sequential cell  
The clock pin u_riscv/lcpu_real.u_cpu/gen_uart.u_uart_lcpu_top/u_uart/u_uart_tx/uart_tx_reg/C is not reached by a timing clock
Related violations: <none>

TIMING-17#319 Critical Warning
Non-clocked sequential cell  
The clock pin u_riscv/lcpu_real.u_cpu/gen_uart.u_uart_lcpu_top/u_uart/u_uart_tx/uart_tx_ren_d0_reg/C is not reached by a timing clock
Related violations: <none>

TIMING-17#320 Critical Warning
Non-clocked sequential cell  
The clock pin u_riscv/lcpu_real.u_cpu/gen_uart.u_uart_lcpu_top/u_uart/u_uart_tx/uart_tx_ren_reg/C is not reached by a timing clock
Related violations: <none>

TIMING-17#321 Critical Warning
Non-clocked sequential cell  
The clock pin u_riscv/lcpu_real.u_cpu/gen_uart.u_uart_lcpu_top/u_uart/u_uart_tx/uart_txing_reg/C is not reached by a timing clock
Related violations: <none>

LUTAR-1#1 Warning
LUT drives async reset alert  
LUT cell clk_real.u_pll/gen_txd_oddr[0].u_txd_oddr_i_1, with 2 or more inputs, drives asynchronous preset/clear pin(s) phy_rst_cnt_reg[16]/CLR, phy_rst_cnt_reg[17]/CLR, phy_rst_cnt_reg[18]/CLR,
phy_rst_cnt_reg[19]/CLR, phy_rst_cnt_reg[1]/CLR, phy_rst_cnt_reg[20]/CLR,
phy_rst_cnt_reg[2]/CLR, phy_rst_cnt_reg[3]/CLR, phy_rst_cnt_reg[4]/CLR,
phy_rst_cnt_reg[5]/CLR, phy_rst_cnt_reg[6]/CLR, phy_rst_cnt_reg[7]/CLR,
phy_rst_cnt_reg[8]/CLR, phy_rst_cnt_reg[9]/CLR, phy_rst_n_r_reg/CLR
 (the first 15 of 589 listed). The LUT may glitch and trigger an unexpected reset, even if it is a properly timed path.
Related violations: <none>

TIMING-18#1 Warning
Missing input or output delay  
An output delay is missing on led_o[0] relative to the rising and/or falling clock edge(s) of fpga_clk.
Related violations: <none>

TIMING-18#2 Warning
Missing input or output delay  
An output delay is missing on led_o[1] relative to the rising and/or falling clock edge(s) of fpga_clk.
Related violations: <none>

TIMING-18#3 Warning
Missing input or output delay  
An output delay is missing on led_o[2] relative to the rising and/or falling clock edge(s) of fpga_clk.
Related violations: <none>

TIMING-18#4 Warning
Missing input or output delay  
An output delay is missing on led_o[3] relative to the rising and/or falling clock edge(s) of fpga_clk.
Related violations: <none>


