Copyright 1986-2022 Xilinx, Inc. All Rights Reserved. Copyright 2022-2024 Advanced Micro Devices, Inc. All Rights Reserved.
---------------------------------------------------------------------------------------------------------------------------------------------
| Tool Version : Vivado v.2024.1 (lin64) Build 5076996 Wed May 22 18:36:09 MDT 2024
| Date         : Wed Jul 29 15:31:45 2026
| Host         : minkey-pc running 64-bit Ubuntu 26.04 LTS
| Command      : report_control_sets -verbose -file webserver_cpu_top_control_sets_placed.rpt
| Design       : webserver_cpu_top
| Device       : xc7a35t
---------------------------------------------------------------------------------------------------------------------------------------------

Control Set Information

Table of Contents
-----------------
1. Summary
2. Histogram
3. Flip-Flop Distribution
4. Detailed Control Set Information

1. Summary
----------

+----------------------------------------------------------+-------+
|                          Status                          | Count |
+----------------------------------------------------------+-------+
| Total control sets                                       |   241 |
|    Minimum number of control sets                        |   241 |
|    Addition due to synthesis replication                 |     0 |
|    Addition due to physical synthesis replication        |     0 |
| Unused register locations in slices containing registers |   590 |
+----------------------------------------------------------+-------+
* Control sets can be merged at opt_design using control_set_merge or merge_equivalent_drivers
** Run report_qor_suggestions for automated merging and remapping suggestions


2. Histogram
------------

+--------------------+-------+
|       Fanout       | Count |
+--------------------+-------+
| Total control sets |   241 |
| >= 0 to < 4        |    10 |
| >= 4 to < 6        |    36 |
| >= 6 to < 8        |    28 |
| >= 8 to < 10       |    37 |
| >= 10 to < 12      |     2 |
| >= 12 to < 14      |     7 |
| >= 14 to < 16      |     0 |
| >= 16              |   121 |
+--------------------+-------+
* Control sets can be remapped at either synth_design or opt_design


3. Flip-Flop Distribution
-------------------------

+--------------+-----------------------+------------------------+-----------------+--------------+
| Clock Enable | Synchronous Set/Reset | Asynchronous Set/Reset | Total Registers | Total Slices |
+--------------+-----------------------+------------------------+-----------------+--------------+
| No           | No                    | No                     |             104 |           46 |
| No           | No                    | Yes                    |             842 |          241 |
| No           | Yes                   | No                     |             109 |           39 |
| Yes          | No                    | No                     |            2470 |         1044 |
| Yes          | No                    | Yes                    |            1619 |          524 |
| Yes          | Yes                   | No                     |             186 |           54 |
+--------------+-----------------------+------------------------+-----------------+--------------+


4. Detailed Control Set Information
-----------------------------------

+------------------------------+------------------------------------------------------------------------------------------------------------+--------------------------------------------------------------------------------------------------+------------------+----------------+--------------+
|         Clock Signal         |                                                Enable Signal                                               |                                         Set/Reset Signal                                         | Slice Load Count | Bel Load Count | Bels / Slice |
+------------------------------+------------------------------------------------------------------------------------------------------------+--------------------------------------------------------------------------------------------------+------------------+----------------+--------------+
|  in_ptr_gray_reg[2]_i_3_n_0  | u_riscv/lcpu_real.u_cpu/gen_uart.u_uart_lcpu_top/u_uart/u_uart_rx/uart_rxing_d[2]_i_1_n_0                  | u_reg/RAMIF_program_ram/reset_l                                                                  |                1 |              1 |         1.00 |
|  in_ptr_gray_reg[2]_i_3_n_0  | u_riscv/lcpu_real.u_cpu/gen_uart.u_uart_lcpu_top/u_uart/u_uart_rx/uart_rxing_d[1]_i_1_n_0                  | u_reg/RAMIF_program_ram/reset_l                                                                  |                1 |              1 |         1.00 |
|  in_ptr_gray_reg[2]_i_3_n_0  | u_riscv/lcpu_real.u_cpu/gen_uart.u_uart_lcpu_top/u_uart/u_uart_rx/uart_rxing_d[0]_i_1_n_0                  | u_reg/RAMIF_program_ram/reset_l                                                                  |                1 |              1 |         1.00 |
|  in_ptr_gray_reg[2]_i_3_n_0  | u_riscv/lcpu_real.u_cpu/gen_uart.u_uart_lcpu_top/u_uart/u_uart_rx/uart_rxing_d[4]_i_1_n_0                  | u_reg/RAMIF_program_ram/reset_l                                                                  |                1 |              1 |         1.00 |
|  in_ptr_gray_reg[2]_i_3_n_0  | u_riscv/lcpu_real.u_cpu/gen_uart.u_uart_lcpu_top/u_uart/u_uart_rx/uart_rxing_d[5]_i_1_n_0                  | u_reg/RAMIF_program_ram/reset_l                                                                  |                1 |              1 |         1.00 |
|  in_ptr_gray_reg[2]_i_3_n_0  | u_riscv/lcpu_real.u_cpu/gen_uart.u_uart_lcpu_top/u_uart/u_uart_rx/uart_rxing_d[6]_i_1_n_0                  | u_reg/RAMIF_program_ram/reset_l                                                                  |                1 |              1 |         1.00 |
|  in_ptr_gray_reg[2]_i_3_n_0  | u_riscv/lcpu_real.u_cpu/gen_uart.u_uart_lcpu_top/u_uart/u_uart_rx/uart_rxing_d[7]_i_1_n_0                  | u_reg/RAMIF_program_ram/reset_l                                                                  |                1 |              1 |         1.00 |
|  in_ptr_gray_reg[2]_i_3_n_0  | u_riscv/lcpu_real.u_cpu/gen_uart.u_uart_lcpu_top/u_uart/u_uart_rx/uart_rxing_d[3]_i_1_n_0                  | u_reg/RAMIF_program_ram/reset_l                                                                  |                1 |              1 |         1.00 |
|  clk_real.u_pll/clk_50m      | u_riscv/riscv_cpu_generation.u_riscv_cpu/u_RiscV32_LocalBus/u_picorv32/instr_lui0                          | u_riscv/riscv_cpu_generation.u_riscv_cpu/u_RiscV32_LocalBus/u_picorv32/decoded_imm_j[19]_i_1_n_0 |                1 |              2 |         2.00 |
|  clk_real.u_pll/clk_50m      | u_riscv/lcpu_real.u_cpu/gen_uart.u_uart_lcpu_top/u_uart_lcpu/u_pkt_fifo/blk_mode.rpkt_pop_d0               | u_reg/RAMIF_program_ram/reset_l                                                                  |                1 |              2 |         2.00 |
|  clk_real.u_pll/clk_50m      | u_riscv/lcpu_real.u_cpu/gen_uart.u_uart_lcpu_top/u_uart_lcpu/u_pktfifo_lcpu/address[23]_i_1_n_0            | u_reg/RAMIF_program_ram/reset_l                                                                  |                2 |              4 |         2.00 |
|  clk_real.u_pll/clk_50m      | u_riscv/riscv_cpu_generation.u_riscv_cpu/u_RiscV32_LocalBus/u_RiscV32IntfBridge/req_m                      | u_riscv/riscv_cpu_generation.u_riscv_cpu/u_RiscV32_LocalBus/u_picorv32/reset_l_s_reg             |                1 |              4 |         4.00 |
|  clk_real.u_pll/clk_50m      | u_riscv/riscv_cpu_generation.u_riscv_cpu/u_RiscV32_LocalBus/u_picorv32/mem_wstrb[3]_i_2_n_0                | u_riscv/riscv_cpu_generation.u_riscv_cpu/u_RiscV32_LocalBus/u_picorv32/mem_wstrb[3]_i_1_n_0      |                1 |              4 |         4.00 |
|  clk_real.u_pll/clk_50m      | reset_l_IBUF                                                                                               |                                                                                                  |                2 |              4 |         2.00 |
|  clk_real.u_pll/clk_50m      | u_riscv/lcpu_real.u_cpu/gen_uart.u_uart_lcpu_top/u_uart_lcpu/u_pktfifo_lcpu/address[11]_i_1_n_0            | u_reg/RAMIF_program_ram/reset_l                                                                  |                1 |              4 |         4.00 |
|  clk_real.u_pll/clk_50m      | u_riscv/lcpu_real.u_cpu/gen_uart.u_uart_lcpu_top/u_uart_lcpu/u_pktfifo_lcpu/address[15]_i_1_n_0            | u_reg/RAMIF_program_ram/reset_l                                                                  |                1 |              4 |         4.00 |
|  clk_real.u_pll/clk_50m      | u_riscv/lcpu_real.u_cpu/gen_uart.u_uart_lcpu_top/u_uart_lcpu/u_pktfifo_lcpu/wrdata[7]_i_1_n_0              | u_reg/RAMIF_program_ram/reset_l                                                                  |                2 |              4 |         2.00 |
|  clk_real.u_pll/clk_50m      | u_riscv/lcpu_real.u_cpu/gen_uart.u_uart_lcpu_top/u_uart_lcpu/u_pktfifo_lcpu/wrdata[3]_i_1_n_0              | u_reg/RAMIF_program_ram/reset_l                                                                  |                2 |              4 |         2.00 |
|  clk_real.u_pll/clk_50m      | u_riscv/lcpu_real.u_cpu/gen_uart.u_uart_lcpu_top/u_uart_lcpu/u_pktfifo_lcpu/wrdata[31]_i_1_n_0             | u_reg/RAMIF_program_ram/reset_l                                                                  |                2 |              4 |         2.00 |
|  clk_real.u_pll/clk_50m      | u_riscv/lcpu_real.u_cpu/gen_uart.u_uart_lcpu_top/u_uart_lcpu/u_pktfifo_lcpu/wrdata[27]_i_1_n_0             | u_reg/RAMIF_program_ram/reset_l                                                                  |                1 |              4 |         4.00 |
|  clk_real.u_pll/clk_50m      | u_riscv/lcpu_real.u_cpu/gen_uart.u_uart_lcpu_top/u_uart_lcpu/u_pktfifo_lcpu/wrdata[19]_i_1_n_0             | u_reg/RAMIF_program_ram/reset_l                                                                  |                2 |              4 |         2.00 |
|  clk_real.u_pll/clk_50m      | u_riscv/lcpu_real.u_cpu/gen_uart.u_uart_lcpu_top/u_uart_lcpu/u_pktfifo_lcpu/wrdata[23]_i_1_n_0             | u_reg/RAMIF_program_ram/reset_l                                                                  |                1 |              4 |         4.00 |
|  clk_real.u_pll/clk_50m      | u_riscv/lcpu_real.u_cpu/gen_uart.u_uart_lcpu_top/u_uart_lcpu/u_pktfifo_lcpu/wrdata[15]_i_1_n_0             | u_reg/RAMIF_program_ram/reset_l                                                                  |                1 |              4 |         4.00 |
|  clk_real.u_pll/clk_50m      | u_riscv/lcpu_real.u_cpu/gen_uart.u_uart_lcpu_top/u_uart_lcpu/u_pktfifo_lcpu/wrdata[11]_i_1_n_0             | u_reg/RAMIF_program_ram/reset_l                                                                  |                1 |              4 |         4.00 |
|  clk_real.u_pll/clk_50m      | u_riscv/lcpu_real.u_cpu/gen_uart.u_uart_lcpu_top/u_uart_lcpu/u_pktfifo_lcpu/address[19]_i_1_n_0            | u_reg/RAMIF_program_ram/reset_l                                                                  |                1 |              4 |         4.00 |
|  clk_real.u_pll/clk_50m      | u_riscv/lcpu_real.u_cpu/gen_uart.u_uart_lcpu_top/u_uart_lcpu/u_pktfifo_lcpu/address[27]_i_1_n_0            | u_reg/RAMIF_program_ram/reset_l                                                                  |                1 |              4 |         4.00 |
|  clk_real.u_pll/clk_50m      | u_riscv/lcpu_real.u_cpu/gen_uart.u_uart_lcpu_top/u_uart_lcpu/u_pktfifo_lcpu/address[31]_i_1_n_0            | u_reg/RAMIF_program_ram/reset_l                                                                  |                2 |              4 |         2.00 |
|  in_ptr_gray1_reg[3]_i_1_n_0 | reset_l_IBUF                                                                                               |                                                                                                  |                1 |              4 |         4.00 |
|  clk_real.u_pll/clk_50m      | u_riscv/lcpu_real.u_cpu/gen_uart.u_uart_lcpu_top/u_uart_lcpu/u_pktfifo_lcpu/address[3]_i_1_n_0             | u_reg/RAMIF_program_ram/reset_l                                                                  |                1 |              4 |         4.00 |
|  clk_real.u_pll/clk_50m      | u_riscv/lcpu_real.u_cpu/gen_uart.u_uart_lcpu_top/u_uart_lcpu/u_pktfifo_lcpu/address[7]_i_1_n_0             | u_reg/RAMIF_program_ram/reset_l                                                                  |                1 |              4 |         4.00 |
|  clk_real.u_pll/clk_50m      | u_cpu_channel/u_package_fifo_cpu_wr/none_blk_mode.nb_dual_clk_cdc.u_rptr_sync/E[0]                         | clk_real.u_pll/R0                                                                                |                1 |              5 |         5.00 |
|  clk_real.u_pll/clk_50m      | u_riscv/riscv_cpu_generation.u_riscv_cpu/u_RiscV32_LocalBus/u_picorv32/mem_rdata_q[24]_i_1_n_0             |                                                                                                  |                5 |              5 |         1.00 |
|  clk_real.u_pll/clk_50m      | u_riscv/riscv_cpu_generation.u_riscv_cpu/u_RiscV32_LocalBus/u_picorv32/mem_rdata_q[19]_i_1_n_0             |                                                                                                  |                2 |              5 |         2.50 |
|  clk_real.u_pll/clk_50m      | u_cpu_channel/u_package_fifo_cpu_wr/none_blk_mode.nb_rptr_cdc.u_para_fifo_wclk/in_ptr[1]_i_1__2_n_0        | clk_real.u_pll/R0                                                                                |                1 |              5 |         5.00 |
|  clk_real.u_pll/clk_50m      | u_riscv/riscv_cpu_generation.u_riscv_cpu/u_RiscV32_LocalBus/u_picorv32/mem_rdata_q[11]_i_1_n_0             |                                                                                                  |                2 |              5 |         2.50 |
|  clk_real.u_pll/clk_50m      | u_reg/E[0]                                                                                                 | clk_real.u_pll/R0                                                                                |                1 |              5 |         5.00 |
|  clk_real.u_pll/clk_50m      | u_riscv/lcpu_real.u_cpu/gen_uart.u_uart_lcpu_top/u_uart_lcpu/u_uart_pktfifo/waddr[4]_i_1_n_0               | u_reg/RAMIF_program_ram/reset_l                                                                  |                1 |              5 |         5.00 |
|  clk_real.u_pll/clk_50m      | u_riscv/lcpu_real.u_cpu/gen_uart.u_uart_lcpu_top/u_uart_lcpu/u_pktfifo_lcpu/rpkt_raddr[4]_i_1_n_0          | u_reg/RAMIF_program_ram/reset_l                                                                  |                1 |              5 |         5.00 |
|  clk_real.u_pll/clk_50m      | u_cpu_channel/u_package_fifo_cpu_wr/none_blk_mode.nb_dual_clk_cdc.u_para_fifo/in_ptr0                      | clk_real.u_pll/R0                                                                                |                1 |              5 |         5.00 |
|  clk_real.u_pll/clk_50m      | u_riscv/riscv_cpu_generation.u_riscv_cpu/u_RiscV32_LocalBus/u_picorv32/latched_rd                          | u_riscv/riscv_cpu_generation.u_riscv_cpu/u_RiscV32_LocalBus/u_picorv32/reset_l_s_reg             |                1 |              5 |         5.00 |
|  clk_real.u_pll/clk_125m     | u_cpu_channel/u_package_fifo_cpu_rd/none_blk_mode.nb_dual_clk_cdc.u_para_fifo/in_ptr0                      | clk_real.u_pll/R0                                                                                |                2 |              5 |         2.50 |
|  clk_real.u_pll/clk_125m     | u_cpu_channel/u_pktfifo2ram_int/E[0]                                                                       | clk_real.u_pll/R0                                                                                |                1 |              5 |         5.00 |
|  Eth0_MDC_OBUF_BUFG          | u_mdio/u_lcpu_clock_cross/E[0]                                                                             | u_reg/RAMIF_program_ram/reset_l                                                                  |                1 |              5 |         5.00 |
|  clk_real.u_pll/clk_125m     | u_cpu_channel/u_package_fifo_cpu_rd/none_blk_mode.nb_dual_clk_cdc.u_rptr_sync/E[0]                         | clk_real.u_pll/R0                                                                                |                1 |              5 |         5.00 |
|  clk_real.u_pll/clk_125m     | u_cpu_channel/u_package_fifo_cpu_rd/none_blk_mode.nb_rptr_cdc.u_para_fifo_wclk/in_ptr[1]_i_1__0_n_0        | clk_real.u_pll/R0                                                                                |                1 |              5 |         5.00 |
|  Eth0_MDC_OBUF_BUFG          | u_mdio/u_lcpu_clock_cross/wrl_rdh_clk2_reg_2[0]                                                            | u_reg/RAMIF_program_ram/reset_l                                                                  |                2 |              5 |         2.50 |
|  clk_real.u_pll/clk_50m      | clk_real.u_pll/E[0]                                                                                        |                                                                                                  |                3 |              6 |         2.00 |
|  clk_real.u_pll/clk_50m      | u_riscv/lcpu_real.u_cpu/gen_uart.u_uart_lcpu_top/u_uart/u_uart_tx/u_uart_tx_data/mem_array[7][6]_i_1_n_0   |                                                                                                  |                1 |              7 |         7.00 |
|  in_ptr_gray_reg[2]_i_3_n_0  | u_riscv/lcpu_real.u_cpu/gen_uart.u_uart_lcpu_top/u_uart/u_uart_rx/uart_rxing_reg_n_0                       | u_reg/RAMIF_program_ram/reset_l                                                                  |                3 |              7 |         2.33 |
|  clk_real.u_pll/clk_50m      | u_riscv/lcpu_real.u_cpu/gen_uart.u_uart_lcpu_top/u_uart/u_uart_tx/u_uart_tx_data/mem_array[8][6]_i_1_n_0   |                                                                                                  |                2 |              7 |         3.50 |
|  clk_real.u_pll/clk_50m      | u_riscv/lcpu_real.u_cpu/gen_uart.u_uart_lcpu_top/u_uart/u_uart_tx/u_uart_tx_data/mem_array[9][6]_i_1_n_0   |                                                                                                  |                3 |              7 |         2.33 |
|  u_bridge/u_rx/u_rxc_bufg_0  | u_gmii2mac/u_rx_asyncfifo/in_ptr0                                                                          | clk_real.u_pll/R0                                                                                |                4 |              7 |         1.75 |
|  in_ptr_gray1_reg[3]_i_1_n_0 | u_riscv/lcpu_real.u_cpu/gen_uart.u_uart_lcpu_top/u_uart/u_uart_tx/uart_tx_ren_d0                           | u_reg/RAMIF_program_ram/reset_l                                                                  |                7 |              7 |         1.00 |
|  in_ptr_gray1_reg[3]_i_1_n_0 | u_riscv/lcpu_real.u_cpu/gen_uart.u_uart_lcpu_top/u_uart/u_uart_tx/u_uart_tx_data/out_ptr0                  | u_reg/RAMIF_program_ram/reset_l                                                                  |                1 |              7 |         7.00 |
|  clk_real.u_pll/clk_50m      | u_riscv/lcpu_real.u_cpu/gen_uart.u_uart_lcpu_top/u_uart_lcpu/u_lcpu2uart/returnning_rdata                  | u_reg/RAMIF_program_ram/reset_l                                                                  |                2 |              7 |         3.50 |
|  in_ptr_gray_reg[2]_i_3_n_0  | u_riscv/lcpu_real.u_cpu/gen_uart.u_uart_lcpu_top/u_uart/u_uart_rx/u_uart_rx_data/in_ptr0                   | u_reg/RAMIF_program_ram/reset_l                                                                  |                3 |              7 |         2.33 |
|  clk_real.u_pll/clk_50m      | u_riscv/riscv_cpu_generation.u_riscv_cpu/u_RiscV32_LocalBus/u_picorv32/cpu_state                           | u_riscv/riscv_cpu_generation.u_riscv_cpu/u_RiscV32_LocalBus/u_picorv32/reset_l_s_reg             |                4 |              7 |         1.75 |
|  clk_real.u_pll/clk_50m      | u_riscv/lcpu_real.u_cpu/gen_uart.u_uart_lcpu_top/u_uart/u_uart_tx/u_uart_tx_data/mem_array[6][6]_i_1_n_0   |                                                                                                  |                2 |              7 |         3.50 |
|  clk_real.u_pll/clk_50m      | u_riscv/lcpu_real.u_cpu/gen_uart.u_uart_lcpu_top/u_uart/u_uart_tx/u_uart_tx_data/mem_array[5][6]_i_1_n_0   |                                                                                                  |                2 |              7 |         3.50 |
|  clk_real.u_pll/clk_50m      | u_riscv/lcpu_real.u_cpu/gen_uart.u_uart_lcpu_top/u_uart/u_uart_tx/u_uart_tx_data/mem_array[4][6]_i_1_n_0   |                                                                                                  |                3 |              7 |         2.33 |
|  clk_real.u_pll/clk_50m      | u_riscv/lcpu_real.u_cpu/gen_uart.u_uart_lcpu_top/u_uart/u_uart_tx/u_uart_tx_data/mem_array[3][6]_i_1_n_0   |                                                                                                  |                2 |              7 |         3.50 |
|  clk_real.u_pll/clk_50m      | u_riscv/lcpu_real.u_cpu/gen_uart.u_uart_lcpu_top/u_uart/u_uart_tx/u_uart_tx_data/mem_array[2][6]_i_1_n_0   |                                                                                                  |                2 |              7 |         3.50 |
|  clk_real.u_pll/clk_50m      | u_riscv/lcpu_real.u_cpu/gen_uart.u_uart_lcpu_top/u_uart/u_uart_tx/u_uart_tx_data/mem_array[1][6]_i_1_n_0   |                                                                                                  |                1 |              7 |         7.00 |
|  clk_real.u_pll/clk_50m      | u_riscv/lcpu_real.u_cpu/gen_uart.u_uart_lcpu_top/u_uart/u_uart_tx/u_uart_tx_data/mem_array[15][6]_i_1_n_0  |                                                                                                  |                1 |              7 |         7.00 |
|  clk_real.u_pll/clk_50m      | u_riscv/lcpu_real.u_cpu/gen_uart.u_uart_lcpu_top/u_uart/u_uart_tx/u_uart_tx_data/mem_array[14][6]_i_1_n_0  |                                                                                                  |                2 |              7 |         3.50 |
|  clk_real.u_pll/clk_50m      | u_riscv/lcpu_real.u_cpu/gen_uart.u_uart_lcpu_top/u_uart/u_uart_tx/u_uart_tx_data/mem_array[13][6]_i_1_n_0  |                                                                                                  |                1 |              7 |         7.00 |
|  clk_real.u_pll/clk_50m      | u_riscv/lcpu_real.u_cpu/gen_uart.u_uart_lcpu_top/u_uart/u_uart_tx/u_uart_tx_data/mem_array[12][6]_i_1_n_0  |                                                                                                  |                1 |              7 |         7.00 |
|  clk_real.u_pll/clk_50m      | u_riscv/lcpu_real.u_cpu/gen_uart.u_uart_lcpu_top/u_uart_lcpu/u_uart_pktfifo/E[0]                           | u_reg/RAMIF_program_ram/reset_l                                                                  |                2 |              7 |         3.50 |
|  clk_real.u_pll/clk_50m      | u_riscv/lcpu_real.u_cpu/gen_uart.u_uart_lcpu_top/u_uart/u_uart_tx/u_uart_tx_data/mem_array[11][6]_i_1_n_0  |                                                                                                  |                1 |              7 |         7.00 |
|  clk_real.u_pll/clk_50m      | u_riscv/lcpu_real.u_cpu/gen_uart.u_uart_lcpu_top/u_uart/u_uart_tx/u_uart_tx_data/mem_array[10][6]_i_1_n_0  |                                                                                                  |                2 |              7 |         3.50 |
|  clk_real.u_pll/clk_50m      | u_riscv/lcpu_real.u_cpu/gen_uart.u_uart_lcpu_top/u_uart/u_uart_tx/u_uart_tx_data/mem_array[0][6]_i_1_n_0   |                                                                                                  |                2 |              7 |         3.50 |
|  clk_real.u_pll/clk_50m      | u_riscv/riscv_cpu_generation.u_riscv_cpu/u_RiscV32_LocalBus/u_picorv32/mem_rdata_q[6]_i_1_n_0              |                                                                                                  |                4 |              7 |         1.75 |
|  clk_real.u_pll/clk_50m      | u_riscv/lcpu_real.u_cpu/gen_uart.u_uart_lcpu_top/u_uart/u_uart_tx/u_uart_tx_data/in_ptr0                   | u_reg/RAMIF_program_ram/reset_l                                                                  |                3 |              7 |         2.33 |
|  clk_real.u_pll/clk_125m     | u_gmii2mac/u_rx_asyncfifo/out_ptr0                                                                         | clk_real.u_pll/R0                                                                                |                2 |              7 |         3.50 |
|  clk_real.u_pll/clk_50m      | u_riscv/u_lcpu_merge/address_reg[3]_1[0]                                                                   | u_reg/RAMIF_program_ram/reset_l                                                                  |                4 |              8 |         2.00 |
|  u_bridge/u_rx/u_rxc_bufg_0  |                                                                                                            | clk_real.u_pll/R0                                                                                |                2 |              8 |         4.00 |
|  in_ptr_gray_reg[2]_i_3_n_0  | u_riscv/lcpu_real.u_cpu/gen_uart.u_uart_lcpu_top/u_uart/u_uart_rx/u_uart_rx_data/mem_array[0][7]_i_1_n_0   |                                                                                                  |                1 |              8 |         8.00 |
|  in_ptr_gray_reg[2]_i_3_n_0  | u_riscv/lcpu_real.u_cpu/gen_uart.u_uart_lcpu_top/u_uart/u_uart_rx/u_uart_rx_data/mem_array[10][7]_i_1_n_0  |                                                                                                  |                2 |              8 |         4.00 |
|  in_ptr_gray_reg[2]_i_3_n_0  | u_riscv/lcpu_real.u_cpu/gen_uart.u_uart_lcpu_top/u_uart/u_uart_rx/u_uart_rx_data/mem_array[11][7]_i_1_n_0  |                                                                                                  |                1 |              8 |         8.00 |
|  in_ptr_gray_reg[2]_i_3_n_0  | u_riscv/lcpu_real.u_cpu/gen_uart.u_uart_lcpu_top/u_uart/u_uart_rx/u_uart_rx_data/mem_array[12][7]_i_1_n_0  |                                                                                                  |                2 |              8 |         4.00 |
|  in_ptr_gray_reg[2]_i_3_n_0  | u_riscv/lcpu_real.u_cpu/gen_uart.u_uart_lcpu_top/u_uart/u_uart_rx/u_uart_rx_data/mem_array[13][7]_i_1_n_0  |                                                                                                  |                1 |              8 |         8.00 |
|  in_ptr_gray_reg[2]_i_3_n_0  | u_riscv/lcpu_real.u_cpu/gen_uart.u_uart_lcpu_top/u_uart/u_uart_rx/u_uart_rx_data/mem_array[14][7]_i_1_n_0  |                                                                                                  |                1 |              8 |         8.00 |
|  in_ptr_gray_reg[2]_i_3_n_0  | u_riscv/lcpu_real.u_cpu/gen_uart.u_uart_lcpu_top/u_uart/u_uart_rx/u_uart_rx_data/mem_array[15][7]_i_1_n_0  |                                                                                                  |                4 |              8 |         2.00 |
|  in_ptr_gray_reg[2]_i_3_n_0  | u_riscv/lcpu_real.u_cpu/gen_uart.u_uart_lcpu_top/u_uart/u_uart_rx/u_uart_rx_data/mem_array[1][7]_i_1_n_0   |                                                                                                  |                1 |              8 |         8.00 |
|  in_ptr_gray_reg[2]_i_3_n_0  | u_riscv/lcpu_real.u_cpu/gen_uart.u_uart_lcpu_top/u_uart/u_uart_rx/u_uart_rx_data/mem_array[2][7]_i_1_n_0   |                                                                                                  |                2 |              8 |         4.00 |
|  in_ptr_gray_reg[2]_i_3_n_0  | u_riscv/lcpu_real.u_cpu/gen_uart.u_uart_lcpu_top/u_uart/u_uart_rx/u_uart_rx_data/mem_array[3][7]_i_1_n_0   |                                                                                                  |                2 |              8 |         4.00 |
|  clk_real.u_pll/clk_50m      | u_riscv/riscv_cpu_generation.u_riscv_cpu/u_RiscV32_LocalBus/u_picorv32/is_lui_auipc_jal_jalr_addi_add_sub0 | u_riscv/riscv_cpu_generation.u_riscv_cpu/u_RiscV32_LocalBus/u_picorv32/decoded_imm[19]_i_1_n_0   |                3 |              8 |         2.67 |
|  in_ptr_gray_reg[2]_i_3_n_0  | u_riscv/lcpu_real.u_cpu/gen_uart.u_uart_lcpu_top/u_uart/u_uart_rx/u_uart_rx_data/mem_array[4][7]_i_1_n_0   |                                                                                                  |                1 |              8 |         8.00 |
|  in_ptr_gray_reg[2]_i_3_n_0  | u_riscv/lcpu_real.u_cpu/gen_uart.u_uart_lcpu_top/u_uart/u_uart_rx/u_uart_rx_data/mem_array[5][7]_i_1_n_0   |                                                                                                  |                1 |              8 |         8.00 |
|  in_ptr_gray_reg[2]_i_3_n_0  | u_riscv/lcpu_real.u_cpu/gen_uart.u_uart_lcpu_top/u_uart/u_uart_rx/u_uart_rx_data/mem_array[6][7]_i_1_n_0   |                                                                                                  |                2 |              8 |         4.00 |
|  in_ptr_gray_reg[2]_i_3_n_0  | u_riscv/lcpu_real.u_cpu/gen_uart.u_uart_lcpu_top/u_uart/u_uart_rx/u_uart_rx_data/mem_array[7][7]_i_1_n_0   |                                                                                                  |                7 |              8 |         1.14 |
|  in_ptr_gray_reg[2]_i_3_n_0  | u_riscv/lcpu_real.u_cpu/gen_uart.u_uart_lcpu_top/u_uart/u_uart_rx/u_uart_rx_data/mem_array[8][7]_i_1_n_0   |                                                                                                  |                7 |              8 |         1.14 |
|  in_ptr_gray_reg[2]_i_3_n_0  | u_riscv/lcpu_real.u_cpu/gen_uart.u_uart_lcpu_top/u_uart/u_uart_rx/u_uart_rx_data/mem_array[9][7]_i_1_n_0   |                                                                                                  |                5 |              8 |         1.60 |
|  in_ptr_gray_reg[2]_i_3_n_0  | u_riscv/lcpu_real.u_cpu/gen_uart.u_uart_lcpu_top/u_uart/u_uart_rx/uart_rx_wen0                             | u_reg/RAMIF_program_ram/reset_l                                                                  |                2 |              8 |         4.00 |
|  u_bridge/u_rx/u_rxc_bufg_0  | u_gmii2mac/u_rx_asyncfifo/mem_array[7][8]_i_1_n_0                                                          |                                                                                                  |                4 |              9 |         2.25 |
|  u_bridge/u_rx/u_rxc_bufg_0  | u_gmii2mac/u_rx_asyncfifo/mem_array[10][8]_i_1_n_0                                                         |                                                                                                  |                3 |              9 |         3.00 |
|  u_bridge/u_rx/u_rxc_bufg_0  | u_gmii2mac/u_rx_asyncfifo/mem_array[13][8]_i_1_n_0                                                         |                                                                                                  |                2 |              9 |         4.50 |
|  u_bridge/u_rx/u_rxc_bufg_0  | u_gmii2mac/u_rx_asyncfifo/mem_array[14][8]_i_1_n_0                                                         |                                                                                                  |                2 |              9 |         4.50 |
|  clk_real.u_pll/clk_50m      | u_riscv/lcpu_real.u_cpu/gen_uart.u_uart_lcpu_top/u_uart_lcpu/u_uart_pktfifo/wen_i_1_n_0                    | u_reg/RAMIF_program_ram/reset_l                                                                  |                3 |              9 |         3.00 |
|  u_bridge/u_rx/u_rxc_bufg_0  | u_gmii2mac/u_rx_asyncfifo/mem_array[9][8]_i_1_n_0                                                          |                                                                                                  |                2 |              9 |         4.50 |
|  u_bridge/u_rx/u_rxc_bufg_0  | u_gmii2mac/u_rx_asyncfifo/mem_array[15][8]_i_1_n_0                                                         |                                                                                                  |                4 |              9 |         2.25 |
|  u_bridge/u_rx/u_rxc_bufg_0  | u_gmii2mac/u_rx_asyncfifo/mem_array[1][8]_i_1_n_0                                                          |                                                                                                  |                2 |              9 |         4.50 |
|  u_bridge/u_rx/u_rxc_bufg_0  | u_gmii2mac/u_rx_asyncfifo/mem_array[2][8]_i_1_n_0                                                          |                                                                                                  |                4 |              9 |         2.25 |
|  u_bridge/u_rx/u_rxc_bufg_0  | u_gmii2mac/u_rx_asyncfifo/mem_array[3][8]_i_1_n_0                                                          |                                                                                                  |                6 |              9 |         1.50 |
|  u_bridge/u_rx/u_rxc_bufg_0  | u_gmii2mac/u_rx_asyncfifo/mem_array[4][8]_i_1_n_0                                                          |                                                                                                  |                3 |              9 |         3.00 |
|  u_bridge/u_rx/u_rxc_bufg_0  | u_gmii2mac/u_rx_asyncfifo/mem_array[5][8]_i_1_n_0                                                          |                                                                                                  |                2 |              9 |         4.50 |
|  u_bridge/u_rx/u_rxc_bufg_0  | u_gmii2mac/u_rx_asyncfifo/mem_array[6][8]_i_1_n_0                                                          |                                                                                                  |                7 |              9 |         1.29 |
|  u_bridge/u_rx/u_rxc_bufg_0  | u_gmii2mac/u_rx_asyncfifo/mem_array[12][8]_i_1_n_0                                                         |                                                                                                  |                3 |              9 |         3.00 |
|  u_bridge/u_rx/u_rxc_bufg_0  | u_gmii2mac/u_rx_asyncfifo/mem_array[11][8]_i_1_n_0                                                         |                                                                                                  |                5 |              9 |         1.80 |
|  u_bridge/u_rx/u_rxc_bufg_0  | u_gmii2mac/u_rx_asyncfifo/mem_array[0][8]_i_1_n_0                                                          |                                                                                                  |                2 |              9 |         4.50 |
|  u_bridge/u_rx/u_rxc_bufg_0  | u_gmii2mac/u_rx_asyncfifo/mem_array[8][8]_i_1_n_0                                                          |                                                                                                  |                9 |              9 |         1.00 |
|  clk_real.u_pll/clk_50m      | u_riscv/riscv_cpu_generation.u_riscv_cpu/u_RiscV32_LocalBus/u_picorv32/mem_rdata_q[31]_i_1_n_0             |                                                                                                  |                8 |             10 |         1.25 |
|  clk_real.u_pll/clk_125m     | clk_real.u_pll/E[0]                                                                                        |                                                                                                  |                5 |             10 |         2.00 |
|  in_ptr_gray_reg[2]_i_3_n_0  |                                                                                                            | u_reg/RAMIF_program_ram/reset_l                                                                  |                3 |             12 |         4.00 |
|  clk_real.u_pll/clk_50m      | u_reg/cpu_wr_wpkt_push_ind_reg_0                                                                           | clk_real.u_pll/R0                                                                                |                3 |             12 |         4.00 |
|  clk_real.u_pll/clk_125m     | u_cpu_channel/u_package_fifo_cpu_rd/none_blk_mode.nb_rptr_cdc.rpkt_pop_wclk_d0                             | clk_real.u_pll/R0                                                                                |                3 |             12 |         4.00 |
|  clk_real.u_pll/clk_50m      | u_cpu_channel/u_package_fifo_cpu_wr/none_blk_mode.nb_rptr_cdc.rpkt_pop_wclk_d0_reg_n_0                     | clk_real.u_pll/R0                                                                                |                3 |             12 |         4.00 |
|  clk_real.u_pll/clk_50m      | u_riscv/riscv_cpu_generation.u_riscv_cpu/u_RiscV32_LocalBus/u_picorv32/is_lui_auipc_jal_jalr_addi_add_sub0 | u_riscv/riscv_cpu_generation.u_riscv_cpu/u_RiscV32_LocalBus/u_picorv32/decoded_imm[31]_i_1_n_0   |                2 |             12 |         6.00 |
|  clk_real.u_pll/clk_125m     | u_cpu_channel/u_ram2pktfifo_int/wpkt_push_reg_0                                                            | clk_real.u_pll/R0                                                                                |                3 |             12 |         4.00 |
|  clk_real.u_pll/clk_125m     | u_cpu_channel/u_pktfifo2ram_int/p_1_in                                                                     | clk_real.u_pll/R0                                                                                |                4 |             13 |         3.25 |
|  clk_real.u_pll/clk_50m      | u_riscv/riscv_cpu_generation.u_riscv_cpu/u_RiscV32_LocalBus/u_picorv32/mem_16bit_buffer[15]_i_1_n_0        |                                                                                                  |               10 |             16 |         1.60 |
|  Eth0_MDC_OBUF_BUFG          | u_mdio/u_lcpu_clock_cross/address_clk2_reg[0]_0[0]                                                         | u_reg/RAMIF_program_ram/reset_l                                                                  |                4 |             16 |         4.00 |
|  Eth0_MDC_OBUF_BUFG          | u_mdio/u_lcpu_clock_cross/op_req_clk2_reg_0[0]                                                             | u_reg/RAMIF_program_ram/reset_l                                                                  |                5 |             16 |         3.20 |
|  in_ptr_gray1_reg[3]_i_1_n_0 |                                                                                                            | u_reg/RAMIF_program_ram/reset_l                                                                  |                4 |             16 |         4.00 |
|  clk_real.u_pll/clk_125m     | p_0_in                                                                                                     | clk_real.u_pll/R0                                                                                |                6 |             21 |         3.50 |
|  clk_real.u_pll/clk_50m      | u_riscv/riscv_cpu_generation.u_riscv_cpu/u_RiscV32_LocalBus/u_picorv32/is_lui_auipc_jal_jalr_addi_add_sub0 | u_riscv/riscv_cpu_generation.u_riscv_cpu/u_RiscV32_LocalBus/u_picorv32/reset_l_s_reg             |                6 |             22 |         3.67 |
|  clk_real.u_pll/clk_125m     | u_cpu_channel/u_package_fifo_cpu_rd/none_blk_mode.nb_rptr_cdc.u_para_fifo_wclk/mem_array[6][25]_i_1_n_0    |                                                                                                  |                6 |             24 |         4.00 |
|  clk_real.u_pll/clk_50m      | u_cpu_channel/u_package_fifo_cpu_wr/none_blk_mode.nb_rptr_cdc.u_para_fifo_wclk/mem_array[0][25]_i_1__1_n_0 |                                                                                                  |                6 |             24 |         4.00 |
|  clk_real.u_pll/clk_50m      | u_cpu_channel/u_package_fifo_cpu_wr/none_blk_mode.nb_rptr_cdc.u_para_fifo_wclk/mem_array[1][25]_i_1__1_n_0 |                                                                                                  |                9 |             24 |         2.67 |
|  clk_real.u_pll/clk_125m     | u_gmii2mac/u_mac_top/u_mac_tx/u_crc/crc_done                                                               | clk_real.u_pll/R0                                                                                |                9 |             24 |         2.67 |
|  clk_real.u_pll/clk_125m     | u_cpu_channel/u_package_fifo_cpu_rd/none_blk_mode.nb_rptr_cdc.u_para_fifo_wclk/mem_array[7][25]_i_1_n_0    |                                                                                                  |                8 |             24 |         3.00 |
|  clk_real.u_pll/clk_125m     | u_cpu_channel/u_package_fifo_cpu_rd/none_blk_mode.nb_rptr_cdc.u_para_fifo_wclk/mem_array[2][25]_i_1_n_0    |                                                                                                  |                8 |             24 |         3.00 |
|  clk_real.u_pll/clk_125m     | u_cpu_channel/u_package_fifo_cpu_rd/none_blk_mode.nb_rptr_cdc.u_para_fifo_wclk/mem_array[5][25]_i_1_n_0    |                                                                                                  |               10 |             24 |         2.40 |
|  clk_real.u_pll/clk_125m     | u_cpu_channel/u_package_fifo_cpu_rd/none_blk_mode.nb_rptr_cdc.u_para_fifo_wclk/mem_array[4][25]_i_1_n_0    |                                                                                                  |                5 |             24 |         4.80 |
|  clk_real.u_pll/clk_125m     | u_cpu_channel/u_package_fifo_cpu_rd/none_blk_mode.nb_rptr_cdc.u_para_fifo_wclk/mem_array[3][25]_i_1_n_0    |                                                                                                  |               10 |             24 |         2.40 |
|  clk_real.u_pll/clk_125m     | u_cpu_channel/u_package_fifo_cpu_rd/none_blk_mode.nb_rptr_cdc.u_para_fifo_wclk/mem_array[0][25]_i_1_n_0    |                                                                                                  |                6 |             24 |         4.00 |
|  clk_real.u_pll/clk_50m      | u_cpu_channel/u_package_fifo_cpu_wr/none_blk_mode.nb_rptr_cdc.u_para_fifo_wclk/mem_array[3][25]_i_1__1_n_0 |                                                                                                  |                7 |             24 |         3.43 |
|  clk_real.u_pll/clk_125m     | u_cpu_channel/u_package_fifo_cpu_rd/none_blk_mode.nb_rptr_cdc.u_para_fifo_wclk/mem_array[1][25]_i_1_n_0    |                                                                                                  |                8 |             24 |         3.00 |
|  clk_real.u_pll/clk_50m      | u_cpu_channel/u_package_fifo_cpu_wr/none_blk_mode.nb_rptr_cdc.u_para_fifo_wclk/mem_array[2][25]_i_1__1_n_0 |                                                                                                  |                5 |             24 |         4.80 |
|  clk_real.u_pll/clk_50m      | u_cpu_channel/u_package_fifo_cpu_wr/none_blk_mode.nb_rptr_cdc.u_para_fifo_wclk/mem_array[4][25]_i_1__1_n_0 |                                                                                                  |                9 |             24 |         2.67 |
|  clk_real.u_pll/clk_50m      | u_cpu_channel/u_package_fifo_cpu_wr/none_blk_mode.nb_rptr_cdc.u_para_fifo_wclk/mem_array[5][25]_i_1__1_n_0 |                                                                                                  |                9 |             24 |         2.67 |
|  clk_real.u_pll/clk_50m      | u_cpu_channel/u_package_fifo_cpu_wr/none_blk_mode.nb_rptr_cdc.u_para_fifo_wclk/mem_array[6][25]_i_1__1_n_0 |                                                                                                  |               11 |             24 |         2.18 |
|  clk_real.u_pll/clk_50m      | u_cpu_channel/u_package_fifo_cpu_wr/none_blk_mode.nb_rptr_cdc.u_para_fifo_wclk/mem_array[7][25]_i_1__1_n_0 |                                                                                                  |                6 |             24 |         4.00 |
|  clk_real.u_pll/clk_50m      | u_cpu_channel/u_package_fifo_cpu_wr/none_blk_mode.nb_dual_clk_cdc.u_para_fifo/mem_array[3][25]_i_1__2_n_0  |                                                                                                  |               10 |             25 |         2.50 |
|  clk_real.u_pll/clk_125m     | u_cpu_channel/u_package_fifo_cpu_rd/none_blk_mode.nb_dual_clk_cdc.u_para_fifo/mem_array[4][25]_i_1__0_n_0  |                                                                                                  |                8 |             25 |         3.12 |
|  clk_real.u_pll/clk_125m     | u_cpu_channel/u_package_fifo_cpu_rd/none_blk_mode.nb_dual_clk_cdc.u_para_fifo/mem_array[2][25]_i_1__0_n_0  |                                                                                                  |                6 |             25 |         4.17 |
|  clk_real.u_pll/clk_50m      | u_cpu_channel/u_package_fifo_cpu_wr/none_blk_mode.nb_dual_clk_cdc.u_para_fifo/mem_array[7][25]_i_1__2_n_0  |                                                                                                  |               10 |             25 |         2.50 |
|  clk_real.u_pll/clk_125m     | u_cpu_channel/u_package_fifo_cpu_rd/none_blk_mode.nb_dual_clk_cdc.u_para_fifo/mem_array[3][25]_i_1__0_n_0  |                                                                                                  |                6 |             25 |         4.17 |
|  clk_real.u_pll/clk_50m      | u_cpu_channel/u_package_fifo_cpu_wr/none_blk_mode.nb_dual_clk_cdc.u_para_fifo/mem_array[1][25]_i_1__2_n_0  |                                                                                                  |               10 |             25 |         2.50 |
|  clk_real.u_pll/clk_50m      | u_cpu_channel/u_package_fifo_cpu_wr/none_blk_mode.nb_dual_clk_cdc.u_para_fifo/mem_array[5][25]_i_1__2_n_0  |                                                                                                  |                7 |             25 |         3.57 |
|  clk_real.u_pll/clk_125m     | u_cpu_channel/u_package_fifo_cpu_rd/none_blk_mode.nb_dual_clk_cdc.u_para_fifo/mem_array[5][25]_i_1__0_n_0  |                                                                                                  |                5 |             25 |         5.00 |
|  clk_real.u_pll/clk_125m     | u_cpu_channel/u_package_fifo_cpu_rd/none_blk_mode.nb_dual_clk_cdc.u_para_fifo/mem_array[6][25]_i_1__0_n_0  |                                                                                                  |                6 |             25 |         4.17 |
|  clk_real.u_pll/clk_125m     | u_cpu_channel/u_package_fifo_cpu_rd/none_blk_mode.nb_dual_clk_cdc.u_para_fifo/mem_array[0][25]_i_1__0_n_0  |                                                                                                  |                6 |             25 |         4.17 |
|  clk_real.u_pll/clk_125m     | u_cpu_channel/u_package_fifo_cpu_rd/none_blk_mode.nb_dual_clk_cdc.u_para_fifo/mem_array[7][25]_i_1__0_n_0  |                                                                                                  |               10 |             25 |         2.50 |
|  clk_real.u_pll/clk_125m     | u_cpu_channel/u_package_fifo_cpu_wr/none_blk_mode.rpkt_pop_d0_reg_0[0]                                     | clk_real.u_pll/R0                                                                                |               14 |             25 |         1.79 |
|  clk_real.u_pll/clk_50m      | u_cpu_channel/u_package_fifo_cpu_wr/none_blk_mode.nb_dual_clk_cdc.u_para_fifo/mem_array[0][25]_i_1__2_n_0  |                                                                                                  |                9 |             25 |         2.78 |
|  clk_real.u_pll/clk_50m      | u_cpu_channel/u_package_fifo_cpu_wr/none_blk_mode.nb_dual_clk_cdc.u_para_fifo/mem_array[6][25]_i_1__2_n_0  |                                                                                                  |               10 |             25 |         2.50 |
|  clk_real.u_pll/clk_50m      | u_cpu_channel/u_package_fifo_cpu_wr/none_blk_mode.nb_dual_clk_cdc.u_para_fifo/mem_array[4][25]_i_1__2_n_0  |                                                                                                  |               10 |             25 |         2.50 |
|  clk_real.u_pll/clk_125m     | u_cpu_channel/u_package_fifo_cpu_rd/none_blk_mode.nb_dual_clk_cdc.u_para_fifo/mem_array[1][25]_i_1__0_n_0  |                                                                                                  |                6 |             25 |         4.17 |
|  clk_real.u_pll/clk_50m      | u_cpu_channel/u_package_fifo_cpu_wr/none_blk_mode.nb_dual_clk_cdc.u_para_fifo/mem_array[2][25]_i_1__2_n_0  |                                                                                                  |                9 |             25 |         2.78 |
|  clk_real.u_pll/clk_50m      | u_cpu_channel/u_package_fifo_cpu_rd/none_blk_mode.rpkt_pop_d0                                              | clk_real.u_pll/R0                                                                                |               14 |             25 |         1.79 |
|  clk_real.u_pll/clk_50m      | u_riscv/u_lcpu_merge/address_reg[0]_0                                                                      | u_reg/RAMIF_program_ram/reset_l                                                                  |               18 |             28 |         1.56 |
|  clk_real.u_pll/clk_50m      | u_riscv/riscv_cpu_generation.u_riscv_cpu/u_RiscV32_LocalBus/u_picorv32/mem_addr[31]_i_1_n_0                |                                                                                                  |               13 |             30 |         2.31 |
|  clk_real.u_pll/clk_50m      | u_riscv/riscv_cpu_generation.u_riscv_cpu/u_RiscV32_LocalBus/u_picorv32/is_lui_auipc_jal_jalr_addi_add_sub0 |                                                                                                  |               12 |             30 |         2.50 |
|  clk_real.u_pll/clk_50m      | u_riscv/u_lcpu_merge/op_ack_1_reg_0[0]                                                                     | u_reg/RAMIF_program_ram/reset_l                                                                  |                9 |             32 |         3.56 |
|  clk_real.u_pll/clk_125m     | u_cpu_channel/u_pktfifo2ram_int/ipg_cnt[0]_i_1_n_0                                                         | clk_real.u_pll/R0                                                                                |                8 |             32 |         4.00 |
|  clk_real.u_pll/clk_50m      | u_riscv/u_lcpu_merge/address_reg[2]_2[0]                                                                   | u_reg/RAMIF_program_ram/reset_l                                                                  |               11 |             32 |         2.91 |
|  clk_real.u_pll/clk_50m      | u_riscv/u_lcpu_merge/address_reg[0]_5[0]                                                                   | u_reg/RAMIF_program_ram/reset_l                                                                  |                9 |             32 |         3.56 |
|  clk_real.u_pll/clk_50m      | u_riscv/riscv_cpu_generation.u_riscv_cpu/u_RiscV32_LocalBus/u_picorv32/cpuregs[11][31]_i_1_n_0             |                                                                                                  |               17 |             32 |         1.88 |
|  clk_real.u_pll/clk_50m      | u_riscv/riscv_cpu_generation.u_riscv_cpu/u_RiscV32_LocalBus/u_picorv32/cpuregs[10][31]_i_1_n_0             |                                                                                                  |               20 |             32 |         1.60 |
|  clk_real.u_pll/clk_50m      | u_riscv/riscv_cpu_generation.u_riscv_cpu/u_riscv_reg/E[0]                                                  |                                                                                                  |                8 |             32 |         4.00 |
|  clk_real.u_pll/clk_50m      | u_riscv/riscv_cpu_generation.u_riscv_cpu/u_riscv_reg/rdata_n_0                                             | u_riscv/riscv_cpu_generation.u_riscv_cpu/u_RiscV32_LocalBus/u_picorv32/reset_l_s_reg             |               13 |             32 |         2.46 |
|  clk_real.u_pll/clk_50m      | u_riscv/riscv_cpu_generation.u_riscv_cpu/u_riscv_reg/RAMIF_instuct_ram/rdata0                              | u_riscv/riscv_cpu_generation.u_riscv_cpu/u_RiscV32_LocalBus/u_picorv32/reset_l_s_reg             |               17 |             32 |         1.88 |
|  clk_real.u_pll/clk_50m      | u_riscv/riscv_cpu_generation.u_riscv_cpu/u_RiscV32_LocalBus/u_picorv32/reg_op2[31]_i_1_n_0                 |                                                                                                  |               13 |             32 |         2.46 |
|  clk_real.u_pll/clk_50m      | u_riscv/riscv_cpu_generation.u_riscv_cpu/u_RiscV32_LocalBus/u_picorv32/reg_op1[31]_i_1_n_0                 |                                                                                                  |               19 |             32 |         1.68 |
|  clk_real.u_pll/clk_50m      | u_riscv/riscv_cpu_generation.u_riscv_cpu/u_RiscV32_LocalBus/u_picorv32/mem_wdata[31]_i_1_n_0               |                                                                                                  |                8 |             32 |         4.00 |
|  clk_real.u_pll/clk_50m      | u_reg/RAMIF_program_ram/reg_ack_reg[0]                                                                     | u_reg/RAMIF_program_ram/reset_l                                                                  |               11 |             32 |         2.91 |
|  clk_real.u_pll/clk_50m      | u_riscv/u_lcpu_merge/wrl_rdh_reg_2[0]                                                                      | u_reg/RAMIF_program_ram/reset_l                                                                  |                7 |             32 |         4.57 |
|  clk_real.u_pll/clk_50m      | u_riscv/u_lcpu_merge/wrl_rdh_reg_1[0]                                                                      | u_reg/RAMIF_program_ram/reset_l                                                                  |               10 |             32 |         3.20 |
|  clk_real.u_pll/clk_50m      | u_riscv/u_lcpu_merge/wrl_rdh_reg_3[0]                                                                      | u_reg/RAMIF_program_ram/reset_l                                                                  |               18 |             32 |         1.78 |
|  clk_real.u_pll/clk_50m      | u_riscv/u_lcpu_merge/rddata_2[31]_i_1_n_0                                                                  | u_reg/RAMIF_program_ram/reset_l                                                                  |                8 |             32 |         4.00 |
|  clk_real.u_pll/clk_50m      | u_riscv/u_lcpu_merge/rddata_1[31]_i_1_n_0                                                                  | u_reg/RAMIF_program_ram/reset_l                                                                  |                6 |             32 |         5.33 |
|  clk_real.u_pll/clk_50m      | u_riscv/riscv_cpu_generation.u_riscv_cpu/u_RiscV32_LocalBus/u_picorv32/cpuregs[9][31]_i_1_n_0              |                                                                                                  |               17 |             32 |         1.88 |
|  clk_real.u_pll/clk_50m      | u_riscv/u_lcpu_merge/address_reg[0]_4[0]                                                                   | u_reg/RAMIF_program_ram/reset_l                                                                  |                9 |             32 |         3.56 |
|  clk_real.u_pll/clk_50m      | u_riscv/u_lcpu_merge/address_reg[0]_1[0]                                                                   | u_reg/RAMIF_program_ram/reset_l                                                                  |                9 |             32 |         3.56 |
|  clk_real.u_pll/clk_50m      | u_riscv/u_lcpu_merge/address_reg[0]_6[0]                                                                   | u_reg/RAMIF_program_ram/reset_l                                                                  |                7 |             32 |         4.57 |
|  clk_real.u_pll/clk_50m      | u_riscv/u_lcpu_merge/address_reg[3]_5[0]                                                                   | u_reg/RAMIF_program_ram/reset_l                                                                  |               11 |             32 |         2.91 |
|  clk_real.u_pll/clk_50m      | u_riscv/u_lcpu_merge/address_reg[2]_9[0]                                                                   | u_reg/RAMIF_program_ram/reset_l                                                                  |               12 |             32 |         2.67 |
|  clk_real.u_pll/clk_50m      | u_reg/RAMIF_program_ram/rdata0                                                                             | u_reg/RAMIF_program_ram/reset_l                                                                  |               20 |             32 |         1.60 |
|  clk_real.u_pll/clk_50m      | u_riscv/u_lcpu_merge/address_reg[2]_8[0]                                                                   | u_reg/RAMIF_program_ram/reset_l                                                                  |               13 |             32 |         2.46 |
|  clk_real.u_pll/clk_50m      | u_riscv/u_lcpu_merge/address_reg[3]_6[0]                                                                   | u_reg/RAMIF_program_ram/reset_l                                                                  |               11 |             32 |         2.91 |
|  clk_real.u_pll/clk_50m      | u_riscv/u_lcpu_merge/address_reg[1]_2[0]                                                                   | u_reg/RAMIF_program_ram/reset_l                                                                  |                8 |             32 |         4.00 |
|  clk_real.u_pll/clk_50m      | u_riscv/u_lcpu_merge/address_reg[1]_4[0]                                                                   | u_reg/RAMIF_program_ram/reset_l                                                                  |               10 |             32 |         3.20 |
|  clk_real.u_pll/clk_50m      | u_riscv/u_lcpu_merge/address_reg[1]_5[0]                                                                   | u_reg/RAMIF_program_ram/reset_l                                                                  |               11 |             32 |         2.91 |
|  clk_real.u_pll/clk_50m      | u_riscv/u_lcpu_merge/address_reg[1]_6[0]                                                                   | u_reg/RAMIF_program_ram/reset_l                                                                  |               10 |             32 |         3.20 |
|  clk_real.u_pll/clk_50m      | u_riscv/u_lcpu_merge/address_reg[2]_10[0]                                                                  | u_reg/RAMIF_program_ram/reset_l                                                                  |               10 |             32 |         3.20 |
|  clk_real.u_pll/clk_50m      | u_riscv/u_lcpu_merge/address_reg[2]_7[0]                                                                   | u_reg/RAMIF_program_ram/reset_l                                                                  |               11 |             32 |         2.91 |
|  clk_real.u_pll/clk_50m      | u_riscv/riscv_cpu_generation.u_riscv_cpu/u_RiscV32_LocalBus/u_picorv32/cpuregs[29][31]_i_1_n_0             |                                                                                                  |               17 |             32 |         1.88 |
|  clk_real.u_pll/clk_50m      | u_riscv/riscv_cpu_generation.u_riscv_cpu/u_RiscV32_LocalBus/u_picorv32/cpuregs[8][31]_i_1_n_0              |                                                                                                  |               14 |             32 |         2.29 |
|  clk_real.u_pll/clk_50m      | u_riscv/riscv_cpu_generation.u_riscv_cpu/u_RiscV32_LocalBus/u_picorv32/cpuregs[12][31]_i_1_n_0             |                                                                                                  |               16 |             32 |         2.00 |
|  clk_real.u_pll/clk_50m      | u_riscv/riscv_cpu_generation.u_riscv_cpu/u_RiscV32_LocalBus/u_picorv32/cpuregs[23][31]_i_1_n_0             |                                                                                                  |               17 |             32 |         1.88 |
|  clk_real.u_pll/clk_50m      | u_riscv/riscv_cpu_generation.u_riscv_cpu/u_RiscV32_LocalBus/u_picorv32/cpuregs[24][31]_i_1_n_0             |                                                                                                  |               21 |             32 |         1.52 |
|  clk_real.u_pll/clk_50m      | u_riscv/riscv_cpu_generation.u_riscv_cpu/u_RiscV32_LocalBus/u_picorv32/cpuregs[25][31]_i_1_n_0             |                                                                                                  |               20 |             32 |         1.60 |
|  clk_real.u_pll/clk_50m      | u_riscv/riscv_cpu_generation.u_riscv_cpu/u_RiscV32_LocalBus/u_picorv32/cpuregs[26][31]_i_1_n_0             |                                                                                                  |               13 |             32 |         2.46 |
|  clk_real.u_pll/clk_50m      | u_riscv/riscv_cpu_generation.u_riscv_cpu/u_RiscV32_LocalBus/u_picorv32/cpuregs[27][31]_i_1_n_0             |                                                                                                  |               14 |             32 |         2.29 |
|  clk_real.u_pll/clk_50m      | u_riscv/riscv_cpu_generation.u_riscv_cpu/u_RiscV32_LocalBus/u_picorv32/cpuregs[28][31]_i_1_n_0             |                                                                                                  |               19 |             32 |         1.68 |
|  clk_real.u_pll/clk_50m      | u_riscv/riscv_cpu_generation.u_riscv_cpu/u_RiscV32_LocalBus/u_picorv32/cpuregs[22][31]_i_1_n_0             |                                                                                                  |               17 |             32 |         1.88 |
|  clk_real.u_pll/clk_50m      | u_riscv/riscv_cpu_generation.u_riscv_cpu/u_RiscV32_LocalBus/u_picorv32/cpuregs[2][31]_i_1_n_0              |                                                                                                  |               13 |             32 |         2.46 |
|  clk_real.u_pll/clk_50m      | u_riscv/riscv_cpu_generation.u_riscv_cpu/u_RiscV32_LocalBus/u_picorv32/cpuregs[30][31]_i_1_n_0             |                                                                                                  |               18 |             32 |         1.78 |
|  clk_real.u_pll/clk_50m      | u_riscv/riscv_cpu_generation.u_riscv_cpu/u_RiscV32_LocalBus/u_picorv32/cpuregs[31][31]_i_1_n_0             |                                                                                                  |               19 |             32 |         1.68 |
|  clk_real.u_pll/clk_50m      | u_riscv/riscv_cpu_generation.u_riscv_cpu/u_RiscV32_LocalBus/u_picorv32/cpuregs[3][31]_i_1_n_0              |                                                                                                  |               13 |             32 |         2.46 |
|  clk_real.u_pll/clk_50m      | u_riscv/riscv_cpu_generation.u_riscv_cpu/u_RiscV32_LocalBus/u_picorv32/cpuregs[4][31]_i_1_n_0              |                                                                                                  |               20 |             32 |         1.60 |
|  clk_real.u_pll/clk_50m      | u_riscv/riscv_cpu_generation.u_riscv_cpu/u_RiscV32_LocalBus/u_picorv32/cpuregs[5][31]_i_1_n_0              |                                                                                                  |               12 |             32 |         2.67 |
|  clk_real.u_pll/clk_50m      | u_riscv/riscv_cpu_generation.u_riscv_cpu/u_RiscV32_LocalBus/u_picorv32/cpuregs[6][31]_i_1_n_0              |                                                                                                  |               14 |             32 |         2.29 |
|  clk_real.u_pll/clk_50m      | u_riscv/riscv_cpu_generation.u_riscv_cpu/u_RiscV32_LocalBus/u_picorv32/cpuregs[7][31]_i_1_n_0              |                                                                                                  |               16 |             32 |         2.00 |
|  clk_real.u_pll/clk_50m      | u_riscv/riscv_cpu_generation.u_riscv_cpu/u_RiscV32_LocalBus/u_picorv32/cpuregs[21][31]_i_1_n_0             |                                                                                                  |               21 |             32 |         1.52 |
|  clk_real.u_pll/clk_50m      | u_riscv/riscv_cpu_generation.u_riscv_cpu/u_RiscV32_LocalBus/u_picorv32/cpuregs[13][31]_i_1_n_0             |                                                                                                  |               15 |             32 |         2.13 |
|  clk_real.u_pll/clk_50m      | u_riscv/riscv_cpu_generation.u_riscv_cpu/u_RiscV32_LocalBus/u_picorv32/cpuregs[14][31]_i_1_n_0             |                                                                                                  |               17 |             32 |         1.88 |
|  clk_real.u_pll/clk_50m      | u_riscv/riscv_cpu_generation.u_riscv_cpu/u_RiscV32_LocalBus/u_picorv32/cpuregs[15][31]_i_1_n_0             |                                                                                                  |               18 |             32 |         1.78 |
|  clk_real.u_pll/clk_50m      | u_riscv/riscv_cpu_generation.u_riscv_cpu/u_RiscV32_LocalBus/u_picorv32/cpuregs[16][31]_i_1_n_0             |                                                                                                  |               24 |             32 |         1.33 |
|  clk_real.u_pll/clk_50m      | u_riscv/riscv_cpu_generation.u_riscv_cpu/u_RiscV32_LocalBus/u_picorv32/cpuregs[17][31]_i_1_n_0             |                                                                                                  |               16 |             32 |         2.00 |
|  clk_real.u_pll/clk_50m      | u_riscv/riscv_cpu_generation.u_riscv_cpu/u_RiscV32_LocalBus/u_picorv32/cpuregs[18][31]_i_1_n_0             |                                                                                                  |               16 |             32 |         2.00 |
|  clk_real.u_pll/clk_50m      | u_riscv/riscv_cpu_generation.u_riscv_cpu/u_RiscV32_LocalBus/u_picorv32/cpuregs[19][31]_i_1_n_0             |                                                                                                  |               17 |             32 |         1.88 |
|  clk_real.u_pll/clk_50m      | u_riscv/riscv_cpu_generation.u_riscv_cpu/u_RiscV32_LocalBus/u_picorv32/cpuregs[1][31]_i_1_n_0              |                                                                                                  |               17 |             32 |         1.88 |
|  clk_real.u_pll/clk_50m      | u_riscv/riscv_cpu_generation.u_riscv_cpu/u_RiscV32_LocalBus/u_picorv32/cpuregs[20][31]_i_1_n_0             |                                                                                                  |               19 |             32 |         1.68 |
|  clk_real.u_pll/clk_50m      | u_riscv/riscv_cpu_generation.u_riscv_cpu/u_riscv_reg/SUBBUS_instuct_ram_Req                                | u_riscv/riscv_cpu_generation.u_riscv_cpu/u_RiscV32_LocalBus/u_picorv32/reset_l_s_reg             |                8 |             43 |         5.38 |
|  clk_real.u_pll/clk_50m      | u_reg/D[0]                                                                                                 | u_reg/RAMIF_program_ram/reset_l                                                                  |               12 |             43 |         3.58 |
|  clk_real.u_pll/clk_50m      | u_riscv/riscv_cpu_generation.u_riscv_cpu/u_RiscV32_LocalBus/u_picorv32/instr_lui0                          |                                                                                                  |               23 |             50 |         2.17 |
|  clk_real.u_pll/clk_50m      | u_riscv/riscv_cpu_generation.u_riscv_cpu/u_RiscV32_LocalBus/u_picorv32/Q[3]                                | u_riscv/riscv_cpu_generation.u_riscv_cpu/u_RiscV32_LocalBus/u_picorv32/reset_l_s_reg             |               20 |             62 |         3.10 |
|  clk_real.u_pll/clk_50m      | u_riscv/riscv_cpu_generation.u_riscv_cpu/u_riscv_reg/SUBBUS_riscv_ctrl_Req_reg_0[0]                        | u_reg/RAMIF_program_ram/reset_l                                                                  |               11 |             62 |         5.64 |
|  clk_real.u_pll/clk_50m      | u_riscv/riscv_cpu_generation.u_riscv_cpu/u_RiscV32_LocalBus/u_picorv32/count_instr                         | u_riscv/riscv_cpu_generation.u_riscv_cpu/u_RiscV32_LocalBus/u_picorv32/reset_l_s_reg             |               16 |             64 |         4.00 |
|  clk_real.u_pll/clk_50m      | u_riscv/u_lcpu_merge/op_req_i_1_n_0                                                                        | u_reg/RAMIF_program_ram/reset_l                                                                  |               14 |             65 |         4.64 |
|  clk_real.u_pll/clk_50m      | u_riscv/lcpu_real.u_cpu/gen_uart.u_uart_lcpu_top/u_uart_lcpu/u_pktfifo_lcpu/op_req_reg_0                   | u_reg/RAMIF_program_ram/reset_l                                                                  |               12 |             65 |         5.42 |
|  clk_real.u_pll/clk_125m     |                                                                                                            |                                                                                                  |                5 |             66 |        13.20 |
|  clk_real.u_pll/clk_50m      | u_riscv/riscv_cpu_generation.u_riscv_cpu/u_RiscV32_LocalBus/u_picorv32/mem_valid_reg_0[0]                  | u_riscv/riscv_cpu_generation.u_riscv_cpu/u_RiscV32_LocalBus/u_picorv32/reset_l_s_reg             |               20 |             67 |         3.35 |
|  Eth0_MDC_OBUF_BUFG          |                                                                                                            | u_reg/RAMIF_program_ram/reset_l                                                                  |               22 |             75 |         3.41 |
|  clk_real.u_pll/clk_50m      |                                                                                                            |                                                                                                  |               41 |             78 |         1.90 |
|  clk_real.u_pll/clk_50m      |                                                                                                            | clk_real.u_pll/R0                                                                                |               26 |            102 |         3.92 |
|  clk_real.u_pll/clk_50m      |                                                                                                            | u_riscv/riscv_cpu_generation.u_riscv_cpu/u_RiscV32_LocalBus/u_picorv32/reset_l_s_reg             |               72 |            235 |         3.26 |
|  clk_real.u_pll/clk_125m     |                                                                                                            | clk_real.u_pll/R0                                                                                |               69 |            236 |         3.42 |
|  clk_real.u_pll/clk_50m      |                                                                                                            | u_reg/RAMIF_program_ram/reset_l                                                                  |               82 |            267 |         3.26 |
+------------------------------+------------------------------------------------------------------------------------------------------------+--------------------------------------------------------------------------------------------------+------------------+----------------+--------------+


