Copyright 1986-2022 Xilinx, Inc. All Rights Reserved. Copyright 2022-2024 Advanced Micro Devices, Inc. All Rights Reserved.
-----------------------------------------------------------------------------------------------------------------------------------------------------------------------------------------
| Tool Version : Vivado v.2024.1 (lin64) Build 5076996 Wed May 22 18:36:09 MDT 2024
| Date         : Tue Jul 28 09:12:21 2026
| Host         : haitaoz-pc running 64-bit Ubuntu 26.04 LTS
| Command      : report_methodology -file webserver_cpu_top_methodology_drc_routed.rpt -pb webserver_cpu_top_methodology_drc_routed.pb -rpx webserver_cpu_top_methodology_drc_routed.rpx
| Design       : webserver_cpu_top
| Device       : xc7a35tfgg484-2
| Speed File   : -2
| Design State : Fully Routed
-----------------------------------------------------------------------------------------------------------------------------------------------------------------------------------------

Report Methodology

Table of Contents
-----------------
1. REPORT SUMMARY
2. REPORT DETAILS

1. REPORT SUMMARY
-----------------
            Netlist: netlist
          Floorplan: design_1
      Design limits: <entire design considered>
             Max violations: <unlimited>
             Violations found: 230
+-----------+------------------+-------------------------------------------------------------------------------------------------------+------------+
| Rule      | Severity         | Description                                                                                           | Violations |
+-----------+------------------+-------------------------------------------------------------------------------------------------------+------------+
| TIMING-17 | Critical Warning | Non-clocked sequential cell                                                                           | 204        |
| LUTAR-1   | Warning          | LUT drives async reset alert                                                                          | 1          |
| TIMING-9  | Warning          | Unknown CDC Logic                                                                                     | 1          |
| TIMING-10 | Warning          | Missing property on synchronizer                                                                      | 1          |
| TIMING-18 | Warning          | Missing input or output delay                                                                         | 10         |
| TIMING-28 | Warning          | Auto-derived clock referenced by a timing constraint                                                  | 10         |
| TIMING-47 | Warning          | False path, asynchronous clock group or max delay datapath only constraint between synchronous clocks | 3          |
+-----------+------------------+-------------------------------------------------------------------------------------------------------+------------+

2. REPORT DETAILS
-----------------
TIMING-17#1 Critical Warning
Non-clocked sequential cell  
The clock pin u_riscv/lcpu_real.u_cpu/gen_uart.u_uart_lcpu_top/u_uart/u_uart_rx/u_uart_rx_data/in_ptr_gray_reg[0]/C is not reached by a timing clock
Related violations: <none>

TIMING-17#2 Critical Warning
Non-clocked sequential cell  
The clock pin u_riscv/lcpu_real.u_cpu/gen_uart.u_uart_lcpu_top/u_uart/u_uart_rx/u_uart_rx_data/in_ptr_gray_reg[1]/C is not reached by a timing clock
Related violations: <none>

TIMING-17#3 Critical Warning
Non-clocked sequential cell  
The clock pin u_riscv/lcpu_real.u_cpu/gen_uart.u_uart_lcpu_top/u_uart/u_uart_rx/u_uart_rx_data/in_ptr_gray_reg[2]/C is not reached by a timing clock
Related violations: <none>

TIMING-17#4 Critical Warning
Non-clocked sequential cell  
The clock pin u_riscv/lcpu_real.u_cpu/gen_uart.u_uart_lcpu_top/u_uart/u_uart_rx/u_uart_rx_data/in_ptr_reg[0]/C is not reached by a timing clock
Related violations: <none>

TIMING-17#5 Critical Warning
Non-clocked sequential cell  
The clock pin u_riscv/lcpu_real.u_cpu/gen_uart.u_uart_lcpu_top/u_uart/u_uart_rx/u_uart_rx_data/in_ptr_reg[1]/C is not reached by a timing clock
Related violations: <none>

TIMING-17#6 Critical Warning
Non-clocked sequential cell  
The clock pin u_riscv/lcpu_real.u_cpu/gen_uart.u_uart_lcpu_top/u_uart/u_uart_rx/u_uart_rx_data/in_ptr_reg[2]/C is not reached by a timing clock
Related violations: <none>

TIMING-17#7 Critical Warning
Non-clocked sequential cell  
The clock pin u_riscv/lcpu_real.u_cpu/gen_uart.u_uart_lcpu_top/u_uart/u_uart_rx/u_uart_rx_data/in_ptr_reg[3]/C is not reached by a timing clock
Related violations: <none>

TIMING-17#8 Critical Warning
Non-clocked sequential cell  
The clock pin u_riscv/lcpu_real.u_cpu/gen_uart.u_uart_lcpu_top/u_uart/u_uart_rx/u_uart_rx_data/mem_array_reg[0][0]/C is not reached by a timing clock
Related violations: <none>

TIMING-17#9 Critical Warning
Non-clocked sequential cell  
The clock pin u_riscv/lcpu_real.u_cpu/gen_uart.u_uart_lcpu_top/u_uart/u_uart_rx/u_uart_rx_data/mem_array_reg[0][1]/C is not reached by a timing clock
Related violations: <none>

TIMING-17#10 Critical Warning
Non-clocked sequential cell  
The clock pin u_riscv/lcpu_real.u_cpu/gen_uart.u_uart_lcpu_top/u_uart/u_uart_rx/u_uart_rx_data/mem_array_reg[0][2]/C is not reached by a timing clock
Related violations: <none>

TIMING-17#11 Critical Warning
Non-clocked sequential cell  
The clock pin u_riscv/lcpu_real.u_cpu/gen_uart.u_uart_lcpu_top/u_uart/u_uart_rx/u_uart_rx_data/mem_array_reg[0][3]/C is not reached by a timing clock
Related violations: <none>

TIMING-17#12 Critical Warning
Non-clocked sequential cell  
The clock pin u_riscv/lcpu_real.u_cpu/gen_uart.u_uart_lcpu_top/u_uart/u_uart_rx/u_uart_rx_data/mem_array_reg[0][4]/C is not reached by a timing clock
Related violations: <none>

TIMING-17#13 Critical Warning
Non-clocked sequential cell  
The clock pin u_riscv/lcpu_real.u_cpu/gen_uart.u_uart_lcpu_top/u_uart/u_uart_rx/u_uart_rx_data/mem_array_reg[0][5]/C is not reached by a timing clock
Related violations: <none>

TIMING-17#14 Critical Warning
Non-clocked sequential cell  
The clock pin u_riscv/lcpu_real.u_cpu/gen_uart.u_uart_lcpu_top/u_uart/u_uart_rx/u_uart_rx_data/mem_array_reg[0][6]/C is not reached by a timing clock
Related violations: <none>

TIMING-17#15 Critical Warning
Non-clocked sequential cell  
The clock pin u_riscv/lcpu_real.u_cpu/gen_uart.u_uart_lcpu_top/u_uart/u_uart_rx/u_uart_rx_data/mem_array_reg[0][7]/C is not reached by a timing clock
Related violations: <none>

TIMING-17#16 Critical Warning
Non-clocked sequential cell  
The clock pin u_riscv/lcpu_real.u_cpu/gen_uart.u_uart_lcpu_top/u_uart/u_uart_rx/u_uart_rx_data/mem_array_reg[10][0]/C is not reached by a timing clock
Related violations: <none>

TIMING-17#17 Critical Warning
Non-clocked sequential cell  
The clock pin u_riscv/lcpu_real.u_cpu/gen_uart.u_uart_lcpu_top/u_uart/u_uart_rx/u_uart_rx_data/mem_array_reg[10][1]/C is not reached by a timing clock
Related violations: <none>

TIMING-17#18 Critical Warning
Non-clocked sequential cell  
The clock pin u_riscv/lcpu_real.u_cpu/gen_uart.u_uart_lcpu_top/u_uart/u_uart_rx/u_uart_rx_data/mem_array_reg[10][2]/C is not reached by a timing clock
Related violations: <none>

TIMING-17#19 Critical Warning
Non-clocked sequential cell  
The clock pin u_riscv/lcpu_real.u_cpu/gen_uart.u_uart_lcpu_top/u_uart/u_uart_rx/u_uart_rx_data/mem_array_reg[10][3]/C is not reached by a timing clock
Related violations: <none>

TIMING-17#20 Critical Warning
Non-clocked sequential cell  
The clock pin u_riscv/lcpu_real.u_cpu/gen_uart.u_uart_lcpu_top/u_uart/u_uart_rx/u_uart_rx_data/mem_array_reg[10][4]/C is not reached by a timing clock
Related violations: <none>

TIMING-17#21 Critical Warning
Non-clocked sequential cell  
The clock pin u_riscv/lcpu_real.u_cpu/gen_uart.u_uart_lcpu_top/u_uart/u_uart_rx/u_uart_rx_data/mem_array_reg[10][5]/C is not reached by a timing clock
Related violations: <none>

TIMING-17#22 Critical Warning
Non-clocked sequential cell  
The clock pin u_riscv/lcpu_real.u_cpu/gen_uart.u_uart_lcpu_top/u_uart/u_uart_rx/u_uart_rx_data/mem_array_reg[10][6]/C is not reached by a timing clock
Related violations: <none>

TIMING-17#23 Critical Warning
Non-clocked sequential cell  
The clock pin u_riscv/lcpu_real.u_cpu/gen_uart.u_uart_lcpu_top/u_uart/u_uart_rx/u_uart_rx_data/mem_array_reg[10][7]/C is not reached by a timing clock
Related violations: <none>

TIMING-17#24 Critical Warning
Non-clocked sequential cell  
The clock pin u_riscv/lcpu_real.u_cpu/gen_uart.u_uart_lcpu_top/u_uart/u_uart_rx/u_uart_rx_data/mem_array_reg[11][0]/C is not reached by a timing clock
Related violations: <none>

TIMING-17#25 Critical Warning
Non-clocked sequential cell  
The clock pin u_riscv/lcpu_real.u_cpu/gen_uart.u_uart_lcpu_top/u_uart/u_uart_rx/u_uart_rx_data/mem_array_reg[11][1]/C is not reached by a timing clock
Related violations: <none>

TIMING-17#26 Critical Warning
Non-clocked sequential cell  
The clock pin u_riscv/lcpu_real.u_cpu/gen_uart.u_uart_lcpu_top/u_uart/u_uart_rx/u_uart_rx_data/mem_array_reg[11][2]/C is not reached by a timing clock
Related violations: <none>

TIMING-17#27 Critical Warning
Non-clocked sequential cell  
The clock pin u_riscv/lcpu_real.u_cpu/gen_uart.u_uart_lcpu_top/u_uart/u_uart_rx/u_uart_rx_data/mem_array_reg[11][3]/C is not reached by a timing clock
Related violations: <none>

TIMING-17#28 Critical Warning
Non-clocked sequential cell  
The clock pin u_riscv/lcpu_real.u_cpu/gen_uart.u_uart_lcpu_top/u_uart/u_uart_rx/u_uart_rx_data/mem_array_reg[11][4]/C is not reached by a timing clock
Related violations: <none>

TIMING-17#29 Critical Warning
Non-clocked sequential cell  
The clock pin u_riscv/lcpu_real.u_cpu/gen_uart.u_uart_lcpu_top/u_uart/u_uart_rx/u_uart_rx_data/mem_array_reg[11][5]/C is not reached by a timing clock
Related violations: <none>

TIMING-17#30 Critical Warning
Non-clocked sequential cell  
The clock pin u_riscv/lcpu_real.u_cpu/gen_uart.u_uart_lcpu_top/u_uart/u_uart_rx/u_uart_rx_data/mem_array_reg[11][6]/C is not reached by a timing clock
Related violations: <none>

TIMING-17#31 Critical Warning
Non-clocked sequential cell  
The clock pin u_riscv/lcpu_real.u_cpu/gen_uart.u_uart_lcpu_top/u_uart/u_uart_rx/u_uart_rx_data/mem_array_reg[11][7]/C is not reached by a timing clock
Related violations: <none>

TIMING-17#32 Critical Warning
Non-clocked sequential cell  
The clock pin u_riscv/lcpu_real.u_cpu/gen_uart.u_uart_lcpu_top/u_uart/u_uart_rx/u_uart_rx_data/mem_array_reg[12][0]/C is not reached by a timing clock
Related violations: <none>

TIMING-17#33 Critical Warning
Non-clocked sequential cell  
The clock pin u_riscv/lcpu_real.u_cpu/gen_uart.u_uart_lcpu_top/u_uart/u_uart_rx/u_uart_rx_data/mem_array_reg[12][1]/C is not reached by a timing clock
Related violations: <none>

TIMING-17#34 Critical Warning
Non-clocked sequential cell  
The clock pin u_riscv/lcpu_real.u_cpu/gen_uart.u_uart_lcpu_top/u_uart/u_uart_rx/u_uart_rx_data/mem_array_reg[12][2]/C is not reached by a timing clock
Related violations: <none>

TIMING-17#35 Critical Warning
Non-clocked sequential cell  
The clock pin u_riscv/lcpu_real.u_cpu/gen_uart.u_uart_lcpu_top/u_uart/u_uart_rx/u_uart_rx_data/mem_array_reg[12][3]/C is not reached by a timing clock
Related violations: <none>

TIMING-17#36 Critical Warning
Non-clocked sequential cell  
The clock pin u_riscv/lcpu_real.u_cpu/gen_uart.u_uart_lcpu_top/u_uart/u_uart_rx/u_uart_rx_data/mem_array_reg[12][4]/C is not reached by a timing clock
Related violations: <none>

TIMING-17#37 Critical Warning
Non-clocked sequential cell  
The clock pin u_riscv/lcpu_real.u_cpu/gen_uart.u_uart_lcpu_top/u_uart/u_uart_rx/u_uart_rx_data/mem_array_reg[12][5]/C is not reached by a timing clock
Related violations: <none>

TIMING-17#38 Critical Warning
Non-clocked sequential cell  
The clock pin u_riscv/lcpu_real.u_cpu/gen_uart.u_uart_lcpu_top/u_uart/u_uart_rx/u_uart_rx_data/mem_array_reg[12][6]/C is not reached by a timing clock
Related violations: <none>

TIMING-17#39 Critical Warning
Non-clocked sequential cell  
The clock pin u_riscv/lcpu_real.u_cpu/gen_uart.u_uart_lcpu_top/u_uart/u_uart_rx/u_uart_rx_data/mem_array_reg[12][7]/C is not reached by a timing clock
Related violations: <none>

TIMING-17#40 Critical Warning
Non-clocked sequential cell  
The clock pin u_riscv/lcpu_real.u_cpu/gen_uart.u_uart_lcpu_top/u_uart/u_uart_rx/u_uart_rx_data/mem_array_reg[13][0]/C is not reached by a timing clock
Related violations: <none>

TIMING-17#41 Critical Warning
Non-clocked sequential cell  
The clock pin u_riscv/lcpu_real.u_cpu/gen_uart.u_uart_lcpu_top/u_uart/u_uart_rx/u_uart_rx_data/mem_array_reg[13][1]/C is not reached by a timing clock
Related violations: <none>

TIMING-17#42 Critical Warning
Non-clocked sequential cell  
The clock pin u_riscv/lcpu_real.u_cpu/gen_uart.u_uart_lcpu_top/u_uart/u_uart_rx/u_uart_rx_data/mem_array_reg[13][2]/C is not reached by a timing clock
Related violations: <none>

TIMING-17#43 Critical Warning
Non-clocked sequential cell  
The clock pin u_riscv/lcpu_real.u_cpu/gen_uart.u_uart_lcpu_top/u_uart/u_uart_rx/u_uart_rx_data/mem_array_reg[13][3]/C is not reached by a timing clock
Related violations: <none>

TIMING-17#44 Critical Warning
Non-clocked sequential cell  
The clock pin u_riscv/lcpu_real.u_cpu/gen_uart.u_uart_lcpu_top/u_uart/u_uart_rx/u_uart_rx_data/mem_array_reg[13][4]/C is not reached by a timing clock
Related violations: <none>

TIMING-17#45 Critical Warning
Non-clocked sequential cell  
The clock pin u_riscv/lcpu_real.u_cpu/gen_uart.u_uart_lcpu_top/u_uart/u_uart_rx/u_uart_rx_data/mem_array_reg[13][5]/C is not reached by a timing clock
Related violations: <none>

TIMING-17#46 Critical Warning
Non-clocked sequential cell  
The clock pin u_riscv/lcpu_real.u_cpu/gen_uart.u_uart_lcpu_top/u_uart/u_uart_rx/u_uart_rx_data/mem_array_reg[13][6]/C is not reached by a timing clock
Related violations: <none>

TIMING-17#47 Critical Warning
Non-clocked sequential cell  
The clock pin u_riscv/lcpu_real.u_cpu/gen_uart.u_uart_lcpu_top/u_uart/u_uart_rx/u_uart_rx_data/mem_array_reg[13][7]/C is not reached by a timing clock
Related violations: <none>

TIMING-17#48 Critical Warning
Non-clocked sequential cell  
The clock pin u_riscv/lcpu_real.u_cpu/gen_uart.u_uart_lcpu_top/u_uart/u_uart_rx/u_uart_rx_data/mem_array_reg[14][0]/C is not reached by a timing clock
Related violations: <none>

TIMING-17#49 Critical Warning
Non-clocked sequential cell  
The clock pin u_riscv/lcpu_real.u_cpu/gen_uart.u_uart_lcpu_top/u_uart/u_uart_rx/u_uart_rx_data/mem_array_reg[14][1]/C is not reached by a timing clock
Related violations: <none>

TIMING-17#50 Critical Warning
Non-clocked sequential cell  
The clock pin u_riscv/lcpu_real.u_cpu/gen_uart.u_uart_lcpu_top/u_uart/u_uart_rx/u_uart_rx_data/mem_array_reg[14][2]/C is not reached by a timing clock
Related violations: <none>

TIMING-17#51 Critical Warning
Non-clocked sequential cell  
The clock pin u_riscv/lcpu_real.u_cpu/gen_uart.u_uart_lcpu_top/u_uart/u_uart_rx/u_uart_rx_data/mem_array_reg[14][3]/C is not reached by a timing clock
Related violations: <none>

TIMING-17#52 Critical Warning
Non-clocked sequential cell  
The clock pin u_riscv/lcpu_real.u_cpu/gen_uart.u_uart_lcpu_top/u_uart/u_uart_rx/u_uart_rx_data/mem_array_reg[14][4]/C is not reached by a timing clock
Related violations: <none>

TIMING-17#53 Critical Warning
Non-clocked sequential cell  
The clock pin u_riscv/lcpu_real.u_cpu/gen_uart.u_uart_lcpu_top/u_uart/u_uart_rx/u_uart_rx_data/mem_array_reg[14][5]/C is not reached by a timing clock
Related violations: <none>

TIMING-17#54 Critical Warning
Non-clocked sequential cell  
The clock pin u_riscv/lcpu_real.u_cpu/gen_uart.u_uart_lcpu_top/u_uart/u_uart_rx/u_uart_rx_data/mem_array_reg[14][6]/C is not reached by a timing clock
Related violations: <none>

TIMING-17#55 Critical Warning
Non-clocked sequential cell  
The clock pin u_riscv/lcpu_real.u_cpu/gen_uart.u_uart_lcpu_top/u_uart/u_uart_rx/u_uart_rx_data/mem_array_reg[14][7]/C is not reached by a timing clock
Related violations: <none>

TIMING-17#56 Critical Warning
Non-clocked sequential cell  
The clock pin u_riscv/lcpu_real.u_cpu/gen_uart.u_uart_lcpu_top/u_uart/u_uart_rx/u_uart_rx_data/mem_array_reg[15][0]/C is not reached by a timing clock
Related violations: <none>

TIMING-17#57 Critical Warning
Non-clocked sequential cell  
The clock pin u_riscv/lcpu_real.u_cpu/gen_uart.u_uart_lcpu_top/u_uart/u_uart_rx/u_uart_rx_data/mem_array_reg[15][1]/C is not reached by a timing clock
Related violations: <none>

TIMING-17#58 Critical Warning
Non-clocked sequential cell  
The clock pin u_riscv/lcpu_real.u_cpu/gen_uart.u_uart_lcpu_top/u_uart/u_uart_rx/u_uart_rx_data/mem_array_reg[15][2]/C is not reached by a timing clock
Related violations: <none>

TIMING-17#59 Critical Warning
Non-clocked sequential cell  
The clock pin u_riscv/lcpu_real.u_cpu/gen_uart.u_uart_lcpu_top/u_uart/u_uart_rx/u_uart_rx_data/mem_array_reg[15][3]/C is not reached by a timing clock
Related violations: <none>

TIMING-17#60 Critical Warning
Non-clocked sequential cell  
The clock pin u_riscv/lcpu_real.u_cpu/gen_uart.u_uart_lcpu_top/u_uart/u_uart_rx/u_uart_rx_data/mem_array_reg[15][4]/C is not reached by a timing clock
Related violations: <none>

TIMING-17#61 Critical Warning
Non-clocked sequential cell  
The clock pin u_riscv/lcpu_real.u_cpu/gen_uart.u_uart_lcpu_top/u_uart/u_uart_rx/u_uart_rx_data/mem_array_reg[15][5]/C is not reached by a timing clock
Related violations: <none>

TIMING-17#62 Critical Warning
Non-clocked sequential cell  
The clock pin u_riscv/lcpu_real.u_cpu/gen_uart.u_uart_lcpu_top/u_uart/u_uart_rx/u_uart_rx_data/mem_array_reg[15][6]/C is not reached by a timing clock
Related violations: <none>

TIMING-17#63 Critical Warning
Non-clocked sequential cell  
The clock pin u_riscv/lcpu_real.u_cpu/gen_uart.u_uart_lcpu_top/u_uart/u_uart_rx/u_uart_rx_data/mem_array_reg[15][7]/C is not reached by a timing clock
Related violations: <none>

TIMING-17#64 Critical Warning
Non-clocked sequential cell  
The clock pin u_riscv/lcpu_real.u_cpu/gen_uart.u_uart_lcpu_top/u_uart/u_uart_rx/u_uart_rx_data/mem_array_reg[1][0]/C is not reached by a timing clock
Related violations: <none>

TIMING-17#65 Critical Warning
Non-clocked sequential cell  
The clock pin u_riscv/lcpu_real.u_cpu/gen_uart.u_uart_lcpu_top/u_uart/u_uart_rx/u_uart_rx_data/mem_array_reg[1][1]/C is not reached by a timing clock
Related violations: <none>

TIMING-17#66 Critical Warning
Non-clocked sequential cell  
The clock pin u_riscv/lcpu_real.u_cpu/gen_uart.u_uart_lcpu_top/u_uart/u_uart_rx/u_uart_rx_data/mem_array_reg[1][2]/C is not reached by a timing clock
Related violations: <none>

TIMING-17#67 Critical Warning
Non-clocked sequential cell  
The clock pin u_riscv/lcpu_real.u_cpu/gen_uart.u_uart_lcpu_top/u_uart/u_uart_rx/u_uart_rx_data/mem_array_reg[1][3]/C is not reached by a timing clock
Related violations: <none>

TIMING-17#68 Critical Warning
Non-clocked sequential cell  
The clock pin u_riscv/lcpu_real.u_cpu/gen_uart.u_uart_lcpu_top/u_uart/u_uart_rx/u_uart_rx_data/mem_array_reg[1][4]/C is not reached by a timing clock
Related violations: <none>

TIMING-17#69 Critical Warning
Non-clocked sequential cell  
The clock pin u_riscv/lcpu_real.u_cpu/gen_uart.u_uart_lcpu_top/u_uart/u_uart_rx/u_uart_rx_data/mem_array_reg[1][5]/C is not reached by a timing clock
Related violations: <none>

TIMING-17#70 Critical Warning
Non-clocked sequential cell  
The clock pin u_riscv/lcpu_real.u_cpu/gen_uart.u_uart_lcpu_top/u_uart/u_uart_rx/u_uart_rx_data/mem_array_reg[1][6]/C is not reached by a timing clock
Related violations: <none>

TIMING-17#71 Critical Warning
Non-clocked sequential cell  
The clock pin u_riscv/lcpu_real.u_cpu/gen_uart.u_uart_lcpu_top/u_uart/u_uart_rx/u_uart_rx_data/mem_array_reg[1][7]/C is not reached by a timing clock
Related violations: <none>

TIMING-17#72 Critical Warning
Non-clocked sequential cell  
The clock pin u_riscv/lcpu_real.u_cpu/gen_uart.u_uart_lcpu_top/u_uart/u_uart_rx/u_uart_rx_data/mem_array_reg[2][0]/C is not reached by a timing clock
Related violations: <none>

TIMING-17#73 Critical Warning
Non-clocked sequential cell  
The clock pin u_riscv/lcpu_real.u_cpu/gen_uart.u_uart_lcpu_top/u_uart/u_uart_rx/u_uart_rx_data/mem_array_reg[2][1]/C is not reached by a timing clock
Related violations: <none>

TIMING-17#74 Critical Warning
Non-clocked sequential cell  
The clock pin u_riscv/lcpu_real.u_cpu/gen_uart.u_uart_lcpu_top/u_uart/u_uart_rx/u_uart_rx_data/mem_array_reg[2][2]/C is not reached by a timing clock
Related violations: <none>

TIMING-17#75 Critical Warning
Non-clocked sequential cell  
The clock pin u_riscv/lcpu_real.u_cpu/gen_uart.u_uart_lcpu_top/u_uart/u_uart_rx/u_uart_rx_data/mem_array_reg[2][3]/C is not reached by a timing clock
Related violations: <none>

TIMING-17#76 Critical Warning
Non-clocked sequential cell  
The clock pin u_riscv/lcpu_real.u_cpu/gen_uart.u_uart_lcpu_top/u_uart/u_uart_rx/u_uart_rx_data/mem_array_reg[2][4]/C is not reached by a timing clock
Related violations: <none>

TIMING-17#77 Critical Warning
Non-clocked sequential cell  
The clock pin u_riscv/lcpu_real.u_cpu/gen_uart.u_uart_lcpu_top/u_uart/u_uart_rx/u_uart_rx_data/mem_array_reg[2][5]/C is not reached by a timing clock
Related violations: <none>

TIMING-17#78 Critical Warning
Non-clocked sequential cell  
The clock pin u_riscv/lcpu_real.u_cpu/gen_uart.u_uart_lcpu_top/u_uart/u_uart_rx/u_uart_rx_data/mem_array_reg[2][6]/C is not reached by a timing clock
Related violations: <none>

TIMING-17#79 Critical Warning
Non-clocked sequential cell  
The clock pin u_riscv/lcpu_real.u_cpu/gen_uart.u_uart_lcpu_top/u_uart/u_uart_rx/u_uart_rx_data/mem_array_reg[2][7]/C is not reached by a timing clock
Related violations: <none>

TIMING-17#80 Critical Warning
Non-clocked sequential cell  
The clock pin u_riscv/lcpu_real.u_cpu/gen_uart.u_uart_lcpu_top/u_uart/u_uart_rx/u_uart_rx_data/mem_array_reg[3][0]/C is not reached by a timing clock
Related violations: <none>

TIMING-17#81 Critical Warning
Non-clocked sequential cell  
The clock pin u_riscv/lcpu_real.u_cpu/gen_uart.u_uart_lcpu_top/u_uart/u_uart_rx/u_uart_rx_data/mem_array_reg[3][1]/C is not reached by a timing clock
Related violations: <none>

TIMING-17#82 Critical Warning
Non-clocked sequential cell  
The clock pin u_riscv/lcpu_real.u_cpu/gen_uart.u_uart_lcpu_top/u_uart/u_uart_rx/u_uart_rx_data/mem_array_reg[3][2]/C is not reached by a timing clock
Related violations: <none>

TIMING-17#83 Critical Warning
Non-clocked sequential cell  
The clock pin u_riscv/lcpu_real.u_cpu/gen_uart.u_uart_lcpu_top/u_uart/u_uart_rx/u_uart_rx_data/mem_array_reg[3][3]/C is not reached by a timing clock
Related violations: <none>

TIMING-17#84 Critical Warning
Non-clocked sequential cell  
The clock pin u_riscv/lcpu_real.u_cpu/gen_uart.u_uart_lcpu_top/u_uart/u_uart_rx/u_uart_rx_data/mem_array_reg[3][4]/C is not reached by a timing clock
Related violations: <none>

TIMING-17#85 Critical Warning
Non-clocked sequential cell  
The clock pin u_riscv/lcpu_real.u_cpu/gen_uart.u_uart_lcpu_top/u_uart/u_uart_rx/u_uart_rx_data/mem_array_reg[3][5]/C is not reached by a timing clock
Related violations: <none>

TIMING-17#86 Critical Warning
Non-clocked sequential cell  
The clock pin u_riscv/lcpu_real.u_cpu/gen_uart.u_uart_lcpu_top/u_uart/u_uart_rx/u_uart_rx_data/mem_array_reg[3][6]/C is not reached by a timing clock
Related violations: <none>

TIMING-17#87 Critical Warning
Non-clocked sequential cell  
The clock pin u_riscv/lcpu_real.u_cpu/gen_uart.u_uart_lcpu_top/u_uart/u_uart_rx/u_uart_rx_data/mem_array_reg[3][7]/C is not reached by a timing clock
Related violations: <none>

TIMING-17#88 Critical Warning
Non-clocked sequential cell  
The clock pin u_riscv/lcpu_real.u_cpu/gen_uart.u_uart_lcpu_top/u_uart/u_uart_rx/u_uart_rx_data/mem_array_reg[4][0]/C is not reached by a timing clock
Related violations: <none>

TIMING-17#89 Critical Warning
Non-clocked sequential cell  
The clock pin u_riscv/lcpu_real.u_cpu/gen_uart.u_uart_lcpu_top/u_uart/u_uart_rx/u_uart_rx_data/mem_array_reg[4][1]/C is not reached by a timing clock
Related violations: <none>

TIMING-17#90 Critical Warning
Non-clocked sequential cell  
The clock pin u_riscv/lcpu_real.u_cpu/gen_uart.u_uart_lcpu_top/u_uart/u_uart_rx/u_uart_rx_data/mem_array_reg[4][2]/C is not reached by a timing clock
Related violations: <none>

TIMING-17#91 Critical Warning
Non-clocked sequential cell  
The clock pin u_riscv/lcpu_real.u_cpu/gen_uart.u_uart_lcpu_top/u_uart/u_uart_rx/u_uart_rx_data/mem_array_reg[4][3]/C is not reached by a timing clock
Related violations: <none>

TIMING-17#92 Critical Warning
Non-clocked sequential cell  
The clock pin u_riscv/lcpu_real.u_cpu/gen_uart.u_uart_lcpu_top/u_uart/u_uart_rx/u_uart_rx_data/mem_array_reg[4][4]/C is not reached by a timing clock
Related violations: <none>

TIMING-17#93 Critical Warning
Non-clocked sequential cell  
The clock pin u_riscv/lcpu_real.u_cpu/gen_uart.u_uart_lcpu_top/u_uart/u_uart_rx/u_uart_rx_data/mem_array_reg[4][5]/C is not reached by a timing clock
Related violations: <none>

TIMING-17#94 Critical Warning
Non-clocked sequential cell  
The clock pin u_riscv/lcpu_real.u_cpu/gen_uart.u_uart_lcpu_top/u_uart/u_uart_rx/u_uart_rx_data/mem_array_reg[4][6]/C is not reached by a timing clock
Related violations: <none>

TIMING-17#95 Critical Warning
Non-clocked sequential cell  
The clock pin u_riscv/lcpu_real.u_cpu/gen_uart.u_uart_lcpu_top/u_uart/u_uart_rx/u_uart_rx_data/mem_array_reg[4][7]/C is not reached by a timing clock
Related violations: <none>

TIMING-17#96 Critical Warning
Non-clocked sequential cell  
The clock pin u_riscv/lcpu_real.u_cpu/gen_uart.u_uart_lcpu_top/u_uart/u_uart_rx/u_uart_rx_data/mem_array_reg[5][0]/C is not reached by a timing clock
Related violations: <none>

TIMING-17#97 Critical Warning
Non-clocked sequential cell  
The clock pin u_riscv/lcpu_real.u_cpu/gen_uart.u_uart_lcpu_top/u_uart/u_uart_rx/u_uart_rx_data/mem_array_reg[5][1]/C is not reached by a timing clock
Related violations: <none>

TIMING-17#98 Critical Warning
Non-clocked sequential cell  
The clock pin u_riscv/lcpu_real.u_cpu/gen_uart.u_uart_lcpu_top/u_uart/u_uart_rx/u_uart_rx_data/mem_array_reg[5][2]/C is not reached by a timing clock
Related violations: <none>

TIMING-17#99 Critical Warning
Non-clocked sequential cell  
The clock pin u_riscv/lcpu_real.u_cpu/gen_uart.u_uart_lcpu_top/u_uart/u_uart_rx/u_uart_rx_data/mem_array_reg[5][3]/C is not reached by a timing clock
Related violations: <none>

TIMING-17#100 Critical Warning
Non-clocked sequential cell  
The clock pin u_riscv/lcpu_real.u_cpu/gen_uart.u_uart_lcpu_top/u_uart/u_uart_rx/u_uart_rx_data/mem_array_reg[5][4]/C is not reached by a timing clock
Related violations: <none>

TIMING-17#101 Critical Warning
Non-clocked sequential cell  
The clock pin u_riscv/lcpu_real.u_cpu/gen_uart.u_uart_lcpu_top/u_uart/u_uart_rx/u_uart_rx_data/mem_array_reg[5][5]/C is not reached by a timing clock
Related violations: <none>

TIMING-17#102 Critical Warning
Non-clocked sequential cell  
The clock pin u_riscv/lcpu_real.u_cpu/gen_uart.u_uart_lcpu_top/u_uart/u_uart_rx/u_uart_rx_data/mem_array_reg[5][6]/C is not reached by a timing clock
Related violations: <none>

TIMING-17#103 Critical Warning
Non-clocked sequential cell  
The clock pin u_riscv/lcpu_real.u_cpu/gen_uart.u_uart_lcpu_top/u_uart/u_uart_rx/u_uart_rx_data/mem_array_reg[5][7]/C is not reached by a timing clock
Related violations: <none>

TIMING-17#104 Critical Warning
Non-clocked sequential cell  
The clock pin u_riscv/lcpu_real.u_cpu/gen_uart.u_uart_lcpu_top/u_uart/u_uart_rx/u_uart_rx_data/mem_array_reg[6][0]/C is not reached by a timing clock
Related violations: <none>

TIMING-17#105 Critical Warning
Non-clocked sequential cell  
The clock pin u_riscv/lcpu_real.u_cpu/gen_uart.u_uart_lcpu_top/u_uart/u_uart_rx/u_uart_rx_data/mem_array_reg[6][1]/C is not reached by a timing clock
Related violations: <none>

TIMING-17#106 Critical Warning
Non-clocked sequential cell  
The clock pin u_riscv/lcpu_real.u_cpu/gen_uart.u_uart_lcpu_top/u_uart/u_uart_rx/u_uart_rx_data/mem_array_reg[6][2]/C is not reached by a timing clock
Related violations: <none>

TIMING-17#107 Critical Warning
Non-clocked sequential cell  
The clock pin u_riscv/lcpu_real.u_cpu/gen_uart.u_uart_lcpu_top/u_uart/u_uart_rx/u_uart_rx_data/mem_array_reg[6][3]/C is not reached by a timing clock
Related violations: <none>

TIMING-17#108 Critical Warning
Non-clocked sequential cell  
The clock pin u_riscv/lcpu_real.u_cpu/gen_uart.u_uart_lcpu_top/u_uart/u_uart_rx/u_uart_rx_data/mem_array_reg[6][4]/C is not reached by a timing clock
Related violations: <none>

TIMING-17#109 Critical Warning
Non-clocked sequential cell  
The clock pin u_riscv/lcpu_real.u_cpu/gen_uart.u_uart_lcpu_top/u_uart/u_uart_rx/u_uart_rx_data/mem_array_reg[6][5]/C is not reached by a timing clock
Related violations: <none>

TIMING-17#110 Critical Warning
Non-clocked sequential cell  
The clock pin u_riscv/lcpu_real.u_cpu/gen_uart.u_uart_lcpu_top/u_uart/u_uart_rx/u_uart_rx_data/mem_array_reg[6][6]/C is not reached by a timing clock
Related violations: <none>

TIMING-17#111 Critical Warning
Non-clocked sequential cell  
The clock pin u_riscv/lcpu_real.u_cpu/gen_uart.u_uart_lcpu_top/u_uart/u_uart_rx/u_uart_rx_data/mem_array_reg[6][7]/C is not reached by a timing clock
Related violations: <none>

TIMING-17#112 Critical Warning
Non-clocked sequential cell  
The clock pin u_riscv/lcpu_real.u_cpu/gen_uart.u_uart_lcpu_top/u_uart/u_uart_rx/u_uart_rx_data/mem_array_reg[7][0]/C is not reached by a timing clock
Related violations: <none>

TIMING-17#113 Critical Warning
Non-clocked sequential cell  
The clock pin u_riscv/lcpu_real.u_cpu/gen_uart.u_uart_lcpu_top/u_uart/u_uart_rx/u_uart_rx_data/mem_array_reg[7][1]/C is not reached by a timing clock
Related violations: <none>

TIMING-17#114 Critical Warning
Non-clocked sequential cell  
The clock pin u_riscv/lcpu_real.u_cpu/gen_uart.u_uart_lcpu_top/u_uart/u_uart_rx/u_uart_rx_data/mem_array_reg[7][2]/C is not reached by a timing clock
Related violations: <none>

TIMING-17#115 Critical Warning
Non-clocked sequential cell  
The clock pin u_riscv/lcpu_real.u_cpu/gen_uart.u_uart_lcpu_top/u_uart/u_uart_rx/u_uart_rx_data/mem_array_reg[7][3]/C is not reached by a timing clock
Related violations: <none>

TIMING-17#116 Critical Warning
Non-clocked sequential cell  
The clock pin u_riscv/lcpu_real.u_cpu/gen_uart.u_uart_lcpu_top/u_uart/u_uart_rx/u_uart_rx_data/mem_array_reg[7][4]/C is not reached by a timing clock
Related violations: <none>

TIMING-17#117 Critical Warning
Non-clocked sequential cell  
The clock pin u_riscv/lcpu_real.u_cpu/gen_uart.u_uart_lcpu_top/u_uart/u_uart_rx/u_uart_rx_data/mem_array_reg[7][5]/C is not reached by a timing clock
Related violations: <none>

TIMING-17#118 Critical Warning
Non-clocked sequential cell  
The clock pin u_riscv/lcpu_real.u_cpu/gen_uart.u_uart_lcpu_top/u_uart/u_uart_rx/u_uart_rx_data/mem_array_reg[7][6]/C is not reached by a timing clock
Related violations: <none>

TIMING-17#119 Critical Warning
Non-clocked sequential cell  
The clock pin u_riscv/lcpu_real.u_cpu/gen_uart.u_uart_lcpu_top/u_uart/u_uart_rx/u_uart_rx_data/mem_array_reg[7][7]/C is not reached by a timing clock
Related violations: <none>

TIMING-17#120 Critical Warning
Non-clocked sequential cell  
The clock pin u_riscv/lcpu_real.u_cpu/gen_uart.u_uart_lcpu_top/u_uart/u_uart_rx/u_uart_rx_data/mem_array_reg[8][0]/C is not reached by a timing clock
Related violations: <none>

TIMING-17#121 Critical Warning
Non-clocked sequential cell  
The clock pin u_riscv/lcpu_real.u_cpu/gen_uart.u_uart_lcpu_top/u_uart/u_uart_rx/u_uart_rx_data/mem_array_reg[8][1]/C is not reached by a timing clock
Related violations: <none>

TIMING-17#122 Critical Warning
Non-clocked sequential cell  
The clock pin u_riscv/lcpu_real.u_cpu/gen_uart.u_uart_lcpu_top/u_uart/u_uart_rx/u_uart_rx_data/mem_array_reg[8][2]/C is not reached by a timing clock
Related violations: <none>

TIMING-17#123 Critical Warning
Non-clocked sequential cell  
The clock pin u_riscv/lcpu_real.u_cpu/gen_uart.u_uart_lcpu_top/u_uart/u_uart_rx/u_uart_rx_data/mem_array_reg[8][3]/C is not reached by a timing clock
Related violations: <none>

TIMING-17#124 Critical Warning
Non-clocked sequential cell  
The clock pin u_riscv/lcpu_real.u_cpu/gen_uart.u_uart_lcpu_top/u_uart/u_uart_rx/u_uart_rx_data/mem_array_reg[8][4]/C is not reached by a timing clock
Related violations: <none>

TIMING-17#125 Critical Warning
Non-clocked sequential cell  
The clock pin u_riscv/lcpu_real.u_cpu/gen_uart.u_uart_lcpu_top/u_uart/u_uart_rx/u_uart_rx_data/mem_array_reg[8][5]/C is not reached by a timing clock
Related violations: <none>

TIMING-17#126 Critical Warning
Non-clocked sequential cell  
The clock pin u_riscv/lcpu_real.u_cpu/gen_uart.u_uart_lcpu_top/u_uart/u_uart_rx/u_uart_rx_data/mem_array_reg[8][6]/C is not reached by a timing clock
Related violations: <none>

TIMING-17#127 Critical Warning
Non-clocked sequential cell  
The clock pin u_riscv/lcpu_real.u_cpu/gen_uart.u_uart_lcpu_top/u_uart/u_uart_rx/u_uart_rx_data/mem_array_reg[8][7]/C is not reached by a timing clock
Related violations: <none>

TIMING-17#128 Critical Warning
Non-clocked sequential cell  
The clock pin u_riscv/lcpu_real.u_cpu/gen_uart.u_uart_lcpu_top/u_uart/u_uart_rx/u_uart_rx_data/mem_array_reg[9][0]/C is not reached by a timing clock
Related violations: <none>

TIMING-17#129 Critical Warning
Non-clocked sequential cell  
The clock pin u_riscv/lcpu_real.u_cpu/gen_uart.u_uart_lcpu_top/u_uart/u_uart_rx/u_uart_rx_data/mem_array_reg[9][1]/C is not reached by a timing clock
Related violations: <none>

TIMING-17#130 Critical Warning
Non-clocked sequential cell  
The clock pin u_riscv/lcpu_real.u_cpu/gen_uart.u_uart_lcpu_top/u_uart/u_uart_rx/u_uart_rx_data/mem_array_reg[9][2]/C is not reached by a timing clock
Related violations: <none>

TIMING-17#131 Critical Warning
Non-clocked sequential cell  
The clock pin u_riscv/lcpu_real.u_cpu/gen_uart.u_uart_lcpu_top/u_uart/u_uart_rx/u_uart_rx_data/mem_array_reg[9][3]/C is not reached by a timing clock
Related violations: <none>

TIMING-17#132 Critical Warning
Non-clocked sequential cell  
The clock pin u_riscv/lcpu_real.u_cpu/gen_uart.u_uart_lcpu_top/u_uart/u_uart_rx/u_uart_rx_data/mem_array_reg[9][4]/C is not reached by a timing clock
Related violations: <none>

TIMING-17#133 Critical Warning
Non-clocked sequential cell  
The clock pin u_riscv/lcpu_real.u_cpu/gen_uart.u_uart_lcpu_top/u_uart/u_uart_rx/u_uart_rx_data/mem_array_reg[9][5]/C is not reached by a timing clock
Related violations: <none>

TIMING-17#134 Critical Warning
Non-clocked sequential cell  
The clock pin u_riscv/lcpu_real.u_cpu/gen_uart.u_uart_lcpu_top/u_uart/u_uart_rx/u_uart_rx_data/mem_array_reg[9][6]/C is not reached by a timing clock
Related violations: <none>

TIMING-17#135 Critical Warning
Non-clocked sequential cell  
The clock pin u_riscv/lcpu_real.u_cpu/gen_uart.u_uart_lcpu_top/u_uart/u_uart_rx/u_uart_rx_data/mem_array_reg[9][7]/C is not reached by a timing clock
Related violations: <none>

TIMING-17#136 Critical Warning
Non-clocked sequential cell  
The clock pin u_riscv/lcpu_real.u_cpu/gen_uart.u_uart_lcpu_top/u_uart/u_uart_rx/u_uart_rx_data/out_ptr_gray1_reg[0]/C is not reached by a timing clock
Related violations: <none>

TIMING-17#137 Critical Warning
Non-clocked sequential cell  
The clock pin u_riscv/lcpu_real.u_cpu/gen_uart.u_uart_lcpu_top/u_uart/u_uart_rx/u_uart_rx_data/out_ptr_gray1_reg[1]/C is not reached by a timing clock
Related violations: <none>

TIMING-17#138 Critical Warning
Non-clocked sequential cell  
The clock pin u_riscv/lcpu_real.u_cpu/gen_uart.u_uart_lcpu_top/u_uart/u_uart_rx/u_uart_rx_data/out_ptr_gray1_reg[2]/C is not reached by a timing clock
Related violations: <none>

TIMING-17#139 Critical Warning
Non-clocked sequential cell  
The clock pin u_riscv/lcpu_real.u_cpu/gen_uart.u_uart_lcpu_top/u_uart/u_uart_rx/u_uart_rx_data/out_ptr_gray1_reg[3]/C is not reached by a timing clock
Related violations: <none>

TIMING-17#140 Critical Warning
Non-clocked sequential cell  
The clock pin u_riscv/lcpu_real.u_cpu/gen_uart.u_uart_lcpu_top/u_uart/u_uart_rx/u_uart_rx_data/out_ptr_gray2_reg[0]/C is not reached by a timing clock
Related violations: <none>

TIMING-17#141 Critical Warning
Non-clocked sequential cell  
The clock pin u_riscv/lcpu_real.u_cpu/gen_uart.u_uart_lcpu_top/u_uart/u_uart_rx/u_uart_rx_data/out_ptr_gray2_reg[1]/C is not reached by a timing clock
Related violations: <none>

TIMING-17#142 Critical Warning
Non-clocked sequential cell  
The clock pin u_riscv/lcpu_real.u_cpu/gen_uart.u_uart_lcpu_top/u_uart/u_uart_rx/u_uart_rx_data/out_ptr_gray2_reg[2]/C is not reached by a timing clock
Related violations: <none>

TIMING-17#143 Critical Warning
Non-clocked sequential cell  
The clock pin u_riscv/lcpu_real.u_cpu/gen_uart.u_uart_lcpu_top/u_uart/u_uart_rx/u_uart_rx_data/out_ptr_gray2_reg[3]/C is not reached by a timing clock
Related violations: <none>

TIMING-17#144 Critical Warning
Non-clocked sequential cell  
The clock pin u_riscv/lcpu_real.u_cpu/gen_uart.u_uart_lcpu_top/u_uart/u_uart_rx/uart_rx_cnt_reg[0]/C is not reached by a timing clock
Related violations: <none>

TIMING-17#145 Critical Warning
Non-clocked sequential cell  
The clock pin u_riscv/lcpu_real.u_cpu/gen_uart.u_uart_lcpu_top/u_uart/u_uart_rx/uart_rx_cnt_reg[1]/C is not reached by a timing clock
Related violations: <none>

TIMING-17#146 Critical Warning
Non-clocked sequential cell  
The clock pin u_riscv/lcpu_real.u_cpu/gen_uart.u_uart_lcpu_top/u_uart/u_uart_rx/uart_rx_cnt_reg[2]/C is not reached by a timing clock
Related violations: <none>

TIMING-17#147 Critical Warning
Non-clocked sequential cell  
The clock pin u_riscv/lcpu_real.u_cpu/gen_uart.u_uart_lcpu_top/u_uart/u_uart_rx/uart_rx_cnt_reg[3]/C is not reached by a timing clock
Related violations: <none>

TIMING-17#148 Critical Warning
Non-clocked sequential cell  
The clock pin u_riscv/lcpu_real.u_cpu/gen_uart.u_uart_lcpu_top/u_uart/u_uart_rx/uart_rx_cnt_reg[4]/C is not reached by a timing clock
Related violations: <none>

TIMING-17#149 Critical Warning
Non-clocked sequential cell  
The clock pin u_riscv/lcpu_real.u_cpu/gen_uart.u_uart_lcpu_top/u_uart/u_uart_rx/uart_rx_cnt_reg[5]/C is not reached by a timing clock
Related violations: <none>

TIMING-17#150 Critical Warning
Non-clocked sequential cell  
The clock pin u_riscv/lcpu_real.u_cpu/gen_uart.u_uart_lcpu_top/u_uart/u_uart_rx/uart_rx_cnt_reg[6]/C is not reached by a timing clock
Related violations: <none>

TIMING-17#151 Critical Warning
Non-clocked sequential cell  
The clock pin u_riscv/lcpu_real.u_cpu/gen_uart.u_uart_lcpu_top/u_uart/u_uart_rx/uart_rx_d0_reg/C is not reached by a timing clock
Related violations: <none>

TIMING-17#152 Critical Warning
Non-clocked sequential cell  
The clock pin u_riscv/lcpu_real.u_cpu/gen_uart.u_uart_lcpu_top/u_uart/u_uart_rx/uart_rx_wdata_reg[0]/C is not reached by a timing clock
Related violations: <none>

TIMING-17#153 Critical Warning
Non-clocked sequential cell  
The clock pin u_riscv/lcpu_real.u_cpu/gen_uart.u_uart_lcpu_top/u_uart/u_uart_rx/uart_rx_wdata_reg[1]/C is not reached by a timing clock
Related violations: <none>

TIMING-17#154 Critical Warning
Non-clocked sequential cell  
The clock pin u_riscv/lcpu_real.u_cpu/gen_uart.u_uart_lcpu_top/u_uart/u_uart_rx/uart_rx_wdata_reg[2]/C is not reached by a timing clock
Related violations: <none>

TIMING-17#155 Critical Warning
Non-clocked sequential cell  
The clock pin u_riscv/lcpu_real.u_cpu/gen_uart.u_uart_lcpu_top/u_uart/u_uart_rx/uart_rx_wdata_reg[3]/C is not reached by a timing clock
Related violations: <none>

TIMING-17#156 Critical Warning
Non-clocked sequential cell  
The clock pin u_riscv/lcpu_real.u_cpu/gen_uart.u_uart_lcpu_top/u_uart/u_uart_rx/uart_rx_wdata_reg[4]/C is not reached by a timing clock
Related violations: <none>

TIMING-17#157 Critical Warning
Non-clocked sequential cell  
The clock pin u_riscv/lcpu_real.u_cpu/gen_uart.u_uart_lcpu_top/u_uart/u_uart_rx/uart_rx_wdata_reg[5]/C is not reached by a timing clock
Related violations: <none>

TIMING-17#158 Critical Warning
Non-clocked sequential cell  
The clock pin u_riscv/lcpu_real.u_cpu/gen_uart.u_uart_lcpu_top/u_uart/u_uart_rx/uart_rx_wdata_reg[6]/C is not reached by a timing clock
Related violations: <none>

TIMING-17#159 Critical Warning
Non-clocked sequential cell  
The clock pin u_riscv/lcpu_real.u_cpu/gen_uart.u_uart_lcpu_top/u_uart/u_uart_rx/uart_rx_wdata_reg[7]/C is not reached by a timing clock
Related violations: <none>

TIMING-17#160 Critical Warning
Non-clocked sequential cell  
The clock pin u_riscv/lcpu_real.u_cpu/gen_uart.u_uart_lcpu_top/u_uart/u_uart_rx/uart_rx_wen_reg/C is not reached by a timing clock
Related violations: <none>

TIMING-17#161 Critical Warning
Non-clocked sequential cell  
The clock pin u_riscv/lcpu_real.u_cpu/gen_uart.u_uart_lcpu_top/u_uart/u_uart_rx/uart_rxing_d0_reg/C is not reached by a timing clock
Related violations: <none>

TIMING-17#162 Critical Warning
Non-clocked sequential cell  
The clock pin u_riscv/lcpu_real.u_cpu/gen_uart.u_uart_lcpu_top/u_uart/u_uart_rx/uart_rxing_d_reg[0]/C is not reached by a timing clock
Related violations: <none>

TIMING-17#163 Critical Warning
Non-clocked sequential cell  
The clock pin u_riscv/lcpu_real.u_cpu/gen_uart.u_uart_lcpu_top/u_uart/u_uart_rx/uart_rxing_d_reg[1]/C is not reached by a timing clock
Related violations: <none>

TIMING-17#164 Critical Warning
Non-clocked sequential cell  
The clock pin u_riscv/lcpu_real.u_cpu/gen_uart.u_uart_lcpu_top/u_uart/u_uart_rx/uart_rxing_d_reg[2]/C is not reached by a timing clock
Related violations: <none>

TIMING-17#165 Critical Warning
Non-clocked sequential cell  
The clock pin u_riscv/lcpu_real.u_cpu/gen_uart.u_uart_lcpu_top/u_uart/u_uart_rx/uart_rxing_d_reg[3]/C is not reached by a timing clock
Related violations: <none>

TIMING-17#166 Critical Warning
Non-clocked sequential cell  
The clock pin u_riscv/lcpu_real.u_cpu/gen_uart.u_uart_lcpu_top/u_uart/u_uart_rx/uart_rxing_d_reg[4]/C is not reached by a timing clock
Related violations: <none>

TIMING-17#167 Critical Warning
Non-clocked sequential cell  
The clock pin u_riscv/lcpu_real.u_cpu/gen_uart.u_uart_lcpu_top/u_uart/u_uart_rx/uart_rxing_d_reg[5]/C is not reached by a timing clock
Related violations: <none>

TIMING-17#168 Critical Warning
Non-clocked sequential cell  
The clock pin u_riscv/lcpu_real.u_cpu/gen_uart.u_uart_lcpu_top/u_uart/u_uart_rx/uart_rxing_d_reg[6]/C is not reached by a timing clock
Related violations: <none>

TIMING-17#169 Critical Warning
Non-clocked sequential cell  
The clock pin u_riscv/lcpu_real.u_cpu/gen_uart.u_uart_lcpu_top/u_uart/u_uart_rx/uart_rxing_d_reg[7]/C is not reached by a timing clock
Related violations: <none>

TIMING-17#170 Critical Warning
Non-clocked sequential cell  
The clock pin u_riscv/lcpu_real.u_cpu/gen_uart.u_uart_lcpu_top/u_uart/u_uart_rx/uart_rxing_reg/C is not reached by a timing clock
Related violations: <none>

TIMING-17#171 Critical Warning
Non-clocked sequential cell  
The clock pin u_riscv/lcpu_real.u_cpu/gen_uart.u_uart_lcpu_top/u_uart/u_uart_tx/u_uart_tx_data/in_ptr_gray1_reg[0]/C is not reached by a timing clock
Related violations: <none>

TIMING-17#172 Critical Warning
Non-clocked sequential cell  
The clock pin u_riscv/lcpu_real.u_cpu/gen_uart.u_uart_lcpu_top/u_uart/u_uart_tx/u_uart_tx_data/in_ptr_gray1_reg[1]/C is not reached by a timing clock
Related violations: <none>

TIMING-17#173 Critical Warning
Non-clocked sequential cell  
The clock pin u_riscv/lcpu_real.u_cpu/gen_uart.u_uart_lcpu_top/u_uart/u_uart_tx/u_uart_tx_data/in_ptr_gray1_reg[2]/C is not reached by a timing clock
Related violations: <none>

TIMING-17#174 Critical Warning
Non-clocked sequential cell  
The clock pin u_riscv/lcpu_real.u_cpu/gen_uart.u_uart_lcpu_top/u_uart/u_uart_tx/u_uart_tx_data/in_ptr_gray1_reg[3]/C is not reached by a timing clock
Related violations: <none>

TIMING-17#175 Critical Warning
Non-clocked sequential cell  
The clock pin u_riscv/lcpu_real.u_cpu/gen_uart.u_uart_lcpu_top/u_uart/u_uart_tx/u_uart_tx_data/in_ptr_gray2_reg[0]/C is not reached by a timing clock
Related violations: <none>

TIMING-17#176 Critical Warning
Non-clocked sequential cell  
The clock pin u_riscv/lcpu_real.u_cpu/gen_uart.u_uart_lcpu_top/u_uart/u_uart_tx/u_uart_tx_data/in_ptr_gray2_reg[1]/C is not reached by a timing clock
Related violations: <none>

TIMING-17#177 Critical Warning
Non-clocked sequential cell  
The clock pin u_riscv/lcpu_real.u_cpu/gen_uart.u_uart_lcpu_top/u_uart/u_uart_tx/u_uart_tx_data/in_ptr_gray2_reg[2]/C is not reached by a timing clock
Related violations: <none>

TIMING-17#178 Critical Warning
Non-clocked sequential cell  
The clock pin u_riscv/lcpu_real.u_cpu/gen_uart.u_uart_lcpu_top/u_uart/u_uart_tx/u_uart_tx_data/in_ptr_gray2_reg[3]/C is not reached by a timing clock
Related violations: <none>

TIMING-17#179 Critical Warning
Non-clocked sequential cell  
The clock pin u_riscv/lcpu_real.u_cpu/gen_uart.u_uart_lcpu_top/u_uart/u_uart_tx/u_uart_tx_data/out_ptr_gray_reg[0]/C is not reached by a timing clock
Related violations: <none>

TIMING-17#180 Critical Warning
Non-clocked sequential cell  
The clock pin u_riscv/lcpu_real.u_cpu/gen_uart.u_uart_lcpu_top/u_uart/u_uart_tx/u_uart_tx_data/out_ptr_gray_reg[1]/C is not reached by a timing clock
Related violations: <none>

TIMING-17#181 Critical Warning
Non-clocked sequential cell  
The clock pin u_riscv/lcpu_real.u_cpu/gen_uart.u_uart_lcpu_top/u_uart/u_uart_tx/u_uart_tx_data/out_ptr_gray_reg[2]/C is not reached by a timing clock
Related violations: <none>

TIMING-17#182 Critical Warning
Non-clocked sequential cell  
The clock pin u_riscv/lcpu_real.u_cpu/gen_uart.u_uart_lcpu_top/u_uart/u_uart_tx/u_uart_tx_data/out_ptr_reg[0]/C is not reached by a timing clock
Related violations: <none>

TIMING-17#183 Critical Warning
Non-clocked sequential cell  
The clock pin u_riscv/lcpu_real.u_cpu/gen_uart.u_uart_lcpu_top/u_uart/u_uart_tx/u_uart_tx_data/out_ptr_reg[1]/C is not reached by a timing clock
Related violations: <none>

TIMING-17#184 Critical Warning
Non-clocked sequential cell  
The clock pin u_riscv/lcpu_real.u_cpu/gen_uart.u_uart_lcpu_top/u_uart/u_uart_tx/u_uart_tx_data/out_ptr_reg[2]/C is not reached by a timing clock
Related violations: <none>

TIMING-17#185 Critical Warning
Non-clocked sequential cell  
The clock pin u_riscv/lcpu_real.u_cpu/gen_uart.u_uart_lcpu_top/u_uart/u_uart_tx/u_uart_tx_data/out_ptr_reg[3]/C is not reached by a timing clock
Related violations: <none>

TIMING-17#186 Critical Warning
Non-clocked sequential cell  
The clock pin u_riscv/lcpu_real.u_cpu/gen_uart.u_uart_lcpu_top/u_uart/u_uart_tx/u_uart_tx_data/read_addr_reg[0]/C is not reached by a timing clock
Related violations: <none>

TIMING-17#187 Critical Warning
Non-clocked sequential cell  
The clock pin u_riscv/lcpu_real.u_cpu/gen_uart.u_uart_lcpu_top/u_uart/u_uart_tx/u_uart_tx_data/read_addr_reg[1]/C is not reached by a timing clock
Related violations: <none>

TIMING-17#188 Critical Warning
Non-clocked sequential cell  
The clock pin u_riscv/lcpu_real.u_cpu/gen_uart.u_uart_lcpu_top/u_uart/u_uart_tx/u_uart_tx_data/read_addr_reg[2]/C is not reached by a timing clock
Related violations: <none>

TIMING-17#189 Critical Warning
Non-clocked sequential cell  
The clock pin u_riscv/lcpu_real.u_cpu/gen_uart.u_uart_lcpu_top/u_uart/u_uart_tx/u_uart_tx_data/read_addr_reg[3]/C is not reached by a timing clock
Related violations: <none>

TIMING-17#190 Critical Warning
Non-clocked sequential cell  
The clock pin u_riscv/lcpu_real.u_cpu/gen_uart.u_uart_lcpu_top/u_uart/u_uart_tx/uart_tx_cnt_reg[0]/C is not reached by a timing clock
Related violations: <none>

TIMING-17#191 Critical Warning
Non-clocked sequential cell  
The clock pin u_riscv/lcpu_real.u_cpu/gen_uart.u_uart_lcpu_top/u_uart/u_uart_tx/uart_tx_cnt_reg[1]/C is not reached by a timing clock
Related violations: <none>

TIMING-17#192 Critical Warning
Non-clocked sequential cell  
The clock pin u_riscv/lcpu_real.u_cpu/gen_uart.u_uart_lcpu_top/u_uart/u_uart_tx/uart_tx_cnt_reg[2]/C is not reached by a timing clock
Related violations: <none>

TIMING-17#193 Critical Warning
Non-clocked sequential cell  
The clock pin u_riscv/lcpu_real.u_cpu/gen_uart.u_uart_lcpu_top/u_uart/u_uart_tx/uart_tx_cnt_reg[3]/C is not reached by a timing clock
Related violations: <none>

TIMING-17#194 Critical Warning
Non-clocked sequential cell  
The clock pin u_riscv/lcpu_real.u_cpu/gen_uart.u_uart_lcpu_top/u_uart/u_uart_tx/uart_tx_rdata_r_reg[0]/C is not reached by a timing clock
Related violations: <none>

TIMING-17#195 Critical Warning
Non-clocked sequential cell  
The clock pin u_riscv/lcpu_real.u_cpu/gen_uart.u_uart_lcpu_top/u_uart/u_uart_tx/uart_tx_rdata_r_reg[1]/C is not reached by a timing clock
Related violations: <none>

TIMING-17#196 Critical Warning
Non-clocked sequential cell  
The clock pin u_riscv/lcpu_real.u_cpu/gen_uart.u_uart_lcpu_top/u_uart/u_uart_tx/uart_tx_rdata_r_reg[2]/C is not reached by a timing clock
Related violations: <none>

TIMING-17#197 Critical Warning
Non-clocked sequential cell  
The clock pin u_riscv/lcpu_real.u_cpu/gen_uart.u_uart_lcpu_top/u_uart/u_uart_tx/uart_tx_rdata_r_reg[3]/C is not reached by a timing clock
Related violations: <none>

TIMING-17#198 Critical Warning
Non-clocked sequential cell  
The clock pin u_riscv/lcpu_real.u_cpu/gen_uart.u_uart_lcpu_top/u_uart/u_uart_tx/uart_tx_rdata_r_reg[4]/C is not reached by a timing clock
Related violations: <none>

TIMING-17#199 Critical Warning
Non-clocked sequential cell  
The clock pin u_riscv/lcpu_real.u_cpu/gen_uart.u_uart_lcpu_top/u_uart/u_uart_tx/uart_tx_rdata_r_reg[5]/C is not reached by a timing clock
Related violations: <none>

TIMING-17#200 Critical Warning
Non-clocked sequential cell  
The clock pin u_riscv/lcpu_real.u_cpu/gen_uart.u_uart_lcpu_top/u_uart/u_uart_tx/uart_tx_rdata_r_reg[6]/C is not reached by a timing clock
Related violations: <none>

TIMING-17#201 Critical Warning
Non-clocked sequential cell  
The clock pin u_riscv/lcpu_real.u_cpu/gen_uart.u_uart_lcpu_top/u_uart/u_uart_tx/uart_tx_reg/C is not reached by a timing clock
Related violations: <none>

TIMING-17#202 Critical Warning
Non-clocked sequential cell  
The clock pin u_riscv/lcpu_real.u_cpu/gen_uart.u_uart_lcpu_top/u_uart/u_uart_tx/uart_tx_ren_d0_reg/C is not reached by a timing clock
Related violations: <none>

TIMING-17#203 Critical Warning
Non-clocked sequential cell  
The clock pin u_riscv/lcpu_real.u_cpu/gen_uart.u_uart_lcpu_top/u_uart/u_uart_tx/uart_tx_ren_reg/C is not reached by a timing clock
Related violations: <none>

TIMING-17#204 Critical Warning
Non-clocked sequential cell  
The clock pin u_riscv/lcpu_real.u_cpu/gen_uart.u_uart_lcpu_top/u_uart/u_uart_tx/uart_txing_reg/C is not reached by a timing clock
Related violations: <none>

LUTAR-1#1 Warning
LUT drives async reset alert  
LUT cell clk_real.u_pll/gen_txd_oddr[0].u_txd_oddr_i_1, with 2 or more inputs, drives asynchronous preset/clear pin(s) phy_rst_cnt_reg[16]/CLR, phy_rst_cnt_reg[17]/CLR, phy_rst_cnt_reg[18]/CLR,
phy_rst_cnt_reg[19]/CLR, phy_rst_cnt_reg[1]/CLR, phy_rst_cnt_reg[20]/CLR,
phy_rst_cnt_reg[2]/CLR, phy_rst_cnt_reg[3]/CLR, phy_rst_cnt_reg[4]/CLR,
phy_rst_cnt_reg[5]/CLR, phy_rst_cnt_reg[6]/CLR, phy_rst_cnt_reg[7]/CLR,
phy_rst_cnt_reg[8]/CLR, phy_rst_cnt_reg[9]/CLR, phy_rst_n_r_reg/CLR
 (the first 15 of 589 listed). The LUT may glitch and trigger an unexpected reset, even if it is a properly timed path.
Related violations: <none>

TIMING-9#1 Warning
Unknown CDC Logic  
One or more asynchronous Clock Domain Crossing has been detected between 2 clock domains through a set_false_path or a set_clock_groups or set_max_delay -datapath_only constraint but no double-registers logic synchronizer has been found on the side of the capture clock. It is recommended to run report_cdc for a complete and detailed CDC coverage. Please consider using XPM_CDC to avoid Critical severities
Related violations: <none>

TIMING-10#1 Warning
Missing property on synchronizer  
One or more logic synchronizer has been detected between 2 clock domains but the synchronizer does not have the property ASYNC_REG defined on one or both registers. It is recommended to run report_cdc for a complete and detailed CDC coverage
Related violations: <none>

TIMING-18#1 Warning
Missing input or output delay  
An input delay is missing on reset_l relative to the rising and/or falling clock edge(s) of clk_50m_in, rgmii_rxc.
Related violations: <none>

TIMING-18#2 Warning
Missing input or output delay  
An input delay is missing on rgmii_rx_ctl relative to the rising and/or falling clock edge(s) of rgmii_rxc.
Related violations: <none>

TIMING-18#3 Warning
Missing input or output delay  
An input delay is missing on rgmii_rxd[0] relative to the rising and/or falling clock edge(s) of rgmii_rxc.
Related violations: <none>

TIMING-18#4 Warning
Missing input or output delay  
An input delay is missing on rgmii_rxd[1] relative to the rising and/or falling clock edge(s) of rgmii_rxc.
Related violations: <none>

TIMING-18#5 Warning
Missing input or output delay  
An input delay is missing on rgmii_rxd[2] relative to the rising and/or falling clock edge(s) of rgmii_rxc.
Related violations: <none>

TIMING-18#6 Warning
Missing input or output delay  
An input delay is missing on rgmii_rxd[3] relative to the rising and/or falling clock edge(s) of rgmii_rxc.
Related violations: <none>

TIMING-18#7 Warning
Missing input or output delay  
An output delay is missing on led_o[0] relative to the rising and/or falling clock edge(s) of clk_50m_in.
Related violations: <none>

TIMING-18#8 Warning
Missing input or output delay  
An output delay is missing on led_o[1] relative to the rising and/or falling clock edge(s) of clk_50m_in.
Related violations: <none>

TIMING-18#9 Warning
Missing input or output delay  
An output delay is missing on led_o[2] relative to the rising and/or falling clock edge(s) of clk_50m_in.
Related violations: <none>

TIMING-18#10 Warning
Missing input or output delay  
An output delay is missing on led_o[3] relative to the rising and/or falling clock edge(s) of clk_50m_in.
Related violations: <none>

TIMING-28#1 Warning
Auto-derived clock referenced by a timing constraint  
The auto-derived clock clk_125m_tx_unbuf is referenced by name inside timing constraint (see constraint position 3 in the Timing Constraint window in Vivado IDE). It is recommended to reference an auto-derived clock by the pin name attached to the clock: get_clocks -of_objects [get_pins clk_real.u_pll/u_mmcm/CLKOUT2]
Related violations: <none>

TIMING-28#2 Warning
Auto-derived clock referenced by a timing constraint  
The auto-derived clock clk_125m_tx_unbuf is referenced by name inside timing constraint (see constraint position 4 in the Timing Constraint window in Vivado IDE). It is recommended to reference an auto-derived clock by the pin name attached to the clock: get_clocks -of_objects [get_pins clk_real.u_pll/u_mmcm/CLKOUT2]
Related violations: <none>

TIMING-28#3 Warning
Auto-derived clock referenced by a timing constraint  
The auto-derived clock clk_125m_unbuf is referenced by name inside timing constraint (see constraint position 3 in the Timing Constraint window in Vivado IDE). It is recommended to reference an auto-derived clock by the pin name attached to the clock: get_clocks -of_objects [get_pins clk_real.u_pll/u_mmcm/CLKOUT0]
Related violations: <none>

TIMING-28#4 Warning
Auto-derived clock referenced by a timing constraint  
The auto-derived clock clk_125m_unbuf is referenced by name inside timing constraint (see constraint position 4 in the Timing Constraint window in Vivado IDE). It is recommended to reference an auto-derived clock by the pin name attached to the clock: get_clocks -of_objects [get_pins clk_real.u_pll/u_mmcm/CLKOUT0]
Related violations: <none>

TIMING-28#5 Warning
Auto-derived clock referenced by a timing constraint  
The auto-derived clock clk_200m_unbuf is referenced by name inside timing constraint (see constraint position 3 in the Timing Constraint window in Vivado IDE). It is recommended to reference an auto-derived clock by the pin name attached to the clock: get_clocks -of_objects [get_pins clk_real.u_pll/u_mmcm/CLKOUT1]
Related violations: <none>

TIMING-28#6 Warning
Auto-derived clock referenced by a timing constraint  
The auto-derived clock clk_200m_unbuf is referenced by name inside timing constraint (see constraint position 4 in the Timing Constraint window in Vivado IDE). It is recommended to reference an auto-derived clock by the pin name attached to the clock: get_clocks -of_objects [get_pins clk_real.u_pll/u_mmcm/CLKOUT1]
Related violations: <none>

TIMING-28#7 Warning
Auto-derived clock referenced by a timing constraint  
The auto-derived clock clk_50m_cpu_unbuf is referenced by name inside timing constraint (see constraint position 3 in the Timing Constraint window in Vivado IDE). It is recommended to reference an auto-derived clock by the pin name attached to the clock: get_clocks -of_objects [get_pins clk_real.u_pll/u_mmcm/CLKOUT3]
Related violations: <none>

TIMING-28#8 Warning
Auto-derived clock referenced by a timing constraint  
The auto-derived clock clk_50m_cpu_unbuf is referenced by name inside timing constraint (see constraint position 4 in the Timing Constraint window in Vivado IDE). It is recommended to reference an auto-derived clock by the pin name attached to the clock: get_clocks -of_objects [get_pins clk_real.u_pll/u_mmcm/CLKOUT3]
Related violations: <none>

TIMING-28#9 Warning
Auto-derived clock referenced by a timing constraint  
The auto-derived clock clk_fb is referenced by name inside timing constraint (see constraint position 3 in the Timing Constraint window in Vivado IDE). It is recommended to reference an auto-derived clock by the pin name attached to the clock: get_clocks -of_objects [get_pins clk_real.u_pll/u_mmcm/CLKFBOUT]
Related violations: <none>

TIMING-28#10 Warning
Auto-derived clock referenced by a timing constraint  
The auto-derived clock clk_fb is referenced by name inside timing constraint (see constraint position 4 in the Timing Constraint window in Vivado IDE). It is recommended to reference an auto-derived clock by the pin name attached to the clock: get_clocks -of_objects [get_pins clk_real.u_pll/u_mmcm/CLKFBOUT]
Related violations: <none>

TIMING-47#1 Warning
False path, asynchronous clock group or max delay datapath only constraint between synchronous clocks  
A Clock Group timing constraint is set between synchronous clocks clk_125m_unbuf and clk_125m_tx_unbuf (see constraint position 5 in the Timing Constraint window in Vivado IDE). Masking entire synchronous clock domains via  set_false_path, set_clock_groups or set_max_delay -datapath_only may result in failure in hardware.
Related violations: <none>

TIMING-47#2 Warning
False path, asynchronous clock group or max delay datapath only constraint between synchronous clocks  
A False Path timing constraint is set between synchronous clocks rgmii_rxc and rgmii_rxc (see constraint position 3 in the Timing Constraint window in Vivado IDE). Masking entire synchronous clock domains via  set_false_path, set_clock_groups or set_max_delay -datapath_only may result in failure in hardware.
Related violations: <none>

TIMING-47#3 Warning
False path, asynchronous clock group or max delay datapath only constraint between synchronous clocks  
A False Path timing constraint is set between synchronous clocks rgmii_rxc and rgmii_rxc (see constraint position 4 in the Timing Constraint window in Vivado IDE). Masking entire synchronous clock domains via  set_false_path, set_clock_groups or set_max_delay -datapath_only may result in failure in hardware.
Related violations: <none>


