Copyright 1986-2022 Xilinx, Inc. All Rights Reserved. Copyright 2022-2024 Advanced Micro Devices, Inc. All Rights Reserved.
-------------------------------------------------------------------------------------------------------------------------------------------------------------------------
| Tool Version     : Vivado v.2024.1 (lin64) Build 5076996 Wed May 22 18:36:09 MDT 2024
| Date             : Tue Jul 28 09:12:23 2026
| Host             : haitaoz-pc running 64-bit Ubuntu 26.04 LTS
| Command          : report_power -file webserver_cpu_top_power_routed.rpt -pb webserver_cpu_top_power_summary_routed.pb -rpx webserver_cpu_top_power_routed.rpx
| Design           : webserver_cpu_top
| Device           : xc7a35tfgg484-2
| Design State     : routed
| Grade            : commercial
| Process          : typical
| Characterization : Production
-------------------------------------------------------------------------------------------------------------------------------------------------------------------------

Power Report

Table of Contents
-----------------
1. Summary
1.1 On-Chip Components
1.2 Power Supply Summary
1.3 Confidence Level
2. Settings
2.1 Environment
2.2 Clock Constraints
3. Detailed Reports
3.1 By Hierarchy

1. Summary
----------

+--------------------------+--------------+
| Total On-Chip Power (W)  | 0.381        |
| Design Power Budget (W)  | Unspecified* |
| Power Budget Margin (W)  | NA           |
| Dynamic (W)              | 0.309        |
| Device Static (W)        | 0.073        |
| Effective TJA (C/W)      | 2.8          |
| Max Ambient (C)          | 83.9         |
| Junction Temperature (C) | 26.1         |
| Confidence Level         | Low          |
| Setting File             | ---          |
| Simulation Activity File | ---          |
| Design Nets Matched      | NA           |
+--------------------------+--------------+
* Specify Design Power Budget using, set_operating_conditions -design_power_budget <value in Watts>


1.1 On-Chip Components
----------------------

+--------------------------+-----------+----------+-----------+-----------------+
| On-Chip                  | Power (W) | Used     | Available | Utilization (%) |
+--------------------------+-----------+----------+-----------+-----------------+
| Clocks                   |     0.013 |        9 |       --- |             --- |
| Slice Logic              |     0.011 |     9873 |       --- |             --- |
|   LUT as Logic           |     0.010 |     3553 |     20800 |           17.08 |
|   CARRY4                 |    <0.001 |      190 |      8150 |            2.33 |
|   Register               |    <0.001 |     5160 |     41600 |           12.40 |
|   LUT as Distributed RAM |    <0.001 |       16 |      9600 |            0.17 |
|   F7/F8 Muxes            |    <0.001 |      359 |     32600 |            1.10 |
|   BUFG                   |    <0.001 |        2 |        32 |            6.25 |
|   LUT as Shift Register  |    <0.001 |        4 |      9600 |            0.04 |
|   Others                 |     0.000 |       98 |       --- |             --- |
| Signals                  |     0.012 |     8270 |       --- |             --- |
| Block RAM                |     0.015 |     10.5 |        50 |           21.00 |
| MMCM                     |     0.107 |        1 |         5 |           20.00 |
| I/O                      |     0.151 |       22 |       250 |            8.80 |
| Static Power             |     0.073 |          |           |                 |
| Total                    |     0.381 |          |           |                 |
+--------------------------+-----------+----------+-----------+-----------------+


1.2 Power Supply Summary
------------------------

+-----------+-------------+-----------+-------------+------------+-------------+-------------+------------+
| Source    | Voltage (V) | Total (A) | Dynamic (A) | Static (A) | Powerup (A) | Budget (A)  | Margin (A) |
+-----------+-------------+-----------+-------------+------------+-------------+-------------+------------+
| Vccint    |       1.000 |     0.062 |       0.052 |      0.010 |       NA    | Unspecified | NA         |
| Vccaux    |       1.800 |     0.087 |       0.074 |      0.013 |       NA    | Unspecified | NA         |
| Vcco33    |       3.300 |     0.038 |       0.037 |      0.001 |       NA    | Unspecified | NA         |
| Vcco25    |       2.500 |     0.000 |       0.000 |      0.000 |       NA    | Unspecified | NA         |
| Vcco18    |       1.800 |     0.000 |       0.000 |      0.000 |       NA    | Unspecified | NA         |
| Vcco15    |       1.500 |     0.000 |       0.000 |      0.000 |       NA    | Unspecified | NA         |
| Vcco135   |       1.350 |     0.000 |       0.000 |      0.000 |       NA    | Unspecified | NA         |
| Vcco12    |       1.200 |     0.000 |       0.000 |      0.000 |       NA    | Unspecified | NA         |
| Vccaux_io |       1.800 |     0.000 |       0.000 |      0.000 |       NA    | Unspecified | NA         |
| Vccbram   |       1.000 |     0.002 |       0.001 |      0.000 |       NA    | Unspecified | NA         |
| MGTAVcc   |       1.000 |     0.000 |       0.000 |      0.000 |       NA    | Unspecified | NA         |
| MGTAVtt   |       1.200 |     0.000 |       0.000 |      0.000 |       NA    | Unspecified | NA         |
| Vccadc    |       1.800 |     0.020 |       0.000 |      0.020 |       NA    | Unspecified | NA         |
+-----------+-------------+-----------+-------------+------------+-------------+-------------+------------+


1.3 Confidence Level
--------------------

+-----------------------------+------------+--------------------------------------------------------+------------------------------------------------------------------------------------------------------------+
| User Input Data             | Confidence | Details                                                | Action                                                                                                     |
+-----------------------------+------------+--------------------------------------------------------+------------------------------------------------------------------------------------------------------------+
| Design implementation state | High       | Design is routed                                       |                                                                                                            |
| Clock nodes activity        | High       | User specified more than 95% of clocks                 |                                                                                                            |
| I/O nodes activity          | Low        | More than 75% of inputs are missing user specification | Provide missing input activity with simulation results or by editing the "By Resource Type -> I/Os" view   |
| Internal nodes activity     | Medium     | User specified less than 25% of internal nodes         | Provide missing internal nodes activity with simulation results or by editing the "By Resource Type" views |
| Device models               | High       | Device models are Production                           |                                                                                                            |
|                             |            |                                                        |                                                                                                            |
| Overall confidence level    | Low        |                                                        |                                                                                                            |
+-----------------------------+------------+--------------------------------------------------------+------------------------------------------------------------------------------------------------------------+


2. Settings
-----------

2.1 Environment
---------------

+-----------------------+--------------------------+
| Ambient Temp (C)      | 25.0                     |
| ThetaJA (C/W)         | 2.8                      |
| Airflow (LFM)         | 250                      |
| Heat Sink             | medium (Medium Profile)  |
| ThetaSA (C/W)         | 4.6                      |
| Board Selection       | medium (10"x10")         |
| # of Board Layers     | 12to15 (12 to 15 Layers) |
| Board Temperature (C) | 25.0                     |
+-----------------------+--------------------------+


2.2 Clock Constraints
---------------------

+-------------------+----------------------------------+-----------------+
| Clock             | Domain                           | Constraint (ns) |
+-------------------+----------------------------------+-----------------+
| clk_125m_tx_unbuf | clk_real.u_pll/clk_125m_tx_unbuf |             8.0 |
| clk_125m_unbuf    | clk_real.u_pll/clk_125m_unbuf    |             8.0 |
| clk_200m_unbuf    | clk_real.u_pll/clk_200m_unbuf    |             5.0 |
| clk_50m_cpu_unbuf | clk_real.u_pll/clk_50m_cpu_unbuf |            20.0 |
| clk_50m_in        | clk_50m_in                       |            20.0 |
| clk_fb            | clk_real.u_pll/clk_fb            |            20.0 |
| rgmii_rxc         | rgmii_rxc                        |             8.0 |
+-------------------+----------------------------------+-----------------+


3. Detailed Reports
-------------------

3.1 By Hierarchy
----------------

+--------------------------------------------------+-----------+
| Name                                             | Power (W) |
+--------------------------------------------------+-----------+
| webserver_cpu_top                                |     0.309 |
|   clk_real.u_pll                                 |     0.107 |
|   u_bridge                                       |     0.021 |
|     u_rx                                         |     0.020 |
|     u_tx                                         |     0.001 |
|   u_cpu_channel                                  |     0.013 |
|     u_package_fifo_cpu_rd                        |     0.006 |
|       none_blk_mode.data_ram_dual.u_data_ram     |     0.001 |
|       none_blk_mode.nb_dual_clk_cdc.u_para_fifo  |     0.001 |
|       none_blk_mode.nb_rptr_cdc.u_para_fifo_wclk |     0.003 |
|     u_package_fifo_cpu_wr                        |     0.006 |
|       none_blk_mode.data_ram_dual.u_data_ram     |     0.003 |
|   u_gmii2mac                                     |     0.009 |
|     u_eth_presemble                              |     0.001 |
|     u_mac_top                                    |     0.004 |
|       u_mac_tx                                   |     0.004 |
|     u_rx_asyncfifo                               |     0.003 |
|   u_reg                                          |     0.001 |
|   u_riscv                                        |     0.026 |
|     lcpu_real.u_cpu                              |     0.005 |
|       gen_uart.u_uart_lcpu_top                   |     0.005 |
|     riscv_cpu_generation.u_riscv_cpu             |     0.020 |
|       u_RiscV32_LocalBus                         |     0.007 |
|       u_instru_ram                               |     0.013 |
+--------------------------------------------------+-----------+


